{
  "aggregate": {
    "final_pool_candidates": 0,
    "final_pools_built": 7485008,
    "pair_candidates": 314099046,
    "pair_pools_built": 965872,
    "roots_examined": 965872,
    "triple_candidates": 7485008,
    "triple_pools_built": 314099046
  },
  "anchor_hex": "00510118041008880c010a120006060",
  "candidate_count": 965872,
  "catalogue": "/data/home/ahw807/Q10_HPC_HANDOFF_PACKAGE/runs/rep41_catalogue/all_masks.hex",
  "catalogue_recorded_path": "/data/home/ahw807/Q10_HPC_HANDOFF_PACKAGE/runs/rep41_catalogue/all_masks.hex",
  "catalogue_sha256": "f9ae69d67fd7bf839e34db0710073ba0f2f6146288072647552aabf8bbdf0fe5",
  "claim_boundary": "catalogue completeness must be established by its separate exhaustive enumeration audit",
  "exit_code_histogram": {
    "20": 55
  },
  "join_binary_recorded_path": "/tmp/q10-rep41-26188945/capset_join",
  "join_binary_sha256": "2247456f9f199952d236d87f6ec80ec5f30cecbde9f7c11119a96304f2e4f52d",
  "mathematical_status": "UNSAT_RELATIVE_TO_COMPLETE_CAP_CATALOGUE",
  "maximum_shard_search_seconds": 83.5211,
  "resources": {
    "makespan_seconds_runmeta_to_last_stdout_mtime": 121.58225059509277,
    "maximum_resident_set_size_bytes": 823242752,
    "measurement_note": "resource sums are over 55 BSD /usr/bin/time -l shard records; makespan is filesystem-mtime derived and operational, not proof evidence",
    "sum_external_real_seconds": 1831.4999999999998,
    "sum_external_system_seconds": 5.6800000000000015,
    "sum_external_user_seconds": 1767.6499999999996
  },
  "run_metadata_sha256": "2a7e4c26854ae2baad9d2f846b6e330c08e3962942932cffdb69122e365f5e74",
  "shard_ledger": [
    {
      "exit_code": 20,
      "exit_file_sha256": "5378796307535df3ec8d8b15a2e2dc5641419c3d3060cfe32238c0fa973f7aa3",
      "external_real_seconds": 30.24,
      "external_system_seconds": 0.11,
      "external_user_seconds": 29.87,
      "final_pool_candidates": 0,
      "maximum_resident_set_size_bytes": 816431104,
      "pair_candidates": 3414548,
      "resource_log_sha256": "746a2a6704cf5f7ac6dd631e86d98277fcf8225342bceb9ed664b328bc32a249",
      "root_row_pair": 0,
      "roots_examined": 3325,
      "search_seconds": 24.2839,
      "status": "COMPLETE_NO_WITNESS",
      "stdout_sha256": "61882b301daf3ce8f81cfb1eb973af2d91b2a3e0d07d55da30e5bd565e6c94dc",
      "triple_candidates": 195212,
      "witness_sha256": null
    },
    {
      "exit_code": 20,
      "exit_file_sha256": "5378796307535df3ec8d8b15a2e2dc5641419c3d3060cfe32238c0fa973f7aa3",
      "external_real_seconds": 38.5,
      "external_system_seconds": 0.1,
      "external_user_seconds": 38.09,
      "final_pool_candidates": 0,
      "maximum_resident_set_size_bytes": 819441664,
      "pair_candidates": 5124075,
      "resource_log_sha256": "2d2e380b57d56e9a025e627f6b45dabd89381d1132324c6c478ab7f67523951c",
      "root_row_pair": 1,
      "roots_examined": 5793,
      "search_seconds": 33.2377,
      "status": "COMPLETE_NO_WITNESS",
      "stdout_sha256": "d31bfd4934db08f70e025660d4e241e44e821042862e8836952d437447ea87ce",
      "triple_candidates": 232129,
      "witness_sha256": null
    },
    {
      "exit_code": 20,
      "exit_file_sha256": "5378796307535df3ec8d8b15a2e2dc5641419c3d3060cfe32238c0fa973f7aa3",
      "external_real_seconds": 48.62,
      "external_system_seconds": 0.1,
      "external_user_seconds": 48.12,
      "final_pool_candidates": 0,
      "maximum_resident_set_size_bytes": 822755328,
      "pair_candidates": 6864332,
      "resource_log_sha256": "6c72978292856894ba1009558fece6c83ad6537dc9e508ebfe2b0110a9570006",
      "root_row_pair": 2,
      "roots_examined": 7955,
      "search_seconds": 43.3679,
      "status": "COMPLETE_NO_WITNESS",
      "stdout_sha256": "ab8c2b929d123044ad0282a4db313bf9fd20ab2c516db1b9257625fae68f7b8f",
      "triple_candidates": 304493,
      "witness_sha256": null
    },
    {
      "exit_code": 20,
      "exit_file_sha256": "5378796307535df3ec8d8b15a2e2dc5641419c3d3060cfe32238c0fa973f7aa3",
      "external_real_seconds": 88.83,
      "external_system_seconds": 0.24,
      "external_user_seconds": 80.28,
      "final_pool_candidates": 0,
      "maximum_resident_set_size_bytes": 823214080,
      "pair_candidates": 13837486,
      "resource_log_sha256": "13b2b57cc599d9f9587b52ed31d936c70e9ffe78616f79ffc5944919e1fb256f",
      "root_row_pair": 3,
      "roots_examined": 21286,
      "search_seconds": 83.5211,
      "status": "COMPLETE_NO_WITNESS",
      "stdout_sha256": "7c3606b50ca6a07ea4b26549cce4fef11bd10c553b32f605b57c83b90b2aa643",
      "triple_candidates": 478034,
      "witness_sha256": null
    },
    {
      "exit_code": 20,
      "exit_file_sha256": "5378796307535df3ec8d8b15a2e2dc5641419c3d3060cfe32238c0fa973f7aa3",
      "external_real_seconds": 78.26,
      "external_system_seconds": 0.09,
      "external_user_seconds": 77.66,
      "final_pool_candidates": 0,
      "maximum_resident_set_size_bytes": 822726656,
      "pair_candidates": 12979380,
      "resource_log_sha256": "2ed987369bdbff86804ffc0b4261c2ff48b9e19921cd705c77ab5ecd365920b2",
      "root_row_pair": 4,
      "roots_examined": 16940,
      "search_seconds": 73.0052,
      "status": "COMPLETE_NO_WITNESS",
      "stdout_sha256": "2bdf883282c465d7235be4dbba7ac4398553d0aefafe25190dddec9cf7f9b68d",
      "triple_candidates": 489430,
      "witness_sha256": null
    },
    {
      "exit_code": 20,
      "exit_file_sha256": "5378796307535df3ec8d8b15a2e2dc5641419c3d3060cfe32238c0fa973f7aa3",
      "external_real_seconds": 75.15,
      "external_system_seconds": 0.12,
      "external_user_seconds": 74.52,
      "final_pool_candidates": 0,
      "maximum_resident_set_size_bytes": 822075392,
      "pair_candidates": 12905593,
      "resource_log_sha256": "cb9c80053940257cff5898eaf483afc241a20d86c0e58b2ad668ba1a3b857453",
      "root_row_pair": 5,
      "roots_examined": 17934,
      "search_seconds": 69.8581,
      "status": "COMPLETE_NO_WITNESS",
      "stdout_sha256": "b3865713918eca64d667b33e94f787efb75d30977e8e678f9a68f940eaf05aee",
      "triple_candidates": 463413,
      "witness_sha256": null
    },
    {
      "exit_code": 20,
      "exit_file_sha256": "5378796307535df3ec8d8b15a2e2dc5641419c3d3060cfe32238c0fa973f7aa3",
      "external_real_seconds": 62.54,
      "external_system_seconds": 0.12,
      "external_user_seconds": 62.0,
      "final_pool_candidates": 0,
      "maximum_resident_set_size_bytes": 822075392,
      "pair_candidates": 9591519,
      "resource_log_sha256": "0084e13930a171a6cfb5314760b6b83b1f2aee7dc44f047dde986cb0c887a5f8",
      "root_row_pair": 6,
      "roots_examined": 11394,
      "search_seconds": 57.2471,
      "status": "COMPLETE_NO_WITNESS",
      "stdout_sha256": "42d7eb114764f28c2e17d7ddf1e4699bceaa0120392d802ee06d717339c73653",
      "triple_candidates": 399948,
      "witness_sha256": null
    },
    {
      "exit_code": 20,
      "exit_file_sha256": "5378796307535df3ec8d8b15a2e2dc5641419c3d3060cfe32238c0fa973f7aa3",
      "external_real_seconds": 48.28,
      "external_system_seconds": 0.11,
      "external_user_seconds": 47.78,
      "final_pool_candidates": 0,
      "maximum_resident_set_size_bytes": 823078912,
      "pair_candidates": 6541605,
      "resource_log_sha256": "0588f96101b7334a60bae6587fb050aead2bf42e2ff4051e3016a3afc2f3d3b5",
      "root_row_pair": 7,
      "roots_examined": 7189,
      "search_seconds": 42.3605,
      "status": "COMPLETE_NO_WITNESS",
      "stdout_sha256": "16957ab5286968955ae710e87486e96657f25c17385b8abfc072f654b0448dbc",
      "triple_candidates": 303427,
      "witness_sha256": null
    },
    {
      "exit_code": 20,
      "exit_file_sha256": "5378796307535df3ec8d8b15a2e2dc5641419c3d3060cfe32238c0fa973f7aa3",
      "external_real_seconds": 30.14,
      "external_system_seconds": 0.1,
      "external_user_seconds": 29.8,
      "final_pool_candidates": 0,
      "maximum_resident_set_size_bytes": 822755328,
      "pair_candidates": 3549035,
      "resource_log_sha256": "a3999f0f7b42d5f4303fcde2e3eb8e385bbdee4f49399ada50ef8cd4606009af",
      "root_row_pair": 8,
      "roots_examined": 3598,
      "search_seconds": 24.8696,
      "status": "COMPLETE_NO_WITNESS",
      "stdout_sha256": "b409a78588bbcd7daf9d43c537d98155fac99a4f5df49686a482eec09e89907e",
      "triple_candidates": 210917,
      "witness_sha256": null
    },
    {
      "exit_code": 20,
      "exit_file_sha256": "5378796307535df3ec8d8b15a2e2dc5641419c3d3060cfe32238c0fa973f7aa3",
      "external_real_seconds": 31.51,
      "external_system_seconds": 0.13,
      "external_user_seconds": 31.15,
      "final_pool_candidates": 0,
      "maximum_resident_set_size_bytes": 822042624,
      "pair_candidates": 3843364,
      "resource_log_sha256": "b1322be197f4b0bd5c5057ace9f0f87f4efed2c13e6165e83ba944f05e675288",
      "root_row_pair": 9,
      "roots_examined": 3944,
      "search_seconds": 26.2393,
      "status": "COMPLETE_NO_WITNESS",
      "stdout_sha256": "f641d5d64830dc93e2b0b0cc6ebf9db9b05181563be852f4b048b4685e4236d6",
      "triple_candidates": 196362,
      "witness_sha256": null
    },
    {
      "exit_code": 20,
      "exit_file_sha256": "5378796307535df3ec8d8b15a2e2dc5641419c3d3060cfe32238c0fa973f7aa3",
      "external_real_seconds": 29.74,
      "external_system_seconds": 0.1,
      "external_user_seconds": 29.38,
      "final_pool_candidates": 0,
      "maximum_resident_set_size_bytes": 822722560,
      "pair_candidates": 3860752,
      "resource_log_sha256": "a91f9659faef5d7c3f08b935db37d68faab6b01ca2e8c03355e66335b4a9e381",
      "root_row_pair": 10,
      "roots_examined": 4763,
      "search_seconds": 23.8362,
      "status": "COMPLETE_NO_WITNESS",
      "stdout_sha256": "a60704b12b52523bf8a55c9565b617ef341f16f4ac1c0999f6dd659436f31f7b",
      "triple_candidates": 155099,
      "witness_sha256": null
    },
    {
      "exit_code": 20,
      "exit_file_sha256": "5378796307535df3ec8d8b15a2e2dc5641419c3d3060cfe32238c0fa973f7aa3",
      "external_real_seconds": 29.17,
      "external_system_seconds": 0.11,
      "external_user_seconds": 28.84,
      "final_pool_candidates": 0,
      "maximum_resident_set_size_bytes": 822079488,
      "pair_candidates": 4143993,
      "resource_log_sha256": "3a85684d85c5bb9c45f4925b6918371f20784db67a6d63289cfad7d0c6a44878",
      "root_row_pair": 11,
      "roots_examined": 5402,
      "search_seconds": 23.9173,
      "status": "COMPLETE_NO_WITNESS",
      "stdout_sha256": "274bf79045fdfa4d4eda9f93af13d0a6c1b93fcff75e21449097c1e2ec6cc5a1",
      "triple_candidates": 150302,
      "witness_sha256": null
    },
    {
      "exit_code": 20,
      "exit_file_sha256": "5378796307535df3ec8d8b15a2e2dc5641419c3d3060cfe32238c0fa973f7aa3",
      "external_real_seconds": 50.99,
      "external_system_seconds": 0.1,
      "external_user_seconds": 50.49,
      "final_pool_candidates": 0,
      "maximum_resident_set_size_bytes": 820572160,
      "pair_candidates": 8560910,
      "resource_log_sha256": "82f521274414d5aff70271cec0162f049f68f4d9f96f286aaaa60e15e2aa3b15",
      "root_row_pair": 12,
      "roots_examined": 15371,
      "search_seconds": 45.0393,
      "status": "COMPLETE_NO_WITNESS",
      "stdout_sha256": "98ca566a9835a94901d87a044acac80b16fb1610a9234d76435279f1335a2927",
      "triple_candidates": 240234,
      "witness_sha256": null
    },
    {
      "exit_code": 20,
      "exit_file_sha256": "5378796307535df3ec8d8b15a2e2dc5641419c3d3060cfe32238c0fa973f7aa3",
      "external_real_seconds": 46.28,
      "external_system_seconds": 0.09,
      "external_user_seconds": 45.64,
      "final_pool_candidates": 0,
      "maximum_resident_set_size_bytes": 823214080,
      "pair_candidates": 7412473,
      "resource_log_sha256": "82513c51d845c3056da0ee74f96343cff8a60d382df58d8615e5c851dbae6975",
      "root_row_pair": 13,
      "roots_examined": 10974,
      "search_seconds": 40.0379,
      "status": "COMPLETE_NO_WITNESS",
      "stdout_sha256": "4be12f38d52d075632e74629f946e137a92e65075ec14b578f3db244ef469957",
      "triple_candidates": 234849,
      "witness_sha256": null
    },
    {
      "exit_code": 20,
      "exit_file_sha256": "5378796307535df3ec8d8b15a2e2dc5641419c3d3060cfe32238c0fa973f7aa3",
      "external_real_seconds": 71.26,
      "external_system_seconds": 0.12,
      "external_user_seconds": 70.63,
      "final_pool_candidates": 0,
      "maximum_resident_set_size_bytes": 822108160,
      "pair_candidates": 11800370,
      "resource_log_sha256": "1bb189c4f454d304d6affef77249984e67a1eab170bbd0d74dee3548fe0ed755",
      "root_row_pair": 14,
      "roots_examined": 17679,
      "search_seconds": 65.3151,
      "status": "COMPLETE_NO_WITNESS",
      "stdout_sha256": "d0e92702319f1def146900b0ccab1b8e8c8ac8fc2ebe1cfa8351271801cefcbb",
      "triple_candidates": 372649,
      "witness_sha256": null
    },
    {
      "exit_code": 20,
      "exit_file_sha256": "5378796307535df3ec8d8b15a2e2dc5641419c3d3060cfe32238c0fa973f7aa3",
      "external_real_seconds": 31.57,
      "external_system_seconds": 0.11,
      "external_user_seconds": 31.02,
      "final_pool_candidates": 0,
      "maximum_resident_set_size_bytes": 820416512,
      "pair_candidates": 4494595,
      "resource_log_sha256": "050956cbeba47ca06ba5dc196095d9e2d39581f95bbf2747a1c6f48c8f443e2b",
      "root_row_pair": 15,
      "roots_examined": 5978,
      "search_seconds": 26.104,
      "status": "COMPLETE_NO_WITNESS",
      "stdout_sha256": "f4746f2845a5e2ba729df18586d73338e79a3bb9d342ebe52b1c7d1bb0df367c",
      "triple_candidates": 159639,
      "witness_sha256": null
    },
    {
      "exit_code": 20,
      "exit_file_sha256": "5378796307535df3ec8d8b15a2e2dc5641419c3d3060cfe32238c0fa973f7aa3",
      "external_real_seconds": 39.19,
      "external_system_seconds": 0.1,
      "external_user_seconds": 37.51,
      "final_pool_candidates": 0,
      "maximum_resident_set_size_bytes": 820658176,
      "pair_candidates": 5666750,
      "resource_log_sha256": "bd8f83d25be92eaff619ee85bd66c379bfa9399bf4e43f56f2d8dc442d9780a4",
      "root_row_pair": 16,
      "roots_examined": 6754,
      "search_seconds": 34.2048,
      "status": "COMPLETE_NO_WITNESS",
      "stdout_sha256": "162411cc2d2e02735a9d8ec83a6630a139b39f67ec3089b95345a90eea8a2d2d",
      "triple_candidates": 228465,
      "witness_sha256": null
    },
    {
      "exit_code": 20,
      "exit_file_sha256": "5378796307535df3ec8d8b15a2e2dc5641419c3d3060cfe32238c0fa973f7aa3",
      "external_real_seconds": 17.99,
      "external_system_seconds": 0.09,
      "external_user_seconds": 17.78,
      "final_pool_candidates": 0,
      "maximum_resident_set_size_bytes": 822755328,
      "pair_candidates": 1973373,
      "resource_log_sha256": "b5543e2117e932e736e02d14bcc543824ec727ddc42a73b0462b1f253c9f1e5b",
      "root_row_pair": 17,
      "roots_examined": 2207,
      "search_seconds": 13.0103,
      "status": "COMPLETE_NO_WITNESS",
      "stdout_sha256": "c1532408dcbb0bc9134a5609b3586bdff306559e5b6161dbb2f244b8152df1ec",
      "triple_candidates": 104573,
      "witness_sha256": null
    },
    {
      "exit_code": 20,
      "exit_file_sha256": "5378796307535df3ec8d8b15a2e2dc5641419c3d3060cfe32238c0fa973f7aa3",
      "external_real_seconds": 25.45,
      "external_system_seconds": 0.1,
      "external_user_seconds": 24.81,
      "final_pool_candidates": 0,
      "maximum_resident_set_size_bytes": 823078912,
      "pair_candidates": 3066169,
      "resource_log_sha256": "3a2fae16c71abcf429e099a50016d05a5875e86131343d45f82740efd5257eb3",
      "root_row_pair": 18,
      "roots_examined": 3178,
      "search_seconds": 20.1319,
      "status": "COMPLETE_NO_WITNESS",
      "stdout_sha256": "9261c6fe5bfd436ad2b6774251668b13d08bcfd609ca1bc2577a78937079cb4e",
      "triple_candidates": 150864,
      "witness_sha256": null
    },
    {
      "exit_code": 20,
      "exit_file_sha256": "5378796307535df3ec8d8b15a2e2dc5641419c3d3060cfe32238c0fa973f7aa3",
      "external_real_seconds": 36.68,
      "external_system_seconds": 0.09,
      "external_user_seconds": 36.39,
      "final_pool_candidates": 0,
      "maximum_resident_set_size_bytes": 823242752,
      "pair_candidates": 6958090,
      "resource_log_sha256": "2c5079c2613791fc163c55d0d6436eba8941d01f3024988345adee884c28d4d8",
      "root_row_pair": 19,
      "roots_examined": 11996,
      "search_seconds": 31.6887,
      "status": "COMPLETE_NO_WITNESS",
      "stdout_sha256": "5a57540d27d3d3d6f8823fba0fd03590f4bfe44597a5634a5e0f5c1e6149937f",
      "triple_candidates": 155628,
      "witness_sha256": null
    },
    {
      "exit_code": 20,
      "exit_file_sha256": "5378796307535df3ec8d8b15a2e2dc5641419c3d3060cfe32238c0fa973f7aa3",
      "external_real_seconds": 55.08,
      "external_system_seconds": 0.1,
      "external_user_seconds": 52.03,
      "final_pool_candidates": 0,
      "maximum_resident_set_size_bytes": 822079488,
      "pair_candidates": 11100325,
      "resource_log_sha256": "a76675aa0a40d109186faf9666b4a887c1ec3f6802fec8204e76fe4f843042c5",
      "root_row_pair": 20,
      "roots_examined": 26981,
      "search_seconds": 49.3934,
      "status": "COMPLETE_NO_WITNESS",
      "stdout_sha256": "0aa20fab47c48557050f0285ef5b110907f2cd6f6d9ede07e3d5d25a66e4845a",
      "triple_candidates": 190021,
      "witness_sha256": null
    },
    {
      "exit_code": 20,
      "exit_file_sha256": "5378796307535df3ec8d8b15a2e2dc5641419c3d3060cfe32238c0fa973f7aa3",
      "external_real_seconds": 63.73,
      "external_system_seconds": 0.15,
      "external_user_seconds": 58.55,
      "final_pool_candidates": 0,
      "maximum_resident_set_size_bytes": 823242752,
      "pair_candidates": 12107703,
      "resource_log_sha256": "fa7d26201cb708f77551b652a16a3e32788580b5ab94b56669c8662b4f7659ee",
      "root_row_pair": 21,
      "roots_examined": 23852,
      "search_seconds": 58.7475,
      "status": "COMPLETE_NO_WITNESS",
      "stdout_sha256": "6af5948856eeba4102289db1df9127a0fd0a1f1a8e487f850e67f932e94f7142",
      "triple_candidates": 238807,
      "witness_sha256": null
    },
    {
      "exit_code": 20,
      "exit_file_sha256": "5378796307535df3ec8d8b15a2e2dc5641419c3d3060cfe32238c0fa973f7aa3",
      "external_real_seconds": 57.6,
      "external_system_seconds": 0.1,
      "external_user_seconds": 56.47,
      "final_pool_candidates": 0,
      "maximum_resident_set_size_bytes": 822075392,
      "pair_candidates": 11678108,
      "resource_log_sha256": "d389518b925259c858a78278aeb420c8cb9ee94a043ede74e098f77d18f8706b",
      "root_row_pair": 22,
      "roots_examined": 24811,
      "search_seconds": 51.7923,
      "status": "COMPLETE_NO_WITNESS",
      "stdout_sha256": "29aee1fb1a359c98a8ebdcbd9742c97ca6017b8d95490a6903365f05c2ee4e0e",
      "triple_candidates": 205650,
      "witness_sha256": null
    },
    {
      "exit_code": 20,
      "exit_file_sha256": "5378796307535df3ec8d8b15a2e2dc5641419c3d3060cfe32238c0fa973f7aa3",
      "external_real_seconds": 58.3,
      "external_system_seconds": 0.09,
      "external_user_seconds": 57.19,
      "final_pool_candidates": 0,
      "maximum_resident_set_size_bytes": 822038528,
      "pair_candidates": 11015840,
      "resource_log_sha256": "54d0245903752cce0da7dbc3bf3a65e79a608b8cf434181c4683daeacf15ff2f",
      "root_row_pair": 23,
      "roots_examined": 18357,
      "search_seconds": 52.5522,
      "status": "COMPLETE_NO_WITNESS",
      "stdout_sha256": "e7ccc46b36d888adf41a2bb11771455f29d5b479ae8913b7c9dbb6a8d0e8f4e5",
      "triple_candidates": 267339,
      "witness_sha256": null
    },
    {
      "exit_code": 20,
      "exit_file_sha256": "5378796307535df3ec8d8b15a2e2dc5641419c3d3060cfe32238c0fa973f7aa3",
      "external_real_seconds": 34.83,
      "external_system_seconds": 0.09,
      "external_user_seconds": 34.49,
      "final_pool_candidates": 0,
      "maximum_resident_set_size_bytes": 822108160,
      "pair_candidates": 6232446,
      "resource_log_sha256": "50e8fad9416ecfc0887dcb4575dbd7ac878ea61e17af8a1c805709d370697bac",
      "root_row_pair": 24,
      "roots_examined": 9755,
      "search_seconds": 29.2893,
      "status": "COMPLETE_NO_WITNESS",
      "stdout_sha256": "714fcea3823faf9f59c8afa3a49a2e9637c75d42f07941326879dd0913ec9d81",
      "triple_candidates": 150652,
      "witness_sha256": null
    },
    {
      "exit_code": 20,
      "exit_file_sha256": "5378796307535df3ec8d8b15a2e2dc5641419c3d3060cfe32238c0fa973f7aa3",
      "external_real_seconds": 29.05,
      "external_system_seconds": 0.08,
      "external_user_seconds": 28.72,
      "final_pool_candidates": 0,
      "maximum_resident_set_size_bytes": 819884032,
      "pair_candidates": 4291280,
      "resource_log_sha256": "133965b63e59849f26539b5fd360a5948b2f0c76239bf970f729266d2beb94bd",
      "root_row_pair": 25,
      "roots_examined": 6084,
      "search_seconds": 23.3281,
      "status": "COMPLETE_NO_WITNESS",
      "stdout_sha256": "4de83c9de857df8f47fed01d3757883004e59c7c3a171c0814850a51933642fd",
      "triple_candidates": 145166,
      "witness_sha256": null
    },
    {
      "exit_code": 20,
      "exit_file_sha256": "5378796307535df3ec8d8b15a2e2dc5641419c3d3060cfe32238c0fa973f7aa3",
      "external_real_seconds": 30.27,
      "external_system_seconds": 0.08,
      "external_user_seconds": 29.64,
      "final_pool_candidates": 0,
      "maximum_resident_set_size_bytes": 821055488,
      "pair_candidates": 4685861,
      "resource_log_sha256": "0d3eb02415eb10ee563c036a032b0363a59223f84c00d83f70686615b581d3b4",
      "root_row_pair": 26,
      "roots_examined": 6638,
      "search_seconds": 24.9201,
      "status": "COMPLETE_NO_WITNESS",
      "stdout_sha256": "6e2cb6193f60d65a3339d9e031c599df7479f51d4c7ec8a28f07477e7dc960db",
      "triple_candidates": 143811,
      "witness_sha256": null
    },
    {
      "exit_code": 20,
      "exit_file_sha256": "5378796307535df3ec8d8b15a2e2dc5641419c3d3060cfe32238c0fa973f7aa3",
      "external_real_seconds": 51.3,
      "external_system_seconds": 0.08,
      "external_user_seconds": 50.71,
      "final_pool_candidates": 0,
      "maximum_resident_set_size_bytes": 822079488,
      "pair_candidates": 12253422,
      "resource_log_sha256": "f5d7ab4581431b950408589c0450c5c83c455500b244cd2b8c2b28caf1d152b3",
      "root_row_pair": 27,
      "roots_examined": 40713,
      "search_seconds": 46.1508,
      "status": "COMPLETE_NO_WITNESS",
      "stdout_sha256": "31c86dbb15b7f7d34fcfc5705cd327b3d54a6db9c474b04c81d777a17cd9f509",
      "triple_candidates": 113687,
      "witness_sha256": null
    },
    {
      "exit_code": 20,
      "exit_file_sha256": "5378796307535df3ec8d8b15a2e2dc5641419c3d3060cfe32238c0fa973f7aa3",
      "external_real_seconds": 39.32,
      "external_system_seconds": 0.13,
      "external_user_seconds": 36.97,
      "final_pool_candidates": 0,
      "maximum_resident_set_size_bytes": 820645888,
      "pair_candidates": 8786555,
      "resource_log_sha256": "c7c6c4d28dcb75b2d69a2ab3ece367835ee884bcb9186da845f4c7ac7fe1c22b",
      "root_row_pair": 28,
      "roots_examined": 23458,
      "search_seconds": 32.4817,
      "status": "COMPLETE_NO_WITNESS",
      "stdout_sha256": "e7a8c2ba916f1920510e2881bdd1dc6db54a88981be22f455ac649b62e049a61",
      "triple_candidates": 93986,
      "witness_sha256": null
    },
    {
      "exit_code": 20,
      "exit_file_sha256": "5378796307535df3ec8d8b15a2e2dc5641419c3d3060cfe32238c0fa973f7aa3",
      "external_real_seconds": 49.87,
      "external_system_seconds": 0.1,
      "external_user_seconds": 43.42,
      "final_pool_candidates": 0,
      "maximum_resident_set_size_bytes": 822755328,
      "pair_candidates": 10762971,
      "resource_log_sha256": "7207da34da55c03ed4a4c8bc92bf5766987be34b919012dda8b59b6883a22e66",
      "root_row_pair": 29,
      "roots_examined": 30038,
      "search_seconds": 45.1022,
      "status": "COMPLETE_NO_WITNESS",
      "stdout_sha256": "2c3519604f8d3135f40538e2309263c59027f0572a89925a24eece1cf04f2031",
      "triple_candidates": 111106,
      "witness_sha256": null
    },
    {
      "exit_code": 20,
      "exit_file_sha256": "5378796307535df3ec8d8b15a2e2dc5641419c3d3060cfe32238c0fa973f7aa3",
      "external_real_seconds": 41.09,
      "external_system_seconds": 0.15,
      "external_user_seconds": 34.8,
      "final_pool_candidates": 0,
      "maximum_resident_set_size_bytes": 822751232,
      "pair_candidates": 7723813,
      "resource_log_sha256": "47225bc045b0fb5ce3a0db9da152b1f7691e005ac3c407cf04a746e0eb69eb2e",
      "root_row_pair": 30,
      "roots_examined": 17233,
      "search_seconds": 36.0371,
      "status": "COMPLETE_NO_WITNESS",
      "stdout_sha256": "e46a5ff13a0e2c1bea633a7745e232ec43ffe7a1c01191b4f60d1c86d32ed602",
      "triple_candidates": 103623,
      "witness_sha256": null
    },
    {
      "exit_code": 20,
      "exit_file_sha256": "5378796307535df3ec8d8b15a2e2dc5641419c3d3060cfe32238c0fa973f7aa3",
      "external_real_seconds": 36.94,
      "external_system_seconds": 0.08,
      "external_user_seconds": 36.66,
      "final_pool_candidates": 0,
      "maximum_resident_set_size_bytes": 822755328,
      "pair_candidates": 8189829,
      "resource_log_sha256": "375454dc18837a0b59c7bfcfa7819ab56bd7a6c0da094a1bb7b558d9b81b88e8",
      "root_row_pair": 31,
      "roots_examined": 16622,
      "search_seconds": 32.1803,
      "status": "COMPLETE_NO_WITNESS",
      "stdout_sha256": "a8b81e55526861bbd47d234435dbdb168e7d0d45b61e10705d7511f9202bd160",
      "triple_candidates": 123372,
      "witness_sha256": null
    },
    {
      "exit_code": 20,
      "exit_file_sha256": "5378796307535df3ec8d8b15a2e2dc5641419c3d3060cfe32238c0fa973f7aa3",
      "external_real_seconds": 18.15,
      "external_system_seconds": 0.08,
      "external_user_seconds": 16.65,
      "final_pool_candidates": 0,
      "maximum_resident_set_size_bytes": 817885184,
      "pair_candidates": 2921797,
      "resource_log_sha256": "2b2c0d6e0504a0460c1b70199abbbebf10ec1031e781293963680580a54b8061",
      "root_row_pair": 32,
      "roots_examined": 5470,
      "search_seconds": 11.8971,
      "status": "COMPLETE_NO_WITNESS",
      "stdout_sha256": "957abe9b3df43f6e4190263011b20dfae09651d6e7669d41619722dc630e71e5",
      "triple_candidates": 61159,
      "witness_sha256": null
    },
    {
      "exit_code": 20,
      "exit_file_sha256": "5378796307535df3ec8d8b15a2e2dc5641419c3d3060cfe32238c0fa973f7aa3",
      "external_real_seconds": 26.98,
      "external_system_seconds": 0.13,
      "external_user_seconds": 26.31,
      "final_pool_candidates": 0,
      "maximum_resident_set_size_bytes": 822108160,
      "pair_candidates": 5301532,
      "resource_log_sha256": "b3ec254a51d2321cd8e402c246174a0214d0c0167b44be6d0e3438f8a8c81d2c",
      "root_row_pair": 33,
      "roots_examined": 9612,
      "search_seconds": 21.7571,
      "status": "COMPLETE_NO_WITNESS",
      "stdout_sha256": "0854e3976fbdb57b9f80063210d73144705c5ad20a8a7961fe13461f38531d5c",
      "triple_candidates": 90362,
      "witness_sha256": null
    },
    {
      "exit_code": 20,
      "exit_file_sha256": "5378796307535df3ec8d8b15a2e2dc5641419c3d3060cfe32238c0fa973f7aa3",
      "external_real_seconds": 44.05,
      "external_system_seconds": 0.08,
      "external_user_seconds": 43.57,
      "final_pool_candidates": 0,
      "maximum_resident_set_size_bytes": 819855360,
      "pair_candidates": 10999314,
      "resource_log_sha256": "a86d8c54e8597d67e176959192ad4b4b284fce6b84bc2964822284622efef67c",
      "root_row_pair": 34,
      "roots_examined": 71828,
      "search_seconds": 38.9949,
      "status": "COMPLETE_NO_WITNESS",
      "stdout_sha256": "b213e6f93d729201c8d6dd7f1d2e2896a2f58efa79900ef6bc07ccb6179f2cbe",
      "triple_candidates": 37254,
      "witness_sha256": null
    },
    {
      "exit_code": 20,
      "exit_file_sha256": "5378796307535df3ec8d8b15a2e2dc5641419c3d3060cfe32238c0fa973f7aa3",
      "external_real_seconds": 43.23,
      "external_system_seconds": 0.09,
      "external_user_seconds": 42.59,
      "final_pool_candidates": 0,
      "maximum_resident_set_size_bytes": 822108160,
      "pair_candidates": 10490936,
      "resource_log_sha256": "037d846116dc10d9a8d36201f01f6a5c615cc7977229b5f9920ba2690bc08ec6",
      "root_row_pair": 35,
      "roots_examined": 78698,
      "search_seconds": 37.8394,
      "status": "COMPLETE_NO_WITNESS",
      "stdout_sha256": "b40da53e4b646d796ee2b5c9e279df2d7742c4a9c1d67715c99b3e70bbec6036",
      "triple_candidates": 32765,
      "witness_sha256": null
    },
    {
      "exit_code": 20,
      "exit_file_sha256": "5378796307535df3ec8d8b15a2e2dc5641419c3d3060cfe32238c0fa973f7aa3",
      "external_real_seconds": 32.96,
      "external_system_seconds": 0.08,
      "external_user_seconds": 32.15,
      "final_pool_candidates": 0,
      "maximum_resident_set_size_bytes": 822108160,
      "pair_candidates": 8063471,
      "resource_log_sha256": "9a6a74e80c1f38589092f62c380d1caad389e3162f77206aad1a1ca4c5f59cc9",
      "root_row_pair": 36,
      "roots_examined": 39916,
      "search_seconds": 27.3394,
      "status": "COMPLETE_NO_WITNESS",
      "stdout_sha256": "0caff31040f15b0d51c78e46a3d32c00040ba2762f6d273b3a6e20d8086fb0e6",
      "triple_candidates": 32540,
      "witness_sha256": null
    },
    {
      "exit_code": 20,
      "exit_file_sha256": "5378796307535df3ec8d8b15a2e2dc5641419c3d3060cfe32238c0fa973f7aa3",
      "external_real_seconds": 30.98,
      "external_system_seconds": 0.08,
      "external_user_seconds": 30.36,
      "final_pool_candidates": 0,
      "maximum_resident_set_size_bytes": 820748288,
      "pair_candidates": 7510383,
      "resource_log_sha256": "2209fdd4a6dafc8d59ab37cb7ccc99619e37c401b42d50b1799aead211284e49",
      "root_row_pair": 37,
      "roots_examined": 32385,
      "search_seconds": 25.7006,
      "status": "COMPLETE_NO_WITNESS",
      "stdout_sha256": "7a8c20b034babc2c8e4be6740fe42ca3fbeed7a406cec17cf7b4c2e2c9567f94",
      "triple_candidates": 34051,
      "witness_sha256": null
    },
    {
      "exit_code": 20,
      "exit_file_sha256": "5378796307535df3ec8d8b15a2e2dc5641419c3d3060cfe32238c0fa973f7aa3",
      "external_real_seconds": 24.81,
      "external_system_seconds": 0.07,
      "external_user_seconds": 24.61,
      "final_pool_candidates": 0,
      "maximum_resident_set_size_bytes": 822104064,
      "pair_candidates": 5811293,
      "resource_log_sha256": "633b2a56ad073ce8e2ec72e25b083b5c8cd726817ff832c89c1221033418cc11",
      "root_row_pair": 38,
      "roots_examined": 21019,
      "search_seconds": 20.0784,
      "status": "COMPLETE_NO_WITNESS",
      "stdout_sha256": "cb113f4efd4c66de21007299b7a039b4284cff44f4399b98c7b4f6539f067bf5",
      "triple_candidates": 43772,
      "witness_sha256": null
    },
    {
      "exit_code": 20,
      "exit_file_sha256": "5378796307535df3ec8d8b15a2e2dc5641419c3d3060cfe32238c0fa973f7aa3",
      "external_real_seconds": 25.02,
      "external_system_seconds": 0.1,
      "external_user_seconds": 21.14,
      "final_pool_candidates": 0,
      "maximum_resident_set_size_bytes": 823242752,
      "pair_candidates": 5070723,
      "resource_log_sha256": "7abef878132909980afd19c2622723336d626b8a5754286752b7af5f7055c0e9",
      "root_row_pair": 39,
      "roots_examined": 18791,
      "search_seconds": 20.2835,
      "status": "COMPLETE_NO_WITNESS",
      "stdout_sha256": "fd3ad6b7368bbe1d41f5c427e89eb857122702c508016b31721c85d49ca43cd6",
      "triple_candidates": 29377,
      "witness_sha256": null
    },
    {
      "exit_code": 20,
      "exit_file_sha256": "5378796307535df3ec8d8b15a2e2dc5641419c3d3060cfe32238c0fa973f7aa3",
      "external_real_seconds": 15.95,
      "external_system_seconds": 0.08,
      "external_user_seconds": 15.79,
      "final_pool_candidates": 0,
      "maximum_resident_set_size_bytes": 822108160,
      "pair_candidates": 3093695,
      "resource_log_sha256": "47c7ed272ea647fa77877e47acef3ad0787abdde67e23caa679d2327503c3467",
      "root_row_pair": 40,
      "roots_examined": 60867,
      "search_seconds": 11.2351,
      "status": "COMPLETE_NO_WITNESS",
      "stdout_sha256": "86a6f7e52d8fdf83cc926bcc67c04d9735a3cba92a277a00d1338117fe1ab13b",
      "triple_candidates": 2410,
      "witness_sha256": null
    },
    {
      "exit_code": 20,
      "exit_file_sha256": "5378796307535df3ec8d8b15a2e2dc5641419c3d3060cfe32238c0fa973f7aa3",
      "external_real_seconds": 12.23,
      "external_system_seconds": 0.08,
      "external_user_seconds": 11.99,
      "final_pool_candidates": 0,
      "maximum_resident_set_size_bytes": 822726656,
      "pair_candidates": 2032214,
      "resource_log_sha256": "22dfc990b149fca5a61ea7c10814ae8e9455948e4fab23dc325c0a0e001504fb",
      "root_row_pair": 41,
      "roots_examined": 26221,
      "search_seconds": 6.99041,
      "status": "COMPLETE_NO_WITNESS",
      "stdout_sha256": "472637b57442e5d46780e24efdf2bd92b5b7003aa5c6af900e983a90c62aaaeb",
      "triple_candidates": 1729,
      "witness_sha256": null
    },
    {
      "exit_code": 20,
      "exit_file_sha256": "5378796307535df3ec8d8b15a2e2dc5641419c3d3060cfe32238c0fa973f7aa3",
      "external_real_seconds": 14.05,
      "external_system_seconds": 0.09,
      "external_user_seconds": 13.61,
      "final_pool_candidates": 0,
      "maximum_resident_set_size_bytes": 820011008,
      "pair_candidates": 2444123,
      "resource_log_sha256": "43bd22102fac14131b877a2b5df9234ebe0da3448c644c6250e2ceef7f929e9c",
      "root_row_pair": 42,
      "roots_examined": 24904,
      "search_seconds": 8.91709,
      "status": "COMPLETE_NO_WITNESS",
      "stdout_sha256": "93e9e8dcab158323f3a6462a598ea1dc3b19bc00a064c4092e96943932bc06e1",
      "triple_candidates": 2304,
      "witness_sha256": null
    },
    {
      "exit_code": 20,
      "exit_file_sha256": "5378796307535df3ec8d8b15a2e2dc5641419c3d3060cfe32238c0fa973f7aa3",
      "external_real_seconds": 11.49,
      "external_system_seconds": 0.14,
      "external_user_seconds": 9.47,
      "final_pool_candidates": 0,
      "maximum_resident_set_size_bytes": 820805632,
      "pair_candidates": 1154547,
      "resource_log_sha256": "7e3e62bfd68a101ac2248c31fd6c87cf24561e01cbc33676937991b0bc512397",
      "root_row_pair": 43,
      "roots_examined": 9334,
      "search_seconds": 4.17188,
      "status": "COMPLETE_NO_WITNESS",
      "stdout_sha256": "14e949ae9c4c43cd2c16f78d98bb9bd1eb5865958c9b052d988af1f5fec3e47c",
      "triple_candidates": 1935,
      "witness_sha256": null
    },
    {
      "exit_code": 20,
      "exit_file_sha256": "5378796307535df3ec8d8b15a2e2dc5641419c3d3060cfe32238c0fa973f7aa3",
      "external_real_seconds": 10.9,
      "external_system_seconds": 0.08,
      "external_user_seconds": 10.75,
      "final_pool_candidates": 0,
      "maximum_resident_set_size_bytes": 822075392,
      "pair_candidates": 1815965,
      "resource_log_sha256": "f615696b2f34785aeb474768f6cc3142af0488ba7410132b74ab6d6a75bc775c",
      "root_row_pair": 44,
      "roots_examined": 14284,
      "search_seconds": 6.07664,
      "status": "COMPLETE_NO_WITNESS",
      "stdout_sha256": "49ff589761fc2eba49437b1af3a805655a84c6b9b7e550187bd98f421f68d925",
      "triple_candidates": 2463,
      "witness_sha256": null
    },
    {
      "exit_code": 20,
      "exit_file_sha256": "5378796307535df3ec8d8b15a2e2dc5641419c3d3060cfe32238c0fa973f7aa3",
      "external_real_seconds": 7.65,
      "external_system_seconds": 0.13,
      "external_user_seconds": 6.88,
      "final_pool_candidates": 0,
      "maximum_resident_set_size_bytes": 819933184,
      "pair_candidates": 562764,
      "resource_log_sha256": "db9b2ceea0e9274682671a80008011338ccd61419097995f674e8ff94a653e33",
      "root_row_pair": 45,
      "roots_examined": 34534,
      "search_seconds": 2.22902,
      "status": "COMPLETE_NO_WITNESS",
      "stdout_sha256": "2c021611784960429219ee4c586e72d20f9f1b917a4e64fa8668bb7f712c6ef9",
      "triple_candidates": 0,
      "witness_sha256": null
    },
    {
      "exit_code": 20,
      "exit_file_sha256": "5378796307535df3ec8d8b15a2e2dc5641419c3d3060cfe32238c0fa973f7aa3",
      "external_real_seconds": 8.03,
      "external_system_seconds": 0.12,
      "external_user_seconds": 6.8,
      "final_pool_candidates": 0,
      "maximum_resident_set_size_bytes": 822419456,
      "pair_candidates": 467189,
      "resource_log_sha256": "b03b3da9d1e62c63e963a9be335a5cd5bb27c4093f42ab2ea4f06f27e81d3ed0",
      "root_row_pair": 46,
      "roots_examined": 24612,
      "search_seconds": 1.91343,
      "status": "COMPLETE_NO_WITNESS",
      "stdout_sha256": "5cee964d67b2f7cef525e817c8b79784eebd77d8626b6459e74e9416cababb91",
      "triple_candidates": 0,
      "witness_sha256": null
    },
    {
      "exit_code": 20,
      "exit_file_sha256": "5378796307535df3ec8d8b15a2e2dc5641419c3d3060cfe32238c0fa973f7aa3",
      "external_real_seconds": 6.79,
      "external_system_seconds": 0.16,
      "external_user_seconds": 6.21,
      "final_pool_candidates": 0,
      "maximum_resident_set_size_bytes": 822071296,
      "pair_candidates": 364297,
      "resource_log_sha256": "3536e5dbc9bba92b590c0238088615d9f533197cc45fd9b7931a98bdb9a33352",
      "root_row_pair": 47,
      "roots_examined": 11579,
      "search_seconds": 1.58631,
      "status": "COMPLETE_NO_WITNESS",
      "stdout_sha256": "84b032ed7a02ac4eb15c684797c01b45efeccdd8c44b6a27a373148311c242e8",
      "triple_candidates": 0,
      "witness_sha256": null
    },
    {
      "exit_code": 20,
      "exit_file_sha256": "5378796307535df3ec8d8b15a2e2dc5641419c3d3060cfe32238c0fa973f7aa3",
      "external_real_seconds": 7.44,
      "external_system_seconds": 0.11,
      "external_user_seconds": 6.87,
      "final_pool_candidates": 0,
      "maximum_resident_set_size_bytes": 822104064,
      "pair_candidates": 459228,
      "resource_log_sha256": "2740572cd779e1a6dbd311c59bdafb9a93cfb84343ec85363accf4e86365815f",
      "root_row_pair": 48,
      "roots_examined": 15395,
      "search_seconds": 1.92095,
      "status": "COMPLETE_NO_WITNESS",
      "stdout_sha256": "e33568fb704276fa18270d593f5f386be17c8cd1b27151b4ad5f94c116543a7e",
      "triple_candidates": 0,
      "witness_sha256": null
    },
    {
      "exit_code": 20,
      "exit_file_sha256": "5378796307535df3ec8d8b15a2e2dc5641419c3d3060cfe32238c0fa973f7aa3",
      "external_real_seconds": 5.33,
      "external_system_seconds": 0.09,
      "external_user_seconds": 5.03,
      "final_pool_candidates": 0,
      "maximum_resident_set_size_bytes": 819621888,
      "pair_candidates": 44793,
      "resource_log_sha256": "a32228fbaa8284e2e7d77dac7e346b06e5c8d0695958e8ffd10d9eb40f21fb87",
      "root_row_pair": 49,
      "roots_examined": 13345,
      "search_seconds": 0.262009,
      "status": "COMPLETE_NO_WITNESS",
      "stdout_sha256": "95716224050b7f9644ee969314f323df9e11d50df0193a585709bb02c50a974a",
      "triple_candidates": 0,
      "witness_sha256": null
    },
    {
      "exit_code": 20,
      "exit_file_sha256": "5378796307535df3ec8d8b15a2e2dc5641419c3d3060cfe32238c0fa973f7aa3",
      "external_real_seconds": 6.13,
      "external_system_seconds": 0.08,
      "external_user_seconds": 5.38,
      "final_pool_candidates": 0,
      "maximum_resident_set_size_bytes": 819982336,
      "pair_candidates": 33394,
      "resource_log_sha256": "72219992d41313b265381cbd45e73b527905e65f0ab5fcfa59edbb33385f388c",
      "root_row_pair": 50,
      "roots_examined": 5039,
      "search_seconds": 0.157433,
      "status": "COMPLETE_NO_WITNESS",
      "stdout_sha256": "bd97897725ade9fe23a8520b9c6115b951a833b3d3afe5d50f3d87a4049c1a95",
      "triple_candidates": 0,
      "witness_sha256": null
    },
    {
      "exit_code": 20,
      "exit_file_sha256": "5378796307535df3ec8d8b15a2e2dc5641419c3d3060cfe32238c0fa973f7aa3",
      "external_real_seconds": 5.66,
      "external_system_seconds": 0.08,
      "external_user_seconds": 4.87,
      "final_pool_candidates": 0,
      "maximum_resident_set_size_bytes": 820879360,
      "pair_candidates": 40823,
      "resource_log_sha256": "a829491daa606255a1c1798a152db99bca094378643d8e2fede2570b34483dba",
      "root_row_pair": 51,
      "roots_examined": 7314,
      "search_seconds": 0.234264,
      "status": "COMPLETE_NO_WITNESS",
      "stdout_sha256": "23e24c856dd73ce6d03c0f1f60b777926ebc612afb032d6436211d3f4d917ac2",
      "triple_candidates": 0,
      "witness_sha256": null
    },
    {
      "exit_code": 20,
      "exit_file_sha256": "5378796307535df3ec8d8b15a2e2dc5641419c3d3060cfe32238c0fa973f7aa3",
      "external_real_seconds": 5.49,
      "external_system_seconds": 0.11,
      "external_user_seconds": 5.12,
      "final_pool_candidates": 0,
      "maximum_resident_set_size_bytes": 820518912,
      "pair_candidates": 0,
      "resource_log_sha256": "27c0336af1f65094c9f6052d8877d56255cc8ea618212dcccb16f69aa5009634",
      "root_row_pair": 52,
      "roots_examined": 4483,
      "search_seconds": 0.0683788,
      "status": "COMPLETE_NO_WITNESS",
      "stdout_sha256": "e05063a02f7b345b2eab00077e1e6c18e2b3b4bf9420f5e5119acd3dfc42a225",
      "triple_candidates": 0,
      "witness_sha256": null
    },
    {
      "exit_code": 20,
      "exit_file_sha256": "5378796307535df3ec8d8b15a2e2dc5641419c3d3060cfe32238c0fa973f7aa3",
      "external_real_seconds": 5.56,
      "external_system_seconds": 0.09,
      "external_user_seconds": 5.34,
      "final_pool_candidates": 0,
      "maximum_resident_set_size_bytes": 823078912,
      "pair_candidates": 0,
      "resource_log_sha256": "112048439e5cb396a1e9990742306789053da500e9f9ddac44191325a55387a2",
      "root_row_pair": 53,
      "roots_examined": 5400,
      "search_seconds": 0.0797637,
      "status": "COMPLETE_NO_WITNESS",
      "stdout_sha256": "aae2e55750bf9d97a528fdd6a9079b60bc4e415d0e35c158fed31986aa02b02e",
      "triple_candidates": 0,
      "witness_sha256": null
    },
    {
      "exit_code": 20,
      "exit_file_sha256": "5378796307535df3ec8d8b15a2e2dc5641419c3d3060cfe32238c0fa973f7aa3",
      "external_real_seconds": 4.85,
      "external_system_seconds": 0.07,
      "external_user_seconds": 4.75,
      "final_pool_candidates": 0,
      "maximum_resident_set_size_bytes": 823078912,
      "pair_candidates": 0,
      "resource_log_sha256": "e5b0a0d4a9a0f4ffa655b00b11741a5d39bcb5e3119441f50179b832c6f1d960",
      "root_row_pair": 54,
      "roots_examined": 2640,
      "search_seconds": 0.0308382,
      "status": "COMPLETE_NO_WITNESS",
      "stdout_sha256": "a8bcb2b1a2ee0a167ab937c02ef0e39b339ae79b5ee2f75aa501ac048bdc7ee1",
      "triple_candidates": 0,
      "witness_sha256": null
    }
  ],
  "shards": 55,
  "status": "PASS",
  "status_histogram": {
    "COMPLETE_NO_WITNESS": 55
  },
  "sum_search_seconds": 1533.0148167000002,
  "witnesses": []
}
