{
  "aggregate": {
    "final_pool_candidates": 0,
    "final_pools_built": 195855,
    "pair_candidates": 21449049,
    "pair_pools_built": 201976,
    "roots_examined": 201976,
    "triple_candidates": 195855,
    "triple_pools_built": 21449049
  },
  "anchor_hex": "00302810450002401c80045800a0030",
  "candidate_count": 201976,
  "catalogue": "/data/home/ahw807/Q10_HPC_HANDOFF_PACKAGE/runs/rep16_catalogue/all_masks.hex",
  "catalogue_recorded_path": "/data/home/ahw807/Q10_HPC_HANDOFF_PACKAGE/runs/rep16_catalogue/all_masks.hex",
  "catalogue_sha256": "23eb3a7645fe057278e6a08098053b1e96df7416e279670618dcf27f272c2aa6",
  "claim_boundary": "catalogue completeness must be established by its separate exhaustive enumeration audit",
  "exit_code_histogram": {
    "20": 55
  },
  "join_binary_recorded_path": "/tmp/q10-rep16-26188921/capset_join",
  "join_binary_sha256": "2247456f9f199952d236d87f6ec80ec5f30cecbde9f7c11119a96304f2e4f52d",
  "mathematical_status": "UNSAT_RELATIVE_TO_COMPLETE_CAP_CATALOGUE",
  "maximum_shard_search_seconds": 3.60388,
  "resources": {
    "makespan_seconds_runmeta_to_last_stdout_mtime": 9.88522458076477,
    "maximum_resident_set_size_bytes": 181088256,
    "measurement_note": "resource sums are over 55 BSD /usr/bin/time -l shard records; makespan is filesystem-mtime derived and operational, not proof evidence",
    "sum_external_real_seconds": 143.66,
    "sum_external_system_seconds": 1.3200000000000007,
    "sum_external_user_seconds": 139.60999999999999
  },
  "run_metadata_sha256": "fd4c850d299a02a0766725d325a199cf37e64b778ead142e03b71b7c488ff8e1",
  "shard_ledger": [
    {
      "exit_code": 20,
      "exit_file_sha256": "5378796307535df3ec8d8b15a2e2dc5641419c3d3060cfe32238c0fa973f7aa3",
      "external_real_seconds": 2.48,
      "external_system_seconds": 0.03,
      "external_user_seconds": 2.36,
      "final_pool_candidates": 0,
      "maximum_resident_set_size_bytes": 175325184,
      "pair_candidates": 267350,
      "resource_log_sha256": "f57ac35b34e1a1b28e30e272e375b6e31456f3bdc1cfddd5259d2ddaac9cf62f",
      "root_row_pair": 0,
      "roots_examined": 840,
      "search_seconds": 1.09319,
      "status": "COMPLETE_NO_WITNESS",
      "stdout_sha256": "ab5de720f3fb5806a4f9e43b848022db872556decd6f1ff0ce6e65fb86a5787c",
      "triple_candidates": 5325,
      "witness_sha256": null
    },
    {
      "exit_code": 20,
      "exit_file_sha256": "5378796307535df3ec8d8b15a2e2dc5641419c3d3060cfe32238c0fa973f7aa3",
      "external_real_seconds": 2.73,
      "external_system_seconds": 0.03,
      "external_user_seconds": 2.48,
      "final_pool_candidates": 0,
      "maximum_resident_set_size_bytes": 177594368,
      "pair_candidates": 345751,
      "resource_log_sha256": "bcc6b1b7573ad489993375da215de30a2a40552c6d991d86a812f6003df17eac",
      "root_row_pair": 1,
      "roots_examined": 1278,
      "search_seconds": 1.34461,
      "status": "COMPLETE_NO_WITNESS",
      "stdout_sha256": "b6b9aea947b7057225eef90255a3f9cca5f5d52eb46f74ee55c7899d34765039",
      "triple_candidates": 6528,
      "witness_sha256": null
    },
    {
      "exit_code": 20,
      "exit_file_sha256": "5378796307535df3ec8d8b15a2e2dc5641419c3d3060cfe32238c0fa973f7aa3",
      "external_real_seconds": 3.01,
      "external_system_seconds": 0.03,
      "external_user_seconds": 2.95,
      "final_pool_candidates": 0,
      "maximum_resident_set_size_bytes": 177954816,
      "pair_candidates": 468731,
      "resource_log_sha256": "19bde9025bbeeaddaea77eaf65e3f07bee920814eb13d478c322343553eef031",
      "root_row_pair": 2,
      "roots_examined": 1636,
      "search_seconds": 1.82306,
      "status": "COMPLETE_NO_WITNESS",
      "stdout_sha256": "e8aff45ee16263454597e6f9e691aab2c3f75a5ae9b00e7aecddf9cb18edfccb",
      "triple_candidates": 8227,
      "witness_sha256": null
    },
    {
      "exit_code": 20,
      "exit_file_sha256": "5378796307535df3ec8d8b15a2e2dc5641419c3d3060cfe32238c0fa973f7aa3",
      "external_real_seconds": 4.66,
      "external_system_seconds": 0.03,
      "external_user_seconds": 4.59,
      "final_pool_candidates": 0,
      "maximum_resident_set_size_bytes": 177410048,
      "pair_candidates": 959334,
      "resource_log_sha256": "c9b3af7cb89b6d4177d698cc73b01935494e2a50cd54008a06ac4fabee8fc9bd",
      "root_row_pair": 3,
      "roots_examined": 4541,
      "search_seconds": 3.46981,
      "status": "COMPLETE_NO_WITNESS",
      "stdout_sha256": "605d6d157e7fe069540c2a8ad0388b405ff1649b49e8a66c0a034e2a8c86f8f5",
      "triple_candidates": 11289,
      "witness_sha256": null
    },
    {
      "exit_code": 20,
      "exit_file_sha256": "5378796307535df3ec8d8b15a2e2dc5641419c3d3060cfe32238c0fa973f7aa3",
      "external_real_seconds": 4.37,
      "external_system_seconds": 0.03,
      "external_user_seconds": 4.3,
      "final_pool_candidates": 0,
      "maximum_resident_set_size_bytes": 177553408,
      "pair_candidates": 855260,
      "resource_log_sha256": "cdff91295f6348bd94baf835a6bfa457f66c0de140193d308c67e3892e8e906e",
      "root_row_pair": 4,
      "roots_examined": 3417,
      "search_seconds": 3.1825,
      "status": "COMPLETE_NO_WITNESS",
      "stdout_sha256": "fbdce83239a16b52e5100a6229ab8bb605d9f01bc8af7d0251a46b26a2d17d71",
      "triple_candidates": 13280,
      "witness_sha256": null
    },
    {
      "exit_code": 20,
      "exit_file_sha256": "5378796307535df3ec8d8b15a2e2dc5641419c3d3060cfe32238c0fa973f7aa3",
      "external_real_seconds": 4.98,
      "external_system_seconds": 0.03,
      "external_user_seconds": 4.71,
      "final_pool_candidates": 0,
      "maximum_resident_set_size_bytes": 180252672,
      "pair_candidates": 983862,
      "resource_log_sha256": "5547bc7fd83a888760cad473622964da1f71271470385afb1d5aa8246255a19b",
      "root_row_pair": 5,
      "roots_examined": 4379,
      "search_seconds": 3.60388,
      "status": "COMPLETE_NO_WITNESS",
      "stdout_sha256": "34b8119586dd5a6c83e3983516f5ec231ee928ac2182b8b4e67da486859fb833",
      "triple_candidates": 13640,
      "witness_sha256": null
    },
    {
      "exit_code": 20,
      "exit_file_sha256": "5378796307535df3ec8d8b15a2e2dc5641419c3d3060cfe32238c0fa973f7aa3",
      "external_real_seconds": 3.82,
      "external_system_seconds": 0.03,
      "external_user_seconds": 3.74,
      "final_pool_candidates": 0,
      "maximum_resident_set_size_bytes": 177922048,
      "pair_candidates": 681807,
      "resource_log_sha256": "c79aaf520e6203fcaa71876b25a4ee3b2b2b98e9468c3c2c842b50b3be891b82",
      "root_row_pair": 6,
      "roots_examined": 2408,
      "search_seconds": 2.59876,
      "status": "COMPLETE_NO_WITNESS",
      "stdout_sha256": "281a7f37160561bbd4c980c7858563c57eb4bad1bfc8611a175f197ca6bd4b41",
      "triple_candidates": 11401,
      "witness_sha256": null
    },
    {
      "exit_code": 20,
      "exit_file_sha256": "5378796307535df3ec8d8b15a2e2dc5641419c3d3060cfe32238c0fa973f7aa3",
      "external_real_seconds": 3.15,
      "external_system_seconds": 0.02,
      "external_user_seconds": 2.9,
      "final_pool_candidates": 0,
      "maximum_resident_set_size_bytes": 176402432,
      "pair_candidates": 429987,
      "resource_log_sha256": "cead42cda8785829e334b109c5376f9384ab4deed38a97689b61d78f65467ed2",
      "root_row_pair": 7,
      "roots_examined": 1544,
      "search_seconds": 1.66152,
      "status": "COMPLETE_NO_WITNESS",
      "stdout_sha256": "fd65b38f928300cd9a419304cb00795a6f82c90678e7a1a0f2ca79bbbdf71478",
      "triple_candidates": 7913,
      "witness_sha256": null
    },
    {
      "exit_code": 20,
      "exit_file_sha256": "5378796307535df3ec8d8b15a2e2dc5641419c3d3060cfe32238c0fa973f7aa3",
      "external_real_seconds": 2.32,
      "external_system_seconds": 0.02,
      "external_user_seconds": 2.25,
      "final_pool_candidates": 0,
      "maximum_resident_set_size_bytes": 178188288,
      "pair_candidates": 277400,
      "resource_log_sha256": "1dfa96d563175d99a1a985e7ebc1f7000582d70617bee0cb52e6b14c576dbc4c",
      "root_row_pair": 8,
      "roots_examined": 883,
      "search_seconds": 1.11015,
      "status": "COMPLETE_NO_WITNESS",
      "stdout_sha256": "e764851009c30d98b4955fa765f86d044896086710682e6f55724bf368a449f3",
      "triple_candidates": 5495,
      "witness_sha256": null
    },
    {
      "exit_code": 20,
      "exit_file_sha256": "5378796307535df3ec8d8b15a2e2dc5641419c3d3060cfe32238c0fa973f7aa3",
      "external_real_seconds": 2.5,
      "external_system_seconds": 0.03,
      "external_user_seconds": 2.31,
      "final_pool_candidates": 0,
      "maximum_resident_set_size_bytes": 180228096,
      "pair_candidates": 245415,
      "resource_log_sha256": "8d694b4f98c340838bd22d73b639353bc296eed84bca3b1c88399bb3c0a5cd2b",
      "root_row_pair": 9,
      "roots_examined": 754,
      "search_seconds": 0.968182,
      "status": "COMPLETE_NO_WITNESS",
      "stdout_sha256": "c1d25d3e74bc83da1e55b8d470f2ce3e2c244b13c540637e5377a17f152d7f4c",
      "triple_candidates": 4803,
      "witness_sha256": null
    },
    {
      "exit_code": 20,
      "exit_file_sha256": "5378796307535df3ec8d8b15a2e2dc5641419c3d3060cfe32238c0fa973f7aa3",
      "external_real_seconds": 2.35,
      "external_system_seconds": 0.03,
      "external_user_seconds": 2.11,
      "final_pool_candidates": 0,
      "maximum_resident_set_size_bytes": 177348608,
      "pair_candidates": 259306,
      "resource_log_sha256": "2ae9fefd9cdbeb1a0583b88e79b887396c91fc0f247409d57eb92ea6418fa969",
      "root_row_pair": 10,
      "roots_examined": 1132,
      "search_seconds": 0.962955,
      "status": "COMPLETE_NO_WITNESS",
      "stdout_sha256": "a72d2bc1c940f9751badf32da494caf6e004b0292f5d2c63588f4a8a4f6a7659",
      "triple_candidates": 3930,
      "witness_sha256": null
    },
    {
      "exit_code": 20,
      "exit_file_sha256": "5378796307535df3ec8d8b15a2e2dc5641419c3d3060cfe32238c0fa973f7aa3",
      "external_real_seconds": 2.36,
      "external_system_seconds": 0.03,
      "external_user_seconds": 2.28,
      "final_pool_candidates": 0,
      "maximum_resident_set_size_bytes": 178339840,
      "pair_candidates": 305697,
      "resource_log_sha256": "f2140efeb645a86af1bd2e0db07d3f8a1294572f67376e17a2fd121840a2e903",
      "root_row_pair": 11,
      "roots_examined": 1239,
      "search_seconds": 1.13949,
      "status": "COMPLETE_NO_WITNESS",
      "stdout_sha256": "12b57ecb900614c91367fc93dc046d6aaf98bb3a50aa704ee053943903df0b6b",
      "triple_candidates": 4153,
      "witness_sha256": null
    },
    {
      "exit_code": 20,
      "exit_file_sha256": "5378796307535df3ec8d8b15a2e2dc5641419c3d3060cfe32238c0fa973f7aa3",
      "external_real_seconds": 3.61,
      "external_system_seconds": 0.02,
      "external_user_seconds": 3.53,
      "final_pool_candidates": 0,
      "maximum_resident_set_size_bytes": 177192960,
      "pair_candidates": 685516,
      "resource_log_sha256": "05bca23732b29e37c9907d9511d54a17b5d54e64844dbed167ffa5748b6d7f46",
      "root_row_pair": 12,
      "roots_examined": 3634,
      "search_seconds": 2.40289,
      "status": "COMPLETE_NO_WITNESS",
      "stdout_sha256": "f43677cc1187dd7202a4f230ebfd974cc27f15cf6ce6b8516f05a6cd0247ce45",
      "triple_candidates": 7092,
      "witness_sha256": null
    },
    {
      "exit_code": 20,
      "exit_file_sha256": "5378796307535df3ec8d8b15a2e2dc5641419c3d3060cfe32238c0fa973f7aa3",
      "external_real_seconds": 3.09,
      "external_system_seconds": 0.03,
      "external_user_seconds": 3.0,
      "final_pool_candidates": 0,
      "maximum_resident_set_size_bytes": 181088256,
      "pair_candidates": 527257,
      "resource_log_sha256": "6d2943b8407115076f9750137763abd24d3e042e50a5e7d9a9b1d9179a6b35cd",
      "root_row_pair": 13,
      "roots_examined": 2413,
      "search_seconds": 1.87932,
      "status": "COMPLETE_NO_WITNESS",
      "stdout_sha256": "a5595f84a898f9252e6c5e7eb8fef73f68d3cf4d3fcc880538daee4ac9b98756",
      "triple_candidates": 6461,
      "witness_sha256": null
    },
    {
      "exit_code": 20,
      "exit_file_sha256": "5378796307535df3ec8d8b15a2e2dc5641419c3d3060cfe32238c0fa973f7aa3",
      "external_real_seconds": 4.49,
      "external_system_seconds": 0.04,
      "external_user_seconds": 4.22,
      "final_pool_candidates": 0,
      "maximum_resident_set_size_bytes": 177270784,
      "pair_candidates": 868381,
      "resource_log_sha256": "aee1f62a0eeb7fac8f122654022450ce60c9d6796df861464a615aa7982e7602",
      "root_row_pair": 14,
      "roots_examined": 4457,
      "search_seconds": 3.10746,
      "status": "COMPLETE_NO_WITNESS",
      "stdout_sha256": "27bb2936e6b4de4813b87af6713dff57242161a39fadf2b53db04c6e28c38573",
      "triple_candidates": 9511,
      "witness_sha256": null
    },
    {
      "exit_code": 20,
      "exit_file_sha256": "5378796307535df3ec8d8b15a2e2dc5641419c3d3060cfe32238c0fa973f7aa3",
      "external_real_seconds": 2.37,
      "external_system_seconds": 0.02,
      "external_user_seconds": 2.29,
      "final_pool_candidates": 0,
      "maximum_resident_set_size_bytes": 178073600,
      "pair_candidates": 311206,
      "resource_log_sha256": "0b09e6ec60c07b5932cba2f77cd861815972637bb08213afbd1f49bd46953bb4",
      "root_row_pair": 15,
      "roots_examined": 1331,
      "search_seconds": 1.14352,
      "status": "COMPLETE_NO_WITNESS",
      "stdout_sha256": "5357c1cbb7e4a2531cdf45e0e2ebbcd9ebfe8ba7b29f7d9b0b25db8a63033ef3",
      "triple_candidates": 4062,
      "witness_sha256": null
    },
    {
      "exit_code": 20,
      "exit_file_sha256": "5378796307535df3ec8d8b15a2e2dc5641419c3d3060cfe32238c0fa973f7aa3",
      "external_real_seconds": 2.63,
      "external_system_seconds": 0.02,
      "external_user_seconds": 2.58,
      "final_pool_candidates": 0,
      "maximum_resident_set_size_bytes": 178741248,
      "pair_candidates": 369329,
      "resource_log_sha256": "7699a52cced92f518533587b5669c3c0ff621eb0b459ba848ced02562cd41332",
      "root_row_pair": 16,
      "roots_examined": 1541,
      "search_seconds": 1.37316,
      "status": "COMPLETE_NO_WITNESS",
      "stdout_sha256": "1080b4bc86b4b7d54803aacd2c44950f6ca7951269ff68f24ec0697305e84538",
      "triple_candidates": 5376,
      "witness_sha256": null
    },
    {
      "exit_code": 20,
      "exit_file_sha256": "5378796307535df3ec8d8b15a2e2dc5641419c3d3060cfe32238c0fa973f7aa3",
      "external_real_seconds": 1.93,
      "external_system_seconds": 0.02,
      "external_user_seconds": 1.89,
      "final_pool_candidates": 0,
      "maximum_resident_set_size_bytes": 177324032,
      "pair_candidates": 157598,
      "resource_log_sha256": "7d492bd18b718b44ac3e1ca92e37f24296f6c9fa7549100192eb862da86ae4a4",
      "root_row_pair": 17,
      "roots_examined": 555,
      "search_seconds": 0.612595,
      "status": "COMPLETE_NO_WITNESS",
      "stdout_sha256": "a37f9d97ced6eb1395e4b27b1c59e9b575eaa711233c75da1dfaac9d447c1675",
      "triple_candidates": 3020,
      "witness_sha256": null
    },
    {
      "exit_code": 20,
      "exit_file_sha256": "5378796307535df3ec8d8b15a2e2dc5641419c3d3060cfe32238c0fa973f7aa3",
      "external_real_seconds": 1.97,
      "external_system_seconds": 0.02,
      "external_user_seconds": 1.93,
      "final_pool_candidates": 0,
      "maximum_resident_set_size_bytes": 177115136,
      "pair_candidates": 191309,
      "resource_log_sha256": "2ca2e6306380ca31a6f7c316ff4fcd02413aa31c6f6b115b419e704d5b4c4adc",
      "root_row_pair": 18,
      "roots_examined": 663,
      "search_seconds": 0.731041,
      "status": "COMPLETE_NO_WITNESS",
      "stdout_sha256": "04ad9e19bbcd43369b267ae67be8e35efe55d7ac5f17a27abda1892777cf1a18",
      "triple_candidates": 3424,
      "witness_sha256": null
    },
    {
      "exit_code": 20,
      "exit_file_sha256": "5378796307535df3ec8d8b15a2e2dc5641419c3d3060cfe32238c0fa973f7aa3",
      "external_real_seconds": 2.84,
      "external_system_seconds": 0.03,
      "external_user_seconds": 2.78,
      "final_pool_candidates": 0,
      "maximum_resident_set_size_bytes": 177700864,
      "pair_candidates": 462806,
      "resource_log_sha256": "daa907d2600cbef1740b1fd4300e3e5d6889b9e2e8070bf9cf0f78b857b2de22",
      "root_row_pair": 19,
      "roots_examined": 2434,
      "search_seconds": 1.58058,
      "status": "COMPLETE_NO_WITNESS",
      "stdout_sha256": "b1771eb59258bfdf6ca580fb347d59ff3cd028176a9e35a1e6bd59602c631294",
      "triple_candidates": 4183,
      "witness_sha256": null
    },
    {
      "exit_code": 20,
      "exit_file_sha256": "5378796307535df3ec8d8b15a2e2dc5641419c3d3060cfe32238c0fa973f7aa3",
      "external_real_seconds": 3.87,
      "external_system_seconds": 0.02,
      "external_user_seconds": 3.81,
      "final_pool_candidates": 0,
      "maximum_resident_set_size_bytes": 178917376,
      "pair_candidates": 794048,
      "resource_log_sha256": "9b10302ecb3f06e6dcc36c38af18f5cce130ea4ddeb2f728d1d81221491c1f80",
      "root_row_pair": 20,
      "roots_examined": 5993,
      "search_seconds": 2.62707,
      "status": "COMPLETE_NO_WITNESS",
      "stdout_sha256": "19194642fa6448855027864afcdf089b48edd76d353a4363653d8842b8fb975e",
      "triple_candidates": 4788,
      "witness_sha256": null
    },
    {
      "exit_code": 20,
      "exit_file_sha256": "5378796307535df3ec8d8b15a2e2dc5641419c3d3060cfe32238c0fa973f7aa3",
      "external_real_seconds": 3.88,
      "external_system_seconds": 0.02,
      "external_user_seconds": 3.82,
      "final_pool_candidates": 0,
      "maximum_resident_set_size_bytes": 176787456,
      "pair_candidates": 781651,
      "resource_log_sha256": "33e53e6e97a3f3df2bb2048e2bccdae4232617519056ff00483c80d30d7376a8",
      "root_row_pair": 21,
      "roots_examined": 4977,
      "search_seconds": 2.62967,
      "status": "COMPLETE_NO_WITNESS",
      "stdout_sha256": "acf61749d504b3a07ea306e6974faed1c9e54d9d0666933d0e76a4680bcecb99",
      "triple_candidates": 5893,
      "witness_sha256": null
    },
    {
      "exit_code": 20,
      "exit_file_sha256": "5378796307535df3ec8d8b15a2e2dc5641419c3d3060cfe32238c0fa973f7aa3",
      "external_real_seconds": 4.19,
      "external_system_seconds": 0.02,
      "external_user_seconds": 4.13,
      "final_pool_candidates": 0,
      "maximum_resident_set_size_bytes": 180604928,
      "pair_candidates": 870024,
      "resource_log_sha256": "9ffee7ca7501c6c93addb2a536af924ba66d1c539463a4da089f2f622d607ce5",
      "root_row_pair": 22,
      "roots_examined": 6320,
      "search_seconds": 2.93901,
      "status": "COMPLETE_NO_WITNESS",
      "stdout_sha256": "82101f8567c3fdd68ed22e737fe6e06878be3bd288fe3328f1a6a3ad03f2ab65",
      "triple_candidates": 5958,
      "witness_sha256": null
    },
    {
      "exit_code": 20,
      "exit_file_sha256": "5378796307535df3ec8d8b15a2e2dc5641419c3d3060cfe32238c0fa973f7aa3",
      "external_real_seconds": 3.65,
      "external_system_seconds": 0.02,
      "external_user_seconds": 3.6,
      "final_pool_candidates": 0,
      "maximum_resident_set_size_bytes": 178216960,
      "pair_candidates": 719902,
      "resource_log_sha256": "f0fa3bcfa57ddeaf9d96f922fc6b1f67594026c85d71d2ebd41dd03140a14379",
      "root_row_pair": 23,
      "roots_examined": 3714,
      "search_seconds": 2.41053,
      "status": "COMPLETE_NO_WITNESS",
      "stdout_sha256": "66417cc683c3bc89df0bb5dee91f6a38b49a6f2cd843d4c446206a9339ef6076",
      "triple_candidates": 7022,
      "witness_sha256": null
    },
    {
      "exit_code": 20,
      "exit_file_sha256": "5378796307535df3ec8d8b15a2e2dc5641419c3d3060cfe32238c0fa973f7aa3",
      "external_real_seconds": 2.58,
      "external_system_seconds": 0.02,
      "external_user_seconds": 2.54,
      "final_pool_candidates": 0,
      "maximum_resident_set_size_bytes": 179027968,
      "pair_candidates": 403756,
      "resource_log_sha256": "220455f3494e97cf971883a8c5debf3f04f226f90507726d6d0f0425f2069119",
      "root_row_pair": 24,
      "roots_examined": 2242,
      "search_seconds": 1.33821,
      "status": "COMPLETE_NO_WITNESS",
      "stdout_sha256": "523b64f9e4e057e2a1eac4e68708f0bab72a10e70f78a64be3a71d228f844313",
      "triple_candidates": 3636,
      "witness_sha256": null
    },
    {
      "exit_code": 20,
      "exit_file_sha256": "5378796307535df3ec8d8b15a2e2dc5641419c3d3060cfe32238c0fa973f7aa3",
      "external_real_seconds": 2.33,
      "external_system_seconds": 0.03,
      "external_user_seconds": 2.28,
      "final_pool_candidates": 0,
      "maximum_resident_set_size_bytes": 177324032,
      "pair_candidates": 306684,
      "resource_log_sha256": "d157bc6d3d2b1b77fe7115d8221d8d26afcd2a044f451c2b2512ec84cd2b0b97",
      "root_row_pair": 25,
      "roots_examined": 1370,
      "search_seconds": 1.08475,
      "status": "COMPLETE_NO_WITNESS",
      "stdout_sha256": "881ec823aa71ef8416e532f0d20526aad1ee35d8881138ab371ae2482979b650",
      "triple_candidates": 3758,
      "witness_sha256": null
    },
    {
      "exit_code": 20,
      "exit_file_sha256": "5378796307535df3ec8d8b15a2e2dc5641419c3d3060cfe32238c0fa973f7aa3",
      "external_real_seconds": 2.16,
      "external_system_seconds": 0.01,
      "external_user_seconds": 2.13,
      "final_pool_candidates": 0,
      "maximum_resident_set_size_bytes": 177328128,
      "pair_candidates": 269609,
      "resource_log_sha256": "e99bc3a0db8f9f378bdf8504dafc7ef08cdfc7498f8db5aee978e36b62fb32c9",
      "root_row_pair": 26,
      "roots_examined": 1223,
      "search_seconds": 0.917766,
      "status": "COMPLETE_NO_WITNESS",
      "stdout_sha256": "b61ca8e2c9b972af095870b7106019a9820bdb882e25b58ab039bf68663b5dbf",
      "triple_candidates": 2798,
      "witness_sha256": null
    },
    {
      "exit_code": 20,
      "exit_file_sha256": "5378796307535df3ec8d8b15a2e2dc5641419c3d3060cfe32238c0fa973f7aa3",
      "external_real_seconds": 3.95,
      "external_system_seconds": 0.02,
      "external_user_seconds": 3.88,
      "final_pool_candidates": 0,
      "maximum_resident_set_size_bytes": 180719616,
      "pair_candidates": 851932,
      "resource_log_sha256": "b9fdfb3d08e2fd537b1f5ce4849fa3e64472d0c69d9b41fe03131520eb8796a5",
      "root_row_pair": 27,
      "roots_examined": 7911,
      "search_seconds": 2.68646,
      "status": "COMPLETE_NO_WITNESS",
      "stdout_sha256": "3b899597fcc634cdaeabc3b64302a4ee4183c086d87aee0e80144e0ac9351c25",
      "triple_candidates": 2967,
      "witness_sha256": null
    },
    {
      "exit_code": 20,
      "exit_file_sha256": "5378796307535df3ec8d8b15a2e2dc5641419c3d3060cfe32238c0fa973f7aa3",
      "external_real_seconds": 2.97,
      "external_system_seconds": 0.02,
      "external_user_seconds": 2.92,
      "final_pool_candidates": 0,
      "maximum_resident_set_size_bytes": 177037312,
      "pair_candidates": 557062,
      "resource_log_sha256": "025b288d2bda8fc0b8b62a58521b48ff3758e7ac0bed5b76984c3f5b4b9c3f47",
      "root_row_pair": 28,
      "roots_examined": 4403,
      "search_seconds": 1.72826,
      "status": "COMPLETE_NO_WITNESS",
      "stdout_sha256": "3e916627a3da39b534ccd49a337edda2057928d5194a6d0553ad2da8d74adc3d",
      "triple_candidates": 2490,
      "witness_sha256": null
    },
    {
      "exit_code": 20,
      "exit_file_sha256": "5378796307535df3ec8d8b15a2e2dc5641419c3d3060cfe32238c0fa973f7aa3",
      "external_real_seconds": 3.57,
      "external_system_seconds": 0.03,
      "external_user_seconds": 3.51,
      "final_pool_candidates": 0,
      "maximum_resident_set_size_bytes": 177307648,
      "pair_candidates": 750156,
      "resource_log_sha256": "2bcf56466a7ff5763aa0f5df1e5e60c9495e9cc3bc2fe4e5f19f84a88b7ea324",
      "root_row_pair": 29,
      "roots_examined": 7118,
      "search_seconds": 2.32786,
      "status": "COMPLETE_NO_WITNESS",
      "stdout_sha256": "adabf0613e1faed6a7a14c4ad884b184604d853b98b779163529751eba3b7970",
      "triple_candidates": 2675,
      "witness_sha256": null
    },
    {
      "exit_code": 20,
      "exit_file_sha256": "5378796307535df3ec8d8b15a2e2dc5641419c3d3060cfe32238c0fa973f7aa3",
      "external_real_seconds": 2.85,
      "external_system_seconds": 0.02,
      "external_user_seconds": 2.79,
      "final_pool_candidates": 0,
      "maximum_resident_set_size_bytes": 177954816,
      "pair_candidates": 483360,
      "resource_log_sha256": "84c46b3cd9df27c12d6c8df19c66bfc00dc2cee22ea23a86e7cec1096a257e04",
      "root_row_pair": 30,
      "roots_examined": 3230,
      "search_seconds": 1.51311,
      "status": "COMPLETE_NO_WITNESS",
      "stdout_sha256": "a49c62e85f3ef21a3a003d5c3bee2f89031b5ed177360d2aef411288b6ffa729",
      "triple_candidates": 2589,
      "witness_sha256": null
    },
    {
      "exit_code": 20,
      "exit_file_sha256": "5378796307535df3ec8d8b15a2e2dc5641419c3d3060cfe32238c0fa973f7aa3",
      "external_real_seconds": 2.94,
      "external_system_seconds": 0.02,
      "external_user_seconds": 2.89,
      "final_pool_candidates": 0,
      "maximum_resident_set_size_bytes": 177532928,
      "pair_candidates": 539189,
      "resource_log_sha256": "51d5a70b095aada7c21b2654119b4d44d4d0418da4ff3fa8759568f213b43c9c",
      "root_row_pair": 31,
      "roots_examined": 3431,
      "search_seconds": 1.6923,
      "status": "COMPLETE_NO_WITNESS",
      "stdout_sha256": "5cb440b919f5292d30874b1e0bf8f0ccc2b32bf9a354189b2903b3b4906c7ec5",
      "triple_candidates": 3152,
      "witness_sha256": null
    },
    {
      "exit_code": 20,
      "exit_file_sha256": "5378796307535df3ec8d8b15a2e2dc5641419c3d3060cfe32238c0fa973f7aa3",
      "external_real_seconds": 1.99,
      "external_system_seconds": 0.02,
      "external_user_seconds": 1.95,
      "final_pool_candidates": 0,
      "maximum_resident_set_size_bytes": 177836032,
      "pair_candidates": 221962,
      "resource_log_sha256": "982e3e45c9258c2a1f6f9001f627d000eb0f37f4428930b081cf2849cc802dcd",
      "root_row_pair": 32,
      "roots_examined": 1172,
      "search_seconds": 0.730072,
      "status": "COMPLETE_NO_WITNESS",
      "stdout_sha256": "709b621496379a32a99c1dba2c17953dcb7ef189d4ff7a7409dc1d53f0374ab8",
      "triple_candidates": 1648,
      "witness_sha256": null
    },
    {
      "exit_code": 20,
      "exit_file_sha256": "5378796307535df3ec8d8b15a2e2dc5641419c3d3060cfe32238c0fa973f7aa3",
      "external_real_seconds": 2.26,
      "external_system_seconds": 0.02,
      "external_user_seconds": 2.21,
      "final_pool_candidates": 0,
      "maximum_resident_set_size_bytes": 177254400,
      "pair_candidates": 322686,
      "resource_log_sha256": "eb9a365ab0b1aaa42d916548214f75f91f2d00a31e3f723596de6558c355e73b",
      "root_row_pair": 33,
      "roots_examined": 1731,
      "search_seconds": 1.0173,
      "status": "COMPLETE_NO_WITNESS",
      "stdout_sha256": "c7fd3072b0d8d2fb7bc4464d6254d738622bf7474436307a9285d90a3ed47111",
      "triple_candidates": 2268,
      "witness_sha256": null
    },
    {
      "exit_code": 20,
      "exit_file_sha256": "5378796307535df3ec8d8b15a2e2dc5641419c3d3060cfe32238c0fa973f7aa3",
      "external_real_seconds": 3.6,
      "external_system_seconds": 0.02,
      "external_user_seconds": 3.54,
      "final_pool_candidates": 0,
      "maximum_resident_set_size_bytes": 177115136,
      "pair_candidates": 722678,
      "resource_log_sha256": "64cc669800ac318ce9fe36998245b0b824d78355514b08a72f04f1cb0d20926a",
      "root_row_pair": 34,
      "roots_examined": 13529,
      "search_seconds": 2.34085,
      "status": "COMPLETE_NO_WITNESS",
      "stdout_sha256": "020fb83635bf7db0b1f98ccedff44b1de3f577dd6e2579de1f27671a726549ba",
      "triple_candidates": 842,
      "witness_sha256": null
    },
    {
      "exit_code": 20,
      "exit_file_sha256": "5378796307535df3ec8d8b15a2e2dc5641419c3d3060cfe32238c0fa973f7aa3",
      "external_real_seconds": 3.63,
      "external_system_seconds": 0.02,
      "external_user_seconds": 3.58,
      "final_pool_candidates": 0,
      "maximum_resident_set_size_bytes": 177872896,
      "pair_candidates": 708077,
      "resource_log_sha256": "a34f5674f3fa7d27c016fdf521071dc2ad794e6763b8223ccca017212d7a9d3b",
      "root_row_pair": 35,
      "roots_examined": 17010,
      "search_seconds": 2.37378,
      "status": "COMPLETE_NO_WITNESS",
      "stdout_sha256": "853458f24ac185ea1ea0e177dfa4cb63c9e5c4231e04792bc8f2e8abc73245d7",
      "triple_candidates": 792,
      "witness_sha256": null
    },
    {
      "exit_code": 20,
      "exit_file_sha256": "5378796307535df3ec8d8b15a2e2dc5641419c3d3060cfe32238c0fa973f7aa3",
      "external_real_seconds": 2.92,
      "external_system_seconds": 0.03,
      "external_user_seconds": 2.87,
      "final_pool_candidates": 0,
      "maximum_resident_set_size_bytes": 178360320,
      "pair_candidates": 548170,
      "resource_log_sha256": "d91349af3167861aa123ae3764255b06f7870dec01339ecff708954240577c55",
      "root_row_pair": 36,
      "roots_examined": 7814,
      "search_seconds": 1.67816,
      "status": "COMPLETE_NO_WITNESS",
      "stdout_sha256": "75bc846f7b06766cd76eb6801918dfbffdf9509764675d6e0abef3cddf8ab5d3",
      "triple_candidates": 836,
      "witness_sha256": null
    },
    {
      "exit_code": 20,
      "exit_file_sha256": "5378796307535df3ec8d8b15a2e2dc5641419c3d3060cfe32238c0fa973f7aa3",
      "external_real_seconds": 2.68,
      "external_system_seconds": 0.02,
      "external_user_seconds": 2.64,
      "final_pool_candidates": 0,
      "maximum_resident_set_size_bytes": 178810880,
      "pair_candidates": 475510,
      "resource_log_sha256": "2060983a73a764d989fa9075218398e8f951d5d59e8eca88897024e3b5f8b1ab",
      "root_row_pair": 37,
      "roots_examined": 6553,
      "search_seconds": 1.44038,
      "status": "COMPLETE_NO_WITNESS",
      "stdout_sha256": "61afd761ad2bb4b98bc5c8ffadd72e82f381a10fa74faf71053108f02ff90d29",
      "triple_candidates": 720,
      "witness_sha256": null
    },
    {
      "exit_code": 20,
      "exit_file_sha256": "5378796307535df3ec8d8b15a2e2dc5641419c3d3060cfe32238c0fa973f7aa3",
      "external_real_seconds": 2.46,
      "external_system_seconds": 0.02,
      "external_user_seconds": 2.41,
      "final_pool_candidates": 0,
      "maximum_resident_set_size_bytes": 177549312,
      "pair_candidates": 404234,
      "resource_log_sha256": "0b0ea4f02228a97610b097a67198dfca34a5d500c3d5b246151a994d9597a642",
      "root_row_pair": 38,
      "roots_examined": 4262,
      "search_seconds": 1.21492,
      "status": "COMPLETE_NO_WITNESS",
      "stdout_sha256": "af51670f3b3e99114217e78b58ae1063ceb4a5ac3cba3f1add2624e30c7cbebd",
      "triple_candidates": 1019,
      "witness_sha256": null
    },
    {
      "exit_code": 20,
      "exit_file_sha256": "5378796307535df3ec8d8b15a2e2dc5641419c3d3060cfe32238c0fa973f7aa3",
      "external_real_seconds": 2.15,
      "external_system_seconds": 0.03,
      "external_user_seconds": 2.1,
      "final_pool_candidates": 0,
      "maximum_resident_set_size_bytes": 177123328,
      "pair_candidates": 305662,
      "resource_log_sha256": "3c94583d2971f5f91a151179a85089948f39de5b95c22536575d86ffaa0e51cb",
      "root_row_pair": 39,
      "roots_examined": 3182,
      "search_seconds": 0.907627,
      "status": "COMPLETE_NO_WITNESS",
      "stdout_sha256": "75d78e3cf89541bfc36e3a50dc194e0c67f92ea98542f3c774314a19ba1db640",
      "triple_candidates": 666,
      "witness_sha256": null
    },
    {
      "exit_code": 20,
      "exit_file_sha256": "5378796307535df3ec8d8b15a2e2dc5641419c3d3060cfe32238c0fa973f7aa3",
      "external_real_seconds": 1.96,
      "external_system_seconds": 0.02,
      "external_user_seconds": 1.92,
      "final_pool_candidates": 0,
      "maximum_resident_set_size_bytes": 179982336,
      "pair_candidates": 178686,
      "resource_log_sha256": "f2603cf2564012c923fd9a9265d0ffe05d992ca7f7ad5cea5e17445c4a06a09d",
      "root_row_pair": 40,
      "roots_examined": 12721,
      "search_seconds": 0.700229,
      "status": "COMPLETE_NO_WITNESS",
      "stdout_sha256": "e73a08308aa2e9d8545234b7bc6b7fea02ee5340c04d8b87fbed60cca51a4d8a",
      "triple_candidates": 64,
      "witness_sha256": null
    },
    {
      "exit_code": 20,
      "exit_file_sha256": "5378796307535df3ec8d8b15a2e2dc5641419c3d3060cfe32238c0fa973f7aa3",
      "external_real_seconds": 1.65,
      "external_system_seconds": 0.02,
      "external_user_seconds": 1.61,
      "final_pool_candidates": 0,
      "maximum_resident_set_size_bytes": 178307072,
      "pair_candidates": 120658,
      "resource_log_sha256": "9c53ec14f8d4eaa1e54735f0d7862cca7d2e8459624757cc2c856c99f4950902",
      "root_row_pair": 41,
      "roots_examined": 4638,
      "search_seconds": 0.404559,
      "status": "COMPLETE_NO_WITNESS",
      "stdout_sha256": "c6a13abd1fde9d273db80ee6113b0a5e790cb24589d0024dabfd155e52d2cc8c",
      "triple_candidates": 34,
      "witness_sha256": null
    },
    {
      "exit_code": 20,
      "exit_file_sha256": "5378796307535df3ec8d8b15a2e2dc5641419c3d3060cfe32238c0fa973f7aa3",
      "external_real_seconds": 1.76,
      "external_system_seconds": 0.03,
      "external_user_seconds": 1.71,
      "final_pool_candidates": 0,
      "maximum_resident_set_size_bytes": 178028544,
      "pair_candidates": 142320,
      "resource_log_sha256": "5f7d07e4805e496e5cdd932c7a3af430ffa51160a4ec462349f17719c305f476",
      "root_row_pair": 42,
      "roots_examined": 4604,
      "search_seconds": 0.496944,
      "status": "COMPLETE_NO_WITNESS",
      "stdout_sha256": "3855aa39e62436702a79de0095d7cdfbedc95356015e8f7680fbf67951ac9a09",
      "triple_candidates": 44,
      "witness_sha256": null
    },
    {
      "exit_code": 20,
      "exit_file_sha256": "5378796307535df3ec8d8b15a2e2dc5641419c3d3060cfe32238c0fa973f7aa3",
      "external_real_seconds": 1.54,
      "external_system_seconds": 0.02,
      "external_user_seconds": 1.51,
      "final_pool_candidates": 0,
      "maximum_resident_set_size_bytes": 177053696,
      "pair_candidates": 84681,
      "resource_log_sha256": "9e81da0a22282f7744eb5c239a0aff4393700fa1085c0c3de8ba5df182713aaf",
      "root_row_pair": 43,
      "roots_examined": 2095,
      "search_seconds": 0.288139,
      "status": "COMPLETE_NO_WITNESS",
      "stdout_sha256": "6f9ba10c01caad8b492b37f1a53b3cb50e6e6908211192fb9e3f1acb3a8845e8",
      "triple_candidates": 33,
      "witness_sha256": null
    },
    {
      "exit_code": 20,
      "exit_file_sha256": "5378796307535df3ec8d8b15a2e2dc5641419c3d3060cfe32238c0fa973f7aa3",
      "external_real_seconds": 1.57,
      "external_system_seconds": 0.03,
      "external_user_seconds": 1.53,
      "final_pool_candidates": 0,
      "maximum_resident_set_size_bytes": 177061888,
      "pair_candidates": 106110,
      "resource_log_sha256": "f5db7726afcfe029e0544ae88c17429a67b482a71f5350163a6e9ae46e0c5f3e",
      "root_row_pair": 44,
      "roots_examined": 2498,
      "search_seconds": 0.331287,
      "status": "COMPLETE_NO_WITNESS",
      "stdout_sha256": "b7f3b1fa4952fbbeaf9e028b904a8049c0eeda72f5fcd1a0f6bb0ca97e4b6751",
      "triple_candidates": 50,
      "witness_sha256": null
    },
    {
      "exit_code": 20,
      "exit_file_sha256": "5378796307535df3ec8d8b15a2e2dc5641419c3d3060cfe32238c0fa973f7aa3",
      "external_real_seconds": 1.4,
      "external_system_seconds": 0.03,
      "external_user_seconds": 1.36,
      "final_pool_candidates": 0,
      "maximum_resident_set_size_bytes": 177483776,
      "pair_candidates": 36103,
      "resource_log_sha256": "d2ef16fb0c9879fee207275eb0238b2db4b04d015c8f414587fb963eff9f6726",
      "root_row_pair": 45,
      "roots_examined": 7912,
      "search_seconds": 0.159217,
      "status": "COMPLETE_NO_WITNESS",
      "stdout_sha256": "64ae1cc42dabf2dfcd6322a05180b0022a04e74f8591e4b4a840d5cbabf39af0",
      "triple_candidates": 0,
      "witness_sha256": null
    },
    {
      "exit_code": 20,
      "exit_file_sha256": "5378796307535df3ec8d8b15a2e2dc5641419c3d3060cfe32238c0fa973f7aa3",
      "external_real_seconds": 1.44,
      "external_system_seconds": 0.02,
      "external_user_seconds": 1.4,
      "final_pool_candidates": 0,
      "maximum_resident_set_size_bytes": 177250304,
      "pair_candidates": 29742,
      "resource_log_sha256": "b74a54d37d7536b1c275730c788c6ce1641c25a5e928c8dc6c3258246cfbd5e0",
      "root_row_pair": 46,
      "roots_examined": 5584,
      "search_seconds": 0.127441,
      "status": "COMPLETE_NO_WITNESS",
      "stdout_sha256": "2db6b4b3e790ee3ca25d4c37dfcdb7a1c15575fcf1e518a34fc7178955ebad18",
      "triple_candidates": 0,
      "witness_sha256": null
    },
    {
      "exit_code": 20,
      "exit_file_sha256": "5378796307535df3ec8d8b15a2e2dc5641419c3d3060cfe32238c0fa973f7aa3",
      "external_real_seconds": 1.35,
      "external_system_seconds": 0.02,
      "external_user_seconds": 1.32,
      "final_pool_candidates": 0,
      "maximum_resident_set_size_bytes": 179048448,
      "pair_candidates": 25815,
      "resource_log_sha256": "82ae6c758076871e4c348ba78676344ccff6e1238778a28a30864381378c0a35",
      "root_row_pair": 47,
      "roots_examined": 2933,
      "search_seconds": 0.111985,
      "status": "COMPLETE_NO_WITNESS",
      "stdout_sha256": "1f58c6b869422b1c3765a1a62e6a7020eae4a1541a2a9c6dc7034361846f6a42",
      "triple_candidates": 0,
      "witness_sha256": null
    },
    {
      "exit_code": 20,
      "exit_file_sha256": "5378796307535df3ec8d8b15a2e2dc5641419c3d3060cfe32238c0fa973f7aa3",
      "external_real_seconds": 1.36,
      "external_system_seconds": 0.02,
      "external_user_seconds": 1.32,
      "final_pool_candidates": 0,
      "maximum_resident_set_size_bytes": 179884032,
      "pair_candidates": 28539,
      "resource_log_sha256": "87488f435f32bedf9d84913b40a66338e1420ca6c384ff4e5c05c9350d31119b",
      "root_row_pair": 48,
      "roots_examined": 3130,
      "search_seconds": 0.12235,
      "status": "COMPLETE_NO_WITNESS",
      "stdout_sha256": "843da7a12ff817449c103d3c43a179634b443986db4c0130cc993396d7e79afb",
      "triple_candidates": 0,
      "witness_sha256": null
    },
    {
      "exit_code": 20,
      "exit_file_sha256": "5378796307535df3ec8d8b15a2e2dc5641419c3d3060cfe32238c0fa973f7aa3",
      "external_real_seconds": 1.24,
      "external_system_seconds": 0.03,
      "external_user_seconds": 1.2,
      "final_pool_candidates": 0,
      "maximum_resident_set_size_bytes": 177545216,
      "pair_candidates": 2382,
      "resource_log_sha256": "c7cca614587274e4107c42fa6d1a5641a6535f32f5ee85c8fda1ce35f8c31b0e",
      "root_row_pair": 49,
      "roots_examined": 2632,
      "search_seconds": 0.0190047,
      "status": "COMPLETE_NO_WITNESS",
      "stdout_sha256": "a98582dbf78e1dd81e5bc6206aada802f93b40adfbf5ece4416d26e3a04c4179",
      "triple_candidates": 0,
      "witness_sha256": null
    },
    {
      "exit_code": 20,
      "exit_file_sha256": "5378796307535df3ec8d8b15a2e2dc5641419c3d3060cfe32238c0fa973f7aa3",
      "external_real_seconds": 1.22,
      "external_system_seconds": 0.02,
      "external_user_seconds": 1.19,
      "final_pool_candidates": 0,
      "maximum_resident_set_size_bytes": 177516544,
      "pair_candidates": 2021,
      "resource_log_sha256": "1b6d322d4440a12de3698fcd3ef91584b21df3e4e10cee1e95824fceee077ae5",
      "root_row_pair": 50,
      "roots_examined": 1182,
      "search_seconds": 0.0125922,
      "status": "COMPLETE_NO_WITNESS",
      "stdout_sha256": "b826947a0419f91e37c8ac4b9397e0ac55861964fc565265c539ba446e10aa3f",
      "triple_candidates": 0,
      "witness_sha256": null
    },
    {
      "exit_code": 20,
      "exit_file_sha256": "5378796307535df3ec8d8b15a2e2dc5641419c3d3060cfe32238c0fa973f7aa3",
      "external_real_seconds": 1.22,
      "external_system_seconds": 0.02,
      "external_user_seconds": 1.19,
      "final_pool_candidates": 0,
      "maximum_resident_set_size_bytes": 177119232,
      "pair_candidates": 2338,
      "resource_log_sha256": "fd0894b1c4a82e91d66c0473bee0715ed86d398fff7500e5ef5bd270fed61066",
      "root_row_pair": 51,
      "roots_examined": 1291,
      "search_seconds": 0.0163264,
      "status": "COMPLETE_NO_WITNESS",
      "stdout_sha256": "d89fa46ec3c26037206c91a2c3943442b814abf166021a9297f71c7a88bf3ae2",
      "triple_candidates": 0,
      "witness_sha256": null
    },
    {
      "exit_code": 20,
      "exit_file_sha256": "5378796307535df3ec8d8b15a2e2dc5641419c3d3060cfe32238c0fa973f7aa3",
      "external_real_seconds": 1.23,
      "external_system_seconds": 0.03,
      "external_user_seconds": 1.18,
      "final_pool_candidates": 0,
      "maximum_resident_set_size_bytes": 180977664,
      "pair_candidates": 0,
      "resource_log_sha256": "1277a2467c39b6d7b971f67110099126cbe208f66d22f851e9657c01f34abc91",
      "root_row_pair": 52,
      "roots_examined": 1039,
      "search_seconds": 0.00530807,
      "status": "COMPLETE_NO_WITNESS",
      "stdout_sha256": "66b0dcd108afeae9dcb59c1841b7df54c8a4c7f2f3a29354cd4375cb09b08800",
      "triple_candidates": 0,
      "witness_sha256": null
    },
    {
      "exit_code": 20,
      "exit_file_sha256": "5378796307535df3ec8d8b15a2e2dc5641419c3d3060cfe32238c0fa973f7aa3",
      "external_real_seconds": 1.21,
      "external_system_seconds": 0.02,
      "external_user_seconds": 1.18,
      "final_pool_candidates": 0,
      "maximum_resident_set_size_bytes": 178958336,
      "pair_candidates": 0,
      "resource_log_sha256": "8dd3223f773b56313d12ebe938cd464f611e8ee23431b93d2da58d84d9e7a67e",
      "root_row_pair": 53,
      "roots_examined": 903,
      "search_seconds": 0.00368452,
      "status": "COMPLETE_NO_WITNESS",
      "stdout_sha256": "38035c9f62902f92e7cb9fdb4ff1f17d1b1dc012b9191078cc171533c25e460e",
      "triple_candidates": 0,
      "witness_sha256": null
    },
    {
      "exit_code": 20,
      "exit_file_sha256": "5378796307535df3ec8d8b15a2e2dc5641419c3d3060cfe32238c0fa973f7aa3",
      "external_real_seconds": 1.22,
      "external_system_seconds": 0.02,
      "external_user_seconds": 1.19,
      "final_pool_candidates": 0,
      "maximum_resident_set_size_bytes": 177233920,
      "pair_candidates": 0,
      "resource_log_sha256": "90b1806cb45bcd45903282858268db512e6b03e2f0c82135c7d7c9203c7cd82d",
      "root_row_pair": 54,
      "roots_examined": 550,
      "search_seconds": 0.00281469,
      "status": "COMPLETE_NO_WITNESS",
      "stdout_sha256": "869d982095fce16f4f924725f3794f24329507f76a031d0061a855fd8d0f228e",
      "triple_candidates": 0,
      "witness_sha256": null
    }
  ],
  "shards": 55,
  "status": "PASS",
  "status_histogram": {
    "COMPLETE_NO_WITNESS": 55
  },
  "sum_search_seconds": 74.18863958,
  "witnesses": []
}
