{
  "aggregate": {
    "final_pool_candidates": 0,
    "final_pools_built": 35561143,
    "pair_candidates": 817084231,
    "pair_pools_built": 1323454,
    "roots_examined": 1323454,
    "triple_candidates": 35561143,
    "triple_pools_built": 817084231
  },
  "anchor_hex": "00492001128101080824015201040a0",
  "candidate_count": 1323454,
  "catalogue": "/data/home/ahw807/Q10_HPC_HANDOFF_PACKAGE/runs/rep34_catalogue/all_masks.hex",
  "catalogue_recorded_path": "/data/home/ahw807/Q10_HPC_HANDOFF_PACKAGE/runs/rep34_catalogue/all_masks.hex",
  "catalogue_sha256": "5ff7f5c148b80610ca75ea67c3dcbdac2ff391be17e333b395d6c5b6906bcdb5",
  "claim_boundary": "catalogue completeness must be established by its separate exhaustive enumeration audit",
  "exit_code_histogram": {
    "20": 55
  },
  "join_binary_recorded_path": "/tmp/q10-rep34-26188938/capset_join",
  "join_binary_sha256": "2247456f9f199952d236d87f6ec80ec5f30cecbde9f7c11119a96304f2e4f52d",
  "mathematical_status": "UNSAT_RELATIVE_TO_COMPLETE_CAP_CATALOGUE",
  "maximum_shard_search_seconds": 267.524,
  "resources": {
    "makespan_seconds_runmeta_to_last_stdout_mtime": 364.9548661708832,
    "maximum_resident_set_size_bytes": 1386397696,
    "measurement_note": "resource sums are over 55 BSD /usr/bin/time -l shard records; makespan is filesystem-mtime derived and operational, not proof evidence",
    "sum_external_real_seconds": 5548.070000000001,
    "sum_external_system_seconds": 9.25,
    "sum_external_user_seconds": 5426.680000000002
  },
  "run_metadata_sha256": "b32986c7b7eb3ecd1f0538c0c6a02db313e8579453667c0994dcbbac6876373b",
  "shard_ledger": [
    {
      "exit_code": 20,
      "exit_file_sha256": "5378796307535df3ec8d8b15a2e2dc5641419c3d3060cfe32238c0fa973f7aa3",
      "external_real_seconds": 110.07,
      "external_system_seconds": 0.16,
      "external_user_seconds": 108.41,
      "final_pool_candidates": 0,
      "maximum_resident_set_size_bytes": 1383972864,
      "pair_candidates": 9857798,
      "resource_log_sha256": "982b463578c3e2bded5c2fd819a924efa85c072ae36830d8165398d4234c9362",
      "root_row_pair": 0,
      "roots_examined": 5351,
      "search_seconds": 102.059,
      "status": "COMPLETE_NO_WITNESS",
      "stdout_sha256": "4b46319facf80dbb0bc22d8664691734cb0d0bdffe40ede3bf2c1ed4900261ec",
      "triple_candidates": 973200,
      "witness_sha256": null
    },
    {
      "exit_code": 20,
      "exit_file_sha256": "5378796307535df3ec8d8b15a2e2dc5641419c3d3060cfe32238c0fa973f7aa3",
      "external_real_seconds": 134.59,
      "external_system_seconds": 0.23,
      "external_user_seconds": 133.4,
      "final_pool_candidates": 0,
      "maximum_resident_set_size_bytes": 1383817216,
      "pair_candidates": 13513104,
      "resource_log_sha256": "1bf8ac190033c0ab9c61c62ed57f56a1e6fb7043b5706b2efe6e1bc20516bad3",
      "root_row_pair": 1,
      "roots_examined": 7904,
      "search_seconds": 127.401,
      "status": "COMPLETE_NO_WITNESS",
      "stdout_sha256": "0f0d5e04cdbd1a64388ad8610201b7d4675a78f90d09db75c62ae6a5aa0bf0a9",
      "triple_candidates": 1134834,
      "witness_sha256": null
    },
    {
      "exit_code": 20,
      "exit_file_sha256": "5378796307535df3ec8d8b15a2e2dc5641419c3d3060cfe32238c0fa973f7aa3",
      "external_real_seconds": 175.85,
      "external_system_seconds": 0.2,
      "external_user_seconds": 172.85,
      "final_pool_candidates": 0,
      "maximum_resident_set_size_bytes": 1385078784,
      "pair_candidates": 19422325,
      "resource_log_sha256": "fc14ca2b183b6d62dcc37f6a51ed368824834b3188657115b7e431750b68e8ea",
      "root_row_pair": 2,
      "roots_examined": 11997,
      "search_seconds": 168.58,
      "status": "COMPLETE_NO_WITNESS",
      "stdout_sha256": "9a1a0db750b587ac9fa004a939db263a8041abffe640962362255b7bac59c57a",
      "triple_candidates": 1423936,
      "witness_sha256": null
    },
    {
      "exit_code": 20,
      "exit_file_sha256": "5378796307535df3ec8d8b15a2e2dc5641419c3d3060cfe32238c0fa973f7aa3",
      "external_real_seconds": 270.41,
      "external_system_seconds": 0.26,
      "external_user_seconds": 265.15,
      "final_pool_candidates": 0,
      "maximum_resident_set_size_bytes": 1385263104,
      "pair_candidates": 32420023,
      "resource_log_sha256": "255036ea21e9fe9abd6aa7fdff42528db3cf505f9bd509192978f3a10a0f3b2a",
      "root_row_pair": 3,
      "roots_examined": 24060,
      "search_seconds": 262.116,
      "status": "COMPLETE_NO_WITNESS",
      "stdout_sha256": "d1f66cc446892079f7bf7bb8b96c7e5a83a08d898220370b5b1513e78acd0786",
      "triple_candidates": 1994158,
      "witness_sha256": null
    },
    {
      "exit_code": 20,
      "exit_file_sha256": "5378796307535df3ec8d8b15a2e2dc5641419c3d3060cfe32238c0fa973f7aa3",
      "external_real_seconds": 265.95,
      "external_system_seconds": 0.15,
      "external_user_seconds": 261.27,
      "final_pool_candidates": 0,
      "maximum_resident_set_size_bytes": 1385074688,
      "pair_candidates": 33369367,
      "resource_log_sha256": "59727b6432bf68bbdfc3c579a2d9bd20d26a7416eea7eeb062077ee0c378d7e1",
      "root_row_pair": 4,
      "roots_examined": 24367,
      "search_seconds": 258.71,
      "status": "COMPLETE_NO_WITNESS",
      "stdout_sha256": "a67713548744c09f21010d4da5b34b63155b8aabec7691a38188e7dd27aa3621",
      "triple_candidates": 2257869,
      "witness_sha256": null
    },
    {
      "exit_code": 20,
      "exit_file_sha256": "5378796307535df3ec8d8b15a2e2dc5641419c3d3060cfe32238c0fa973f7aa3",
      "external_real_seconds": 274.79,
      "external_system_seconds": 0.18,
      "external_user_seconds": 273.0,
      "final_pool_candidates": 0,
      "maximum_resident_set_size_bytes": 1384116224,
      "pair_candidates": 36033632,
      "resource_log_sha256": "28c51af3327294238d02c25cf82197e09e8a10d2cb8e50c772c467809cf4cb93",
      "root_row_pair": 5,
      "roots_examined": 28439,
      "search_seconds": 267.524,
      "status": "COMPLETE_NO_WITNESS",
      "stdout_sha256": "26fe96b3b8dfb1736a2e647c4a53d99e3da1ab9efc542ce639357b1ce8e3cf8f",
      "triple_candidates": 2197734,
      "witness_sha256": null
    },
    {
      "exit_code": 20,
      "exit_file_sha256": "5378796307535df3ec8d8b15a2e2dc5641419c3d3060cfe32238c0fa973f7aa3",
      "external_real_seconds": 216.22,
      "external_system_seconds": 0.17,
      "external_user_seconds": 214.74,
      "final_pool_candidates": 0,
      "maximum_resident_set_size_bytes": 1385238528,
      "pair_candidates": 24460102,
      "resource_log_sha256": "2ff8914b9ecab4c5fca78ce96853a900240b41caaf28c04cdc8af0329e138ac6",
      "root_row_pair": 6,
      "roots_examined": 15125,
      "search_seconds": 209.047,
      "status": "COMPLETE_NO_WITNESS",
      "stdout_sha256": "d9169e3f04a2c93b80a49e1c3810117f1eebc8642aa459e7fa17144579c9e938",
      "triple_candidates": 1858082,
      "witness_sha256": null
    },
    {
      "exit_code": 20,
      "exit_file_sha256": "5378796307535df3ec8d8b15a2e2dc5641419c3d3060cfe32238c0fa973f7aa3",
      "external_real_seconds": 142.59,
      "external_system_seconds": 0.16,
      "external_user_seconds": 140.31,
      "final_pool_candidates": 0,
      "maximum_resident_set_size_bytes": 1378680832,
      "pair_candidates": 14981535,
      "resource_log_sha256": "ce3eef1afb5301238558434cb71c8f150c77e948ca53c6fca18f73b8d76d661c",
      "root_row_pair": 7,
      "roots_examined": 8896,
      "search_seconds": 133.411,
      "status": "COMPLETE_NO_WITNESS",
      "stdout_sha256": "c7890ef334a93cf0e85898027abd8f641e422d5fce0b36f029515b2cab448503",
      "triple_candidates": 1277843,
      "witness_sha256": null
    },
    {
      "exit_code": 20,
      "exit_file_sha256": "5378796307535df3ec8d8b15a2e2dc5641419c3d3060cfe32238c0fa973f7aa3",
      "external_real_seconds": 123.86,
      "external_system_seconds": 0.22,
      "external_user_seconds": 122.23,
      "final_pool_candidates": 0,
      "maximum_resident_set_size_bytes": 1383170048,
      "pair_candidates": 11071857,
      "resource_log_sha256": "2e8ccff23f02b5a819dcefb186bd8905a2016c01644f54e9578135007ff8bba2",
      "root_row_pair": 8,
      "roots_examined": 5630,
      "search_seconds": 116.651,
      "status": "COMPLETE_NO_WITNESS",
      "stdout_sha256": "6b19a7e927411993c08c102f73a74ddd0501c469f0c9e9a49af9969f208a571a",
      "triple_candidates": 1083907,
      "witness_sha256": null
    },
    {
      "exit_code": 20,
      "exit_file_sha256": "5378796307535df3ec8d8b15a2e2dc5641419c3d3060cfe32238c0fa973f7aa3",
      "external_real_seconds": 105.28,
      "external_system_seconds": 0.17,
      "external_user_seconds": 103.98,
      "final_pool_candidates": 0,
      "maximum_resident_set_size_bytes": 1384009728,
      "pair_candidates": 9822619,
      "resource_log_sha256": "a704307c966e6c49118f024f4e2e169ab647dba89787b7755ef3e57b51188b4d",
      "root_row_pair": 9,
      "roots_examined": 5253,
      "search_seconds": 96.9955,
      "status": "COMPLETE_NO_WITNESS",
      "stdout_sha256": "d94a62c28d065fefe6cf302c1fd4f76d57901dffa773a1a5e481ba028d680f8b",
      "triple_candidates": 985111,
      "witness_sha256": null
    },
    {
      "exit_code": 20,
      "exit_file_sha256": "5378796307535df3ec8d8b15a2e2dc5641419c3d3060cfe32238c0fa973f7aa3",
      "external_real_seconds": 97.32,
      "external_system_seconds": 0.18,
      "external_user_seconds": 94.75,
      "final_pool_candidates": 0,
      "maximum_resident_set_size_bytes": 1381978112,
      "pair_candidates": 10791665,
      "resource_log_sha256": "bc74bbba6751ae1ad41aba419b2870ca3e47a023efaad76b1d2f5986eed37ca9",
      "root_row_pair": 10,
      "roots_examined": 7605,
      "search_seconds": 87.5025,
      "status": "COMPLETE_NO_WITNESS",
      "stdout_sha256": "fb312ba9faf4a388bc0963d7bf3d38e9546221fb113aebfc66bee3e69bdbe3a4",
      "triple_candidates": 791091,
      "witness_sha256": null
    },
    {
      "exit_code": 20,
      "exit_file_sha256": "5378796307535df3ec8d8b15a2e2dc5641419c3d3060cfe32238c0fa973f7aa3",
      "external_real_seconds": 101.08,
      "external_system_seconds": 0.19,
      "external_user_seconds": 98.26,
      "final_pool_candidates": 0,
      "maximum_resident_set_size_bytes": 1384419328,
      "pair_candidates": 11446357,
      "resource_log_sha256": "582fefe31d86e462969af4129cb957359e2132413586ac6de23accdf49a898b4",
      "root_row_pair": 11,
      "roots_examined": 8570,
      "search_seconds": 91.0154,
      "status": "COMPLETE_NO_WITNESS",
      "stdout_sha256": "b407f6457e578e777a45dd5497ac068037428c406d7ba62de4c0f36442296b31",
      "triple_candidates": 702235,
      "witness_sha256": null
    },
    {
      "exit_code": 20,
      "exit_file_sha256": "5378796307535df3ec8d8b15a2e2dc5641419c3d3060cfe32238c0fa973f7aa3",
      "external_real_seconds": 183.87,
      "external_system_seconds": 0.15,
      "external_user_seconds": 182.26,
      "final_pool_candidates": 0,
      "maximum_resident_set_size_bytes": 1384112128,
      "pair_candidates": 24398362,
      "resource_log_sha256": "1d9fbd6f367352548b8ec52e5763c417d7e032a4cbfd1e31abc05e35bd207da9",
      "root_row_pair": 12,
      "roots_examined": 21906,
      "search_seconds": 176.381,
      "status": "COMPLETE_NO_WITNESS",
      "stdout_sha256": "556495f4c12652c3f692a835f14bf0e0692d68d1a593f90be57f6e988aeed70e",
      "triple_candidates": 1301615,
      "witness_sha256": null
    },
    {
      "exit_code": 20,
      "exit_file_sha256": "5378796307535df3ec8d8b15a2e2dc5641419c3d3060cfe32238c0fa973f7aa3",
      "external_real_seconds": 144.01,
      "external_system_seconds": 0.22,
      "external_user_seconds": 141.27,
      "final_pool_candidates": 0,
      "maximum_resident_set_size_bytes": 1383845888,
      "pair_candidates": 19313944,
      "resource_log_sha256": "de8bb9f2dccd259d8bb06559669bb8b4669105d4d677f719329e310530690d06",
      "root_row_pair": 13,
      "roots_examined": 17132,
      "search_seconds": 135.079,
      "status": "COMPLETE_NO_WITNESS",
      "stdout_sha256": "895ffd514d18afe93c7db109265dceec2e3378a3f14491fc35654773bf2ba179",
      "triple_candidates": 1049900,
      "witness_sha256": null
    },
    {
      "exit_code": 20,
      "exit_file_sha256": "5378796307535df3ec8d8b15a2e2dc5641419c3d3060cfe32238c0fa973f7aa3",
      "external_real_seconds": 264.51,
      "external_system_seconds": 0.23,
      "external_user_seconds": 260.34,
      "final_pool_candidates": 0,
      "maximum_resident_set_size_bytes": 1381527552,
      "pair_candidates": 35215450,
      "resource_log_sha256": "bb0e1db321d80853a0e5beee8ecbb088c146ce96e6c32b3b2a46966696c194db",
      "root_row_pair": 14,
      "roots_examined": 32500,
      "search_seconds": 254.124,
      "status": "COMPLETE_NO_WITNESS",
      "stdout_sha256": "998c9fda6eb418f03f470ca5f5ee506c6184af543d1b778c9cb6e0bfa73ba89a",
      "triple_candidates": 1899711,
      "witness_sha256": null
    },
    {
      "exit_code": 20,
      "exit_file_sha256": "5378796307535df3ec8d8b15a2e2dc5641419c3d3060cfe32238c0fa973f7aa3",
      "external_real_seconds": 109.36,
      "external_system_seconds": 0.24,
      "external_user_seconds": 108.06,
      "final_pool_candidates": 0,
      "maximum_resident_set_size_bytes": 1380777984,
      "pair_candidates": 12392789,
      "resource_log_sha256": "053d8bcdbca32a65c06c8792d93c255edb3b161c6fcd10e396b06d88d0fc9e51",
      "root_row_pair": 15,
      "roots_examined": 9245,
      "search_seconds": 101.478,
      "status": "COMPLETE_NO_WITNESS",
      "stdout_sha256": "0ef9946634dfe5b1018c08b59f1faa16e9827f70e4c81219343233da8fe981a5",
      "triple_candidates": 799439,
      "witness_sha256": null
    },
    {
      "exit_code": 20,
      "exit_file_sha256": "5378796307535df3ec8d8b15a2e2dc5641419c3d3060cfe32238c0fa973f7aa3",
      "external_real_seconds": 113.81,
      "external_system_seconds": 0.13,
      "external_user_seconds": 113.13,
      "final_pool_candidates": 0,
      "maximum_resident_set_size_bytes": 1385267200,
      "pair_candidates": 13391908,
      "resource_log_sha256": "fd78e08c1406ad65e66702be8fe88c5161a043a723568738c29861deec433896",
      "root_row_pair": 16,
      "roots_examined": 9332,
      "search_seconds": 107.059,
      "status": "COMPLETE_NO_WITNESS",
      "stdout_sha256": "8f4b6b6f80ddac149af5a8759d713432226ccc92d2627c39a07cf64a3aa059d9",
      "triple_candidates": 991768,
      "witness_sha256": null
    },
    {
      "exit_code": 20,
      "exit_file_sha256": "5378796307535df3ec8d8b15a2e2dc5641419c3d3060cfe32238c0fa973f7aa3",
      "external_real_seconds": 67.74,
      "external_system_seconds": 0.13,
      "external_user_seconds": 66.26,
      "final_pool_candidates": 0,
      "maximum_resident_set_size_bytes": 1383170048,
      "pair_candidates": 6616920,
      "resource_log_sha256": "3b77fdd9afa1bb8f59fc96e4e26a19793b9f97c5589f20aefa08a6f006024aa4",
      "root_row_pair": 17,
      "roots_examined": 4214,
      "search_seconds": 60.9166,
      "status": "COMPLETE_NO_WITNESS",
      "stdout_sha256": "396f060be240eb2e5a1400473adbe08167c6413a122fb44e7d11938e8e98f270",
      "triple_candidates": 538485,
      "witness_sha256": null
    },
    {
      "exit_code": 20,
      "exit_file_sha256": "5378796307535df3ec8d8b15a2e2dc5641419c3d3060cfe32238c0fa973f7aa3",
      "external_real_seconds": 80.22,
      "external_system_seconds": 0.13,
      "external_user_seconds": 79.5,
      "final_pool_candidates": 0,
      "maximum_resident_set_size_bytes": 1383485440,
      "pair_candidates": 8193878,
      "resource_log_sha256": "fc8ad5af8477ac38edef456bac0bbf74bad1a4365737d88a7c2685999407dcc4",
      "root_row_pair": 18,
      "roots_examined": 4971,
      "search_seconds": 73.2496,
      "status": "COMPLETE_NO_WITNESS",
      "stdout_sha256": "df9a8536fb964401abe5882feb591b96d296af2b2a46bd3378282ba2c2af0d9a",
      "triple_candidates": 710380,
      "witness_sha256": null
    },
    {
      "exit_code": 20,
      "exit_file_sha256": "5378796307535df3ec8d8b15a2e2dc5641419c3d3060cfe32238c0fa973f7aa3",
      "external_real_seconds": 125.93,
      "external_system_seconds": 0.15,
      "external_user_seconds": 124.99,
      "final_pool_candidates": 0,
      "maximum_resident_set_size_bytes": 1380671488,
      "pair_candidates": 18990811,
      "resource_log_sha256": "3d3b97dac51b9dc39c80e69524d322d7c8d1ad16eb82e82eb0710b6a09445058",
      "root_row_pair": 19,
      "roots_examined": 17007,
      "search_seconds": 119.165,
      "status": "COMPLETE_NO_WITNESS",
      "stdout_sha256": "ae515b418e752b1ee23613ec11f7a68c4e0cda072d60b2f34c05e0adbbef612d",
      "triple_candidates": 800726,
      "witness_sha256": null
    },
    {
      "exit_code": 20,
      "exit_file_sha256": "5378796307535df3ec8d8b15a2e2dc5641419c3d3060cfe32238c0fa973f7aa3",
      "external_real_seconds": 170.59,
      "external_system_seconds": 0.12,
      "external_user_seconds": 167.98,
      "final_pool_candidates": 0,
      "maximum_resident_set_size_bytes": 1381720064,
      "pair_candidates": 28601107,
      "resource_log_sha256": "c25eaef44fd891af3a2482e8f9a6fe3af9b5712397c22b61735365ced2841432",
      "root_row_pair": 20,
      "roots_examined": 33676,
      "search_seconds": 161.923,
      "status": "COMPLETE_NO_WITNESS",
      "stdout_sha256": "fb3d35f3a837b1116d619c3fcbe0b5b5d1ed70bf797519f04ae9f603a5acfcd8",
      "triple_candidates": 916258,
      "witness_sha256": null
    },
    {
      "exit_code": 20,
      "exit_file_sha256": "5378796307535df3ec8d8b15a2e2dc5641419c3d3060cfe32238c0fa973f7aa3",
      "external_real_seconds": 188.92,
      "external_system_seconds": 0.15,
      "external_user_seconds": 187.85,
      "final_pool_candidates": 0,
      "maximum_resident_set_size_bytes": 1385914368,
      "pair_candidates": 31436707,
      "resource_log_sha256": "70c66740997a499cec45312697744b5b4ba2530830f8dd1ffaf15accd5b8f7cb",
      "root_row_pair": 21,
      "roots_examined": 34459,
      "search_seconds": 182.11,
      "status": "COMPLETE_NO_WITNESS",
      "stdout_sha256": "5f4934a39f094370e73244a37ba9a2ad9f31bebb28989fe86e9db6bf8fa15a31",
      "triple_candidates": 1157906,
      "witness_sha256": null
    },
    {
      "exit_code": 20,
      "exit_file_sha256": "5378796307535df3ec8d8b15a2e2dc5641419c3d3060cfe32238c0fa973f7aa3",
      "external_real_seconds": 202.31,
      "external_system_seconds": 0.14,
      "external_user_seconds": 199.81,
      "final_pool_candidates": 0,
      "maximum_resident_set_size_bytes": 1385840640,
      "pair_candidates": 34606378,
      "resource_log_sha256": "b1123827343a081c7fb5941670be375b55d6602f011d299997c5c41c5b944d7d",
      "root_row_pair": 22,
      "roots_examined": 41375,
      "search_seconds": 194.333,
      "status": "COMPLETE_NO_WITNESS",
      "stdout_sha256": "cf4edba3779432e193ecad76165a7bf5df4fbe10059ab0d9b71ad0e40e2d261c",
      "triple_candidates": 1140162,
      "witness_sha256": null
    },
    {
      "exit_code": 20,
      "exit_file_sha256": "5378796307535df3ec8d8b15a2e2dc5641419c3d3060cfe32238c0fa973f7aa3",
      "external_real_seconds": 179.61,
      "external_system_seconds": 0.22,
      "external_user_seconds": 170.02,
      "final_pool_candidates": 0,
      "maximum_resident_set_size_bytes": 1385238528,
      "pair_candidates": 26731192,
      "resource_log_sha256": "5ce190ec8888926af522f898968b35985453035d178b3669a14955974ba85192",
      "root_row_pair": 23,
      "roots_examined": 23029,
      "search_seconds": 172.428,
      "status": "COMPLETE_NO_WITNESS",
      "stdout_sha256": "71612ccd4e6dac7c4244974088687af132922a8ed5fe833c83b2df7afbc7b27c",
      "triple_candidates": 1228694,
      "witness_sha256": null
    },
    {
      "exit_code": 20,
      "exit_file_sha256": "5378796307535df3ec8d8b15a2e2dc5641419c3d3060cfe32238c0fa973f7aa3",
      "external_real_seconds": 101.57,
      "external_system_seconds": 0.13,
      "external_user_seconds": 100.99,
      "final_pool_candidates": 0,
      "maximum_resident_set_size_bytes": 1385910272,
      "pair_candidates": 14975519,
      "resource_log_sha256": "2adc8fef15dca7e6d0cd3834f3aea2903bda6ee3464162fb197ab430cb12a2ac",
      "root_row_pair": 24,
      "roots_examined": 12915,
      "search_seconds": 94.8584,
      "status": "COMPLETE_NO_WITNESS",
      "stdout_sha256": "b931a06c8412e5f4f4d08d330eaa53ad0e77a2d0390d3401b5bc41cd17fa9e2a",
      "triple_candidates": 720430,
      "witness_sha256": null
    },
    {
      "exit_code": 20,
      "exit_file_sha256": "5378796307535df3ec8d8b15a2e2dc5641419c3d3060cfe32238c0fa973f7aa3",
      "external_real_seconds": 106.25,
      "external_system_seconds": 0.13,
      "external_user_seconds": 100.38,
      "final_pool_candidates": 0,
      "maximum_resident_set_size_bytes": 1385254912,
      "pair_candidates": 13062379,
      "resource_log_sha256": "27ce2fdf18be6ddd1744d6f636c26a8d2130b95e9e0c3fc1918772e91c34ef02",
      "root_row_pair": 25,
      "roots_examined": 9892,
      "search_seconds": 99.4558,
      "status": "COMPLETE_NO_WITNESS",
      "stdout_sha256": "b24e85ac7715ccb3bdf7005a64c0f6b8b8b00017118c5ba4333c54df0cf28903",
      "triple_candidates": 745548,
      "witness_sha256": null
    },
    {
      "exit_code": 20,
      "exit_file_sha256": "5378796307535df3ec8d8b15a2e2dc5641419c3d3060cfe32238c0fa973f7aa3",
      "external_real_seconds": 84.7,
      "external_system_seconds": 0.15,
      "external_user_seconds": 82.17,
      "final_pool_candidates": 0,
      "maximum_resident_set_size_bytes": 1383813120,
      "pair_candidates": 10860595,
      "resource_log_sha256": "22fc2261ffda2ab41c5075c2f7c67e177a0701c02186843b949fea18063dce42",
      "root_row_pair": 26,
      "roots_examined": 8234,
      "search_seconds": 76.0726,
      "status": "COMPLETE_NO_WITNESS",
      "stdout_sha256": "a8cba7ffac1fa699dcb020f83937ecc47b01b05357d812b95a5c9712dd5b4d3f",
      "triple_candidates": 610225,
      "witness_sha256": null
    },
    {
      "exit_code": 20,
      "exit_file_sha256": "5378796307535df3ec8d8b15a2e2dc5641419c3d3060cfe32238c0fa973f7aa3",
      "external_real_seconds": 137.54,
      "external_system_seconds": 0.13,
      "external_user_seconds": 135.85,
      "final_pool_candidates": 0,
      "maximum_resident_set_size_bytes": 1380622336,
      "pair_candidates": 30612833,
      "resource_log_sha256": "9368a65be479eb52b015fa80aca20c8ee6494775d1c6676669227670300ff04f",
      "root_row_pair": 27,
      "roots_examined": 47758,
      "search_seconds": 130.089,
      "status": "COMPLETE_NO_WITNESS",
      "stdout_sha256": "38ee58c0c9a04750f1681832fa5ed5bec67c4fae52c5ebd08288440180c32463",
      "triple_candidates": 533879,
      "witness_sha256": null
    },
    {
      "exit_code": 20,
      "exit_file_sha256": "5378796307535df3ec8d8b15a2e2dc5641419c3d3060cfe32238c0fa973f7aa3",
      "external_real_seconds": 107.14,
      "external_system_seconds": 0.22,
      "external_user_seconds": 103.56,
      "final_pool_candidates": 0,
      "maximum_resident_set_size_bytes": 1382039552,
      "pair_candidates": 23241782,
      "resource_log_sha256": "a2038384c6d5e024018b50d4bf920fe045f3a8739521148803ac16bd832264dc",
      "root_row_pair": 28,
      "roots_examined": 36405,
      "search_seconds": 97.2432,
      "status": "COMPLETE_NO_WITNESS",
      "stdout_sha256": "7c2ef92eaff9503f5ea65e1f7b9b8e41ff59f1e9b0961a849b4fd5f4ef06346c",
      "triple_candidates": 429397,
      "witness_sha256": null
    },
    {
      "exit_code": 20,
      "exit_file_sha256": "5378796307535df3ec8d8b15a2e2dc5641419c3d3060cfe32238c0fa973f7aa3",
      "external_real_seconds": 142.08,
      "external_system_seconds": 0.13,
      "external_user_seconds": 139.06,
      "final_pool_candidates": 0,
      "maximum_resident_set_size_bytes": 1383170048,
      "pair_candidates": 32032812,
      "resource_log_sha256": "c938367ba1a4000611d8f77c9d93aa533bcfd33e56b42c8caee25cb2f9be7ce5",
      "root_row_pair": 29,
      "roots_examined": 55035,
      "search_seconds": 135.447,
      "status": "COMPLETE_NO_WITNESS",
      "stdout_sha256": "582a9653b71abdaa5b9b56a6934d351a576b0d298e3c6b5a8fa511a542f6c82c",
      "triple_candidates": 545273,
      "witness_sha256": null
    },
    {
      "exit_code": 20,
      "exit_file_sha256": "5378796307535df3ec8d8b15a2e2dc5641419c3d3060cfe32238c0fa973f7aa3",
      "external_real_seconds": 103.66,
      "external_system_seconds": 0.22,
      "external_user_seconds": 99.95,
      "final_pool_candidates": 0,
      "maximum_resident_set_size_bytes": 1381040128,
      "pair_candidates": 20548272,
      "resource_log_sha256": "a765b15dbc3c5f7236652055cd42914c37be408d078413d257bbbd65f70e466a",
      "root_row_pair": 30,
      "roots_examined": 23618,
      "search_seconds": 93.8096,
      "status": "COMPLETE_NO_WITNESS",
      "stdout_sha256": "73377bcc47f7032216e74da62fc036ceccfb31c251702baac84582180202c9f7",
      "triple_candidates": 531738,
      "witness_sha256": null
    },
    {
      "exit_code": 20,
      "exit_file_sha256": "5378796307535df3ec8d8b15a2e2dc5641419c3d3060cfe32238c0fa973f7aa3",
      "external_real_seconds": 108.76,
      "external_system_seconds": 0.15,
      "external_user_seconds": 107.14,
      "final_pool_candidates": 0,
      "maximum_resident_set_size_bytes": 1382174720,
      "pair_candidates": 19858466,
      "resource_log_sha256": "ee7e7f3274c196492014518eebf5b2f3a6f5f2710f4132d8a75ca8aa3a0d4d7d",
      "root_row_pair": 31,
      "roots_examined": 21471,
      "search_seconds": 101.15,
      "status": "COMPLETE_NO_WITNESS",
      "stdout_sha256": "938e8c45d1f72916e3f2d760f17264968999d0acb22c38caad0716e01a13b69a",
      "triple_candidates": 582603,
      "witness_sha256": null
    },
    {
      "exit_code": 20,
      "exit_file_sha256": "5378796307535df3ec8d8b15a2e2dc5641419c3d3060cfe32238c0fa973f7aa3",
      "external_real_seconds": 56.21,
      "external_system_seconds": 0.14,
      "external_user_seconds": 53.13,
      "final_pool_candidates": 0,
      "maximum_resident_set_size_bytes": 1385848832,
      "pair_candidates": 9009023,
      "resource_log_sha256": "8f46c0b5573a61978846d33c2bbfea3ad6bbde24d9b680ceb57415a1951ff814",
      "root_row_pair": 32,
      "roots_examined": 9381,
      "search_seconds": 49.0842,
      "status": "COMPLETE_NO_WITNESS",
      "stdout_sha256": "294ed535a1f2409a883d482999938c37ce6da2e26df2e6fca9f2dbfccf10fad1",
      "triple_candidates": 283497,
      "witness_sha256": null
    },
    {
      "exit_code": 20,
      "exit_file_sha256": "5378796307535df3ec8d8b15a2e2dc5641419c3d3060cfe32238c0fa973f7aa3",
      "external_real_seconds": 71.1,
      "external_system_seconds": 0.13,
      "external_user_seconds": 70.61,
      "final_pool_candidates": 0,
      "maximum_resident_set_size_bytes": 1384140800,
      "pair_candidates": 13355511,
      "resource_log_sha256": "46368e7f420b95311e134bbfc4940630f2b832808964732802324d27383ec4d6",
      "root_row_pair": 33,
      "roots_examined": 13168,
      "search_seconds": 64.6223,
      "status": "COMPLETE_NO_WITNESS",
      "stdout_sha256": "0726e2a05c9170cc7900c233215878c873378aa27ae92997f9fa22bdec241e80",
      "triple_candidates": 432411,
      "witness_sha256": null
    },
    {
      "exit_code": 20,
      "exit_file_sha256": "5378796307535df3ec8d8b15a2e2dc5641419c3d3060cfe32238c0fa973f7aa3",
      "external_real_seconds": 100.3,
      "external_system_seconds": 0.13,
      "external_user_seconds": 99.54,
      "final_pool_candidates": 0,
      "maximum_resident_set_size_bytes": 1384292352,
      "pair_candidates": 26132249,
      "resource_log_sha256": "de524499180247244e9877569e609c9486e803e5de4e800db2fe44b1d615f5a4",
      "root_row_pair": 34,
      "roots_examined": 86562,
      "search_seconds": 93.6273,
      "status": "COMPLETE_NO_WITNESS",
      "stdout_sha256": "56ac1550a6c7c30bd9a8929bc14a5370723b649090f019193fbdb5c243e2c3c8",
      "triple_candidates": 161271,
      "witness_sha256": null
    },
    {
      "exit_code": 20,
      "exit_file_sha256": "5378796307535df3ec8d8b15a2e2dc5641419c3d3060cfe32238c0fa973f7aa3",
      "external_real_seconds": 96.89,
      "external_system_seconds": 0.26,
      "external_user_seconds": 92.14,
      "final_pool_candidates": 0,
      "maximum_resident_set_size_bytes": 1383161856,
      "pair_candidates": 24562462,
      "resource_log_sha256": "015b5a02e3daa88e8987bb6e8c59a5c3240d2b374e7376662c96643f5418f735",
      "root_row_pair": 35,
      "roots_examined": 98526,
      "search_seconds": 85.9811,
      "status": "COMPLETE_NO_WITNESS",
      "stdout_sha256": "e8f6154fcf5d398a1eb1fe97b2d172a0f71e07f1f7ff509af3b37566eb5fe36d",
      "triple_candidates": 141007,
      "witness_sha256": null
    },
    {
      "exit_code": 20,
      "exit_file_sha256": "5378796307535df3ec8d8b15a2e2dc5641419c3d3060cfe32238c0fa973f7aa3",
      "external_real_seconds": 75.07,
      "external_system_seconds": 0.26,
      "external_user_seconds": 69.6,
      "final_pool_candidates": 0,
      "maximum_resident_set_size_bytes": 1381507072,
      "pair_candidates": 17860045,
      "resource_log_sha256": "71c24d442ecf8847ede7582ae53706332953251fddac4a30b70177f2f5024cd4",
      "root_row_pair": 36,
      "roots_examined": 41951,
      "search_seconds": 66.6951,
      "status": "COMPLETE_NO_WITNESS",
      "stdout_sha256": "472af6dc697eebb6de5277dfb052b83db3891cc906c5791ec0c43a6fbbbf0437",
      "triple_candidates": 139552,
      "witness_sha256": null
    },
    {
      "exit_code": 20,
      "exit_file_sha256": "5378796307535df3ec8d8b15a2e2dc5641419c3d3060cfe32238c0fa973f7aa3",
      "external_real_seconds": 62.62,
      "external_system_seconds": 0.14,
      "external_user_seconds": 61.78,
      "final_pool_candidates": 0,
      "maximum_resident_set_size_bytes": 1385058304,
      "pair_candidates": 15573813,
      "resource_log_sha256": "9212176e60d54055640152eda19e6996f47cd1fe6d1e0960d196f7cc466a6016",
      "root_row_pair": 37,
      "roots_examined": 34049,
      "search_seconds": 56.1004,
      "status": "COMPLETE_NO_WITNESS",
      "stdout_sha256": "83395c0fbbcfefa79b4d48dc11abec79aa3ca89409a3d243e60b5c50318919ce",
      "triple_candidates": 137396,
      "witness_sha256": null
    },
    {
      "exit_code": 20,
      "exit_file_sha256": "5378796307535df3ec8d8b15a2e2dc5641419c3d3060cfe32238c0fa973f7aa3",
      "external_real_seconds": 65.92,
      "external_system_seconds": 0.14,
      "external_user_seconds": 63.07,
      "final_pool_candidates": 0,
      "maximum_resident_set_size_bytes": 1383096320,
      "pair_candidates": 15108616,
      "resource_log_sha256": "5329ff2de70b147843a4e7110765fdc94d337575d5939ac5490bd5a511f46a99",
      "root_row_pair": 38,
      "roots_examined": 27450,
      "search_seconds": 59.4063,
      "status": "COMPLETE_NO_WITNESS",
      "stdout_sha256": "2a41e08d387b2d0b78ef12bc1eb7673f6ad9652184b70310ff3b1235c0a601ef",
      "triple_candidates": 180069,
      "witness_sha256": null
    },
    {
      "exit_code": 20,
      "exit_file_sha256": "5378796307535df3ec8d8b15a2e2dc5641419c3d3060cfe32238c0fa973f7aa3",
      "external_real_seconds": 50.29,
      "external_system_seconds": 0.23,
      "external_user_seconds": 48.43,
      "final_pool_candidates": 0,
      "maximum_resident_set_size_bytes": 1383141376,
      "pair_candidates": 10906142,
      "resource_log_sha256": "9dd89b8b62c3e1745854968dbb9f91f6a226f3b3b771757f28aad153a72567b3",
      "root_row_pair": 39,
      "roots_examined": 20173,
      "search_seconds": 42.2266,
      "status": "COMPLETE_NO_WITNESS",
      "stdout_sha256": "02f839a3d952c1ea79845a347f2f930b72c74600739507ef370275eee09a9ead",
      "triple_candidates": 118069,
      "witness_sha256": null
    },
    {
      "exit_code": 20,
      "exit_file_sha256": "5378796307535df3ec8d8b15a2e2dc5641419c3d3060cfe32238c0fa973f7aa3",
      "external_real_seconds": 36.65,
      "external_system_seconds": 0.19,
      "external_user_seconds": 33.77,
      "final_pool_candidates": 0,
      "maximum_resident_set_size_bytes": 1381040128,
      "pair_candidates": 7834412,
      "resource_log_sha256": "0c9f29c4ccbe242f22e39eaa32b95932cc32327c7a19bc05ddf43be6595875c3",
      "root_row_pair": 40,
      "roots_examined": 95252,
      "search_seconds": 27.6242,
      "status": "COMPLETE_NO_WITNESS",
      "stdout_sha256": "75b64bd0094e273c8a34693f0f60abef1c64c5388627eb831e902ab28a07f724",
      "triple_candidates": 11534,
      "witness_sha256": null
    },
    {
      "exit_code": 20,
      "exit_file_sha256": "5378796307535df3ec8d8b15a2e2dc5641419c3d3060cfe32238c0fa973f7aa3",
      "external_real_seconds": 23.78,
      "external_system_seconds": 0.14,
      "external_user_seconds": 23.54,
      "final_pool_candidates": 0,
      "maximum_resident_set_size_bytes": 1384304640,
      "pair_candidates": 5294958,
      "resource_log_sha256": "9783c1a516abc3b19a749b92fe0b0ab7639e16f0d029cc65f906828f8edcd41a",
      "root_row_pair": 41,
      "roots_examined": 33343,
      "search_seconds": 17.3252,
      "status": "COMPLETE_NO_WITNESS",
      "stdout_sha256": "6e02da3811873c0bb95dcd2cbd0ef0b682814a80898081896efbb90760875603",
      "triple_candidates": 9509,
      "witness_sha256": null
    },
    {
      "exit_code": 20,
      "exit_file_sha256": "5378796307535df3ec8d8b15a2e2dc5641419c3d3060cfe32238c0fa973f7aa3",
      "external_real_seconds": 26.8,
      "external_system_seconds": 0.12,
      "external_user_seconds": 26.33,
      "final_pool_candidates": 0,
      "maximum_resident_set_size_bytes": 1383788544,
      "pair_candidates": 5631052,
      "resource_log_sha256": "0dce3fe60634640265ff2c6f1e8493ad176f3b41dacbb0c71eb77803ccfc6639",
      "root_row_pair": 42,
      "roots_examined": 31002,
      "search_seconds": 20.3178,
      "status": "COMPLETE_NO_WITNESS",
      "stdout_sha256": "f725eb0382036317197b8804e53d0b05848e32119bd88cfb816cc4c1434c560f",
      "triple_candidates": 11347,
      "witness_sha256": null
    },
    {
      "exit_code": 20,
      "exit_file_sha256": "5378796307535df3ec8d8b15a2e2dc5641419c3d3060cfe32238c0fa973f7aa3",
      "external_real_seconds": 19.37,
      "external_system_seconds": 0.11,
      "external_user_seconds": 19.08,
      "final_pool_candidates": 0,
      "maximum_resident_set_size_bytes": 1384288256,
      "pair_candidates": 3766279,
      "resource_log_sha256": "f95e923a1e0f9d8534d6833f9d38011410c4cd226fe0dbbc81ef66287aba9635",
      "root_row_pair": 43,
      "roots_examined": 17121,
      "search_seconds": 12.8173,
      "status": "COMPLETE_NO_WITNESS",
      "stdout_sha256": "0aae7944fd85a7c5626e635151b34e93f9f44c16e6ab0b84efba39656f595dd9",
      "triple_candidates": 9545,
      "witness_sha256": null
    },
    {
      "exit_code": 20,
      "exit_file_sha256": "5378796307535df3ec8d8b15a2e2dc5641419c3d3060cfe32238c0fa973f7aa3",
      "external_real_seconds": 21.99,
      "external_system_seconds": 0.14,
      "external_user_seconds": 20.96,
      "final_pool_candidates": 0,
      "maximum_resident_set_size_bytes": 1385263104,
      "pair_candidates": 4469091,
      "resource_log_sha256": "2fcfc4540fa8ddb760ec11b0312cd11f5b4036f696f46e0b138f6f19f1331ad4",
      "root_row_pair": 44,
      "roots_examined": 19152,
      "search_seconds": 15.5324,
      "status": "COMPLETE_NO_WITNESS",
      "stdout_sha256": "460065bb64e06666548dfb73dc2517a8e1d91553940e302cc56d7bf1badbe5a7",
      "triple_candidates": 11799,
      "witness_sha256": null
    },
    {
      "exit_code": 20,
      "exit_file_sha256": "5378796307535df3ec8d8b15a2e2dc5641419c3d3060cfe32238c0fa973f7aa3",
      "external_real_seconds": 13.37,
      "external_system_seconds": 0.14,
      "external_user_seconds": 11.35,
      "final_pool_candidates": 0,
      "maximum_resident_set_size_bytes": 1384136704,
      "pair_candidates": 1533145,
      "resource_log_sha256": "f78f581dc4fbb3462445055580e7ec5aca1052f2f8bf7d7872abd6e00f23ea41",
      "root_row_pair": 45,
      "roots_examined": 50610,
      "search_seconds": 6.87943,
      "status": "COMPLETE_NO_WITNESS",
      "stdout_sha256": "60eb8024e2ede2ae06decd22dab7d7de37067acc8ef50c1ae22dfb4c2143c35a",
      "triple_candidates": 0,
      "witness_sha256": null
    },
    {
      "exit_code": 20,
      "exit_file_sha256": "5378796307535df3ec8d8b15a2e2dc5641419c3d3060cfe32238c0fa973f7aa3",
      "external_real_seconds": 10.55,
      "external_system_seconds": 0.12,
      "external_user_seconds": 10.38,
      "final_pool_candidates": 0,
      "maximum_resident_set_size_bytes": 1386397696,
      "pair_candidates": 1148497,
      "resource_log_sha256": "c5c7dc25639d5ffe5a7d4c87040ad451da15b435dacdefb2389d8284f35c7bb0",
      "root_row_pair": 46,
      "roots_examined": 32928,
      "search_seconds": 4.08401,
      "status": "COMPLETE_NO_WITNESS",
      "stdout_sha256": "706fd83af2cc231486be208b95fb21990797edb15ed15fdef4ce28b5733d0546",
      "triple_candidates": 0,
      "witness_sha256": null
    },
    {
      "exit_code": 20,
      "exit_file_sha256": "5378796307535df3ec8d8b15a2e2dc5641419c3d3060cfe32238c0fa973f7aa3",
      "external_real_seconds": 13.77,
      "external_system_seconds": 0.22,
      "external_user_seconds": 10.65,
      "final_pool_candidates": 0,
      "maximum_resident_set_size_bytes": 1383833600,
      "pair_candidates": 1192436,
      "resource_log_sha256": "be4d6d0c1477da88fcc4682883160ddb07035ddf7ba867064984d94ddda3ba21",
      "root_row_pair": 47,
      "roots_examined": 23747,
      "search_seconds": 4.19836,
      "status": "COMPLETE_NO_WITNESS",
      "stdout_sha256": "62cf33959786048837bf7c88b43137651cec4eea94d293c867b280e2d7109267",
      "triple_candidates": 0,
      "witness_sha256": null
    },
    {
      "exit_code": 20,
      "exit_file_sha256": "5378796307535df3ec8d8b15a2e2dc5641419c3d3060cfe32238c0fa973f7aa3",
      "external_real_seconds": 13.56,
      "external_system_seconds": 0.17,
      "external_user_seconds": 10.99,
      "final_pool_candidates": 0,
      "maximum_resident_set_size_bytes": 1384108032,
      "pair_candidates": 1132693,
      "resource_log_sha256": "76ba4c9934e249b7dac3168a9b6a82824ec35aa4255dbfd30b08c40fddadf48a",
      "root_row_pair": 48,
      "roots_examined": 22246,
      "search_seconds": 4.2416,
      "status": "COMPLETE_NO_WITNESS",
      "stdout_sha256": "c8008fa16ca4870a591127015de8f4ee1bcd74980c62c7a600b22574a19de06b",
      "triple_candidates": 0,
      "witness_sha256": null
    },
    {
      "exit_code": 20,
      "exit_file_sha256": "5378796307535df3ec8d8b15a2e2dc5641419c3d3060cfe32238c0fa973f7aa3",
      "external_real_seconds": 10.03,
      "external_system_seconds": 0.22,
      "external_user_seconds": 6.88,
      "final_pool_candidates": 0,
      "maximum_resident_set_size_bytes": 1384112128,
      "pair_candidates": 108905,
      "resource_log_sha256": "a1e9c048b7ee007ab4034882533988e8f90879e5fae53705f26942045288b2f8",
      "root_row_pair": 49,
      "roots_examined": 14646,
      "search_seconds": 0.480933,
      "status": "COMPLETE_NO_WITNESS",
      "stdout_sha256": "217fe9778af18ad3adf6866618398417d7b42a04f2f29f91386c16ffe4b5217e",
      "triple_candidates": 0,
      "witness_sha256": null
    },
    {
      "exit_code": 20,
      "exit_file_sha256": "5378796307535df3ec8d8b15a2e2dc5641419c3d3060cfe32238c0fa973f7aa3",
      "external_real_seconds": 8.06,
      "external_system_seconds": 0.16,
      "external_user_seconds": 7.06,
      "final_pool_candidates": 0,
      "maximum_resident_set_size_bytes": 1384271872,
      "pair_candidates": 82392,
      "resource_log_sha256": "e774f7a450c8dbdfe12b8488bb92d18844efcb072a1a449b94d9d21a9c68a0e3",
      "root_row_pair": 50,
      "roots_examined": 7888,
      "search_seconds": 0.350247,
      "status": "COMPLETE_NO_WITNESS",
      "stdout_sha256": "2ac4988db117217cc34283b1b929b97f92744b0ee42f3c2dbe42e611bc996f6f",
      "triple_candidates": 0,
      "witness_sha256": null
    },
    {
      "exit_code": 20,
      "exit_file_sha256": "5378796307535df3ec8d8b15a2e2dc5641419c3d3060cfe32238c0fa973f7aa3",
      "external_real_seconds": 8.66,
      "external_system_seconds": 0.15,
      "external_user_seconds": 7.67,
      "final_pool_candidates": 0,
      "maximum_resident_set_size_bytes": 1376849920,
      "pair_candidates": 110022,
      "resource_log_sha256": "f325a195dc99ee67d903ac5d2935ba6a4bd07d880dec8660b7095dcde779a946",
      "root_row_pair": 51,
      "roots_examined": 9068,
      "search_seconds": 0.482716,
      "status": "COMPLETE_NO_WITNESS",
      "stdout_sha256": "b0413a5fbcd606d3cf794e4a06930ad792b373dc7827c9ee7e2a33889c66b966",
      "triple_candidates": 0,
      "witness_sha256": null
    },
    {
      "exit_code": 20,
      "exit_file_sha256": "5378796307535df3ec8d8b15a2e2dc5641419c3d3060cfe32238c0fa973f7aa3",
      "external_real_seconds": 7.61,
      "external_system_seconds": 0.14,
      "external_user_seconds": 7.35,
      "final_pool_candidates": 0,
      "maximum_resident_set_size_bytes": 1385336832,
      "pair_candidates": 0,
      "resource_log_sha256": "16a31ddb5a1086cc1d01401f0e7e533ddb24529ca189b7b88042340875c10df3",
      "root_row_pair": 52,
      "roots_examined": 7261,
      "search_seconds": 0.143318,
      "status": "COMPLETE_NO_WITNESS",
      "stdout_sha256": "27dd5778aa7cccede809da92dac2624eee48466764d59df1c33e454b168c61c0",
      "triple_candidates": 0,
      "witness_sha256": null
    },
    {
      "exit_code": 20,
      "exit_file_sha256": "5378796307535df3ec8d8b15a2e2dc5641419c3d3060cfe32238c0fa973f7aa3",
      "external_real_seconds": 7.74,
      "external_system_seconds": 0.13,
      "external_user_seconds": 6.58,
      "final_pool_candidates": 0,
      "maximum_resident_set_size_bytes": 1383034880,
      "pair_candidates": 0,
      "resource_log_sha256": "a35286b061cbf4907a0dee0bc48ffb0ed4278f5ab73aeaf2f7c54db114b1bb02",
      "root_row_pair": 53,
      "roots_examined": 6125,
      "search_seconds": 0.120425,
      "status": "COMPLETE_NO_WITNESS",
      "stdout_sha256": "afd8927c545c65a5c309b2fa3f6ddc88b3fd97ceccae8c7181251692af103ef8",
      "triple_candidates": 0,
      "witness_sha256": null
    },
    {
      "exit_code": 20,
      "exit_file_sha256": "5378796307535df3ec8d8b15a2e2dc5641419c3d3060cfe32238c0fa973f7aa3",
      "external_real_seconds": 7.14,
      "external_system_seconds": 0.13,
      "external_user_seconds": 6.87,
      "final_pool_candidates": 0,
      "maximum_resident_set_size_bytes": 1384460288,
      "pair_candidates": 0,
      "resource_log_sha256": "fe0e5dd290feddc1e1e1626fbb86bf28581364e19dc132efaea07adc1b80eb87",
      "root_row_pair": 54,
      "roots_examined": 4434,
      "search_seconds": 0.0876299,
      "status": "COMPLETE_NO_WITNESS",
      "stdout_sha256": "8eb0d7e76028b2e531d6716b4c8bc437116ba20349c6ad3392438bd177661464",
      "triple_candidates": 0,
      "witness_sha256": null
    }
  ],
  "shards": 55,
  "status": "PASS",
  "status_histogram": {
    "COMPLETE_NO_WITNESS": 55
  },
  "sum_search_seconds": 5119.813068900001,
  "witnesses": []
}
