{
  "aggregate": {
    "final_pool_candidates": 0,
    "final_pools_built": 566597,
    "pair_candidates": 42768922,
    "pair_pools_built": 314596,
    "roots_examined": 314596,
    "triple_candidates": 566597,
    "triple_pools_built": 42768922
  },
  "anchor_hex": "00c0a000a4110050109080228022104",
  "candidate_count": 314596,
  "catalogue": "/data/home/ahw807/Q10_HPC_HANDOFF_PACKAGE/runs/rep86_catalogue/all_masks.hex",
  "catalogue_recorded_path": "/data/home/ahw807/Q10_HPC_HANDOFF_PACKAGE/runs/rep86_catalogue/all_masks.hex",
  "catalogue_sha256": "75123699069acaed63a58891404b4fc43fa261f24abcf9d8c2b1a4717609230c",
  "claim_boundary": "catalogue completeness must be established by its separate exhaustive enumeration audit",
  "exit_code_histogram": {
    "20": 55
  },
  "join_binary_recorded_path": "/tmp/q10-rep86-26188988/capset_join",
  "join_binary_sha256": "2247456f9f199952d236d87f6ec80ec5f30cecbde9f7c11119a96304f2e4f52d",
  "mathematical_status": "UNSAT_RELATIVE_TO_COMPLETE_CAP_CATALOGUE",
  "maximum_shard_search_seconds": 11.5509,
  "resources": {
    "makespan_seconds_runmeta_to_last_stdout_mtime": 23.27916383743286,
    "maximum_resident_set_size_bytes": 361218048,
    "measurement_note": "resource sums are over 55 BSD /usr/bin/time -l shard records; makespan is filesystem-mtime derived and operational, not proof evidence",
    "sum_external_real_seconds": 343.9,
    "sum_external_system_seconds": 7.0299999999999985,
    "sum_external_user_seconds": 333.88
  },
  "run_metadata_sha256": "7fc6c2a43053d52abe95f7704103b064c33d260d5e32140e4006a6b0afdd26de",
  "shard_ledger": [
    {
      "exit_code": 20,
      "exit_file_sha256": "5378796307535df3ec8d8b15a2e2dc5641419c3d3060cfe32238c0fa973f7aa3",
      "external_real_seconds": 4.79,
      "external_system_seconds": 0.13,
      "external_user_seconds": 4.6,
      "final_pool_candidates": 0,
      "maximum_resident_set_size_bytes": 358133760,
      "pair_candidates": 395300,
      "resource_log_sha256": "f2acc4e660f5121f022396890422b67654e57b5b03d6e8722cbe62f983dbca7c",
      "root_row_pair": 0,
      "roots_examined": 956,
      "search_seconds": 2.63863,
      "status": "COMPLETE_NO_WITNESS",
      "stdout_sha256": "f5308134540cff38b51b3dba8d9e30083380f2690a80d1efc11e79c0cc801463",
      "triple_candidates": 12257,
      "witness_sha256": null
    },
    {
      "exit_code": 20,
      "exit_file_sha256": "5378796307535df3ec8d8b15a2e2dc5641419c3d3060cfe32238c0fa973f7aa3",
      "external_real_seconds": 6.13,
      "external_system_seconds": 0.13,
      "external_user_seconds": 5.96,
      "final_pool_candidates": 0,
      "maximum_resident_set_size_bytes": 361013248,
      "pair_candidates": 618081,
      "resource_log_sha256": "99947db628f3ab34ee0eba97b3c7e63f458cfd1a4df49bc43e4ed4e8ed421d25",
      "root_row_pair": 1,
      "roots_examined": 1576,
      "search_seconds": 3.99568,
      "status": "COMPLETE_NO_WITNESS",
      "stdout_sha256": "0396987a3337909aea1c47f38914430f76809f5ed546fc97fe68f6269a33a0a6",
      "triple_candidates": 17669,
      "witness_sha256": null
    },
    {
      "exit_code": 20,
      "exit_file_sha256": "5378796307535df3ec8d8b15a2e2dc5641419c3d3060cfe32238c0fa973f7aa3",
      "external_real_seconds": 6.63,
      "external_system_seconds": 0.13,
      "external_user_seconds": 6.46,
      "final_pool_candidates": 0,
      "maximum_resident_set_size_bytes": 359432192,
      "pair_candidates": 719023,
      "resource_log_sha256": "52ea6dcb738e8e94675ae49e53cd491a295ca14ba418412a152f45c3746f5c8e",
      "root_row_pair": 2,
      "roots_examined": 1973,
      "search_seconds": 4.50346,
      "status": "COMPLETE_NO_WITNESS",
      "stdout_sha256": "145f975d5a45d5efcbc6c1f3a38bee12a4af4c94b796b97e2f7185165d37731b",
      "triple_candidates": 17894,
      "witness_sha256": null
    },
    {
      "exit_code": 20,
      "exit_file_sha256": "5378796307535df3ec8d8b15a2e2dc5641419c3d3060cfe32238c0fa973f7aa3",
      "external_real_seconds": 10.36,
      "external_system_seconds": 0.13,
      "external_user_seconds": 10.18,
      "final_pool_candidates": 0,
      "maximum_resident_set_size_bytes": 358707200,
      "pair_candidates": 1439223,
      "resource_log_sha256": "194e832c835c7b83a085fa21c0f38f7e8611bd3558e9a3b4188511e472f8f3eb",
      "root_row_pair": 3,
      "roots_examined": 5182,
      "search_seconds": 8.23002,
      "status": "COMPLETE_NO_WITNESS",
      "stdout_sha256": "f62d9d458fb92494d8ef29e0dea53995470390f8c03250be1874cb7502250a67",
      "triple_candidates": 28398,
      "witness_sha256": null
    },
    {
      "exit_code": 20,
      "exit_file_sha256": "5378796307535df3ec8d8b15a2e2dc5641419c3d3060cfe32238c0fa973f7aa3",
      "external_real_seconds": 11.14,
      "external_system_seconds": 0.13,
      "external_user_seconds": 10.95,
      "final_pool_candidates": 0,
      "maximum_resident_set_size_bytes": 358653952,
      "pair_candidates": 1489214,
      "resource_log_sha256": "81d519ac86b74c0505440722524aabdfcc099c64aa753b27c614d26d1c4f0e6a",
      "root_row_pair": 4,
      "roots_examined": 4282,
      "search_seconds": 9.00675,
      "status": "COMPLETE_NO_WITNESS",
      "stdout_sha256": "3675fdcab834f51a2e8806cc8bd44abba7956c0859c2017afff314d14277cb56",
      "triple_candidates": 35175,
      "witness_sha256": null
    },
    {
      "exit_code": 20,
      "exit_file_sha256": "5378796307535df3ec8d8b15a2e2dc5641419c3d3060cfe32238c0fa973f7aa3",
      "external_real_seconds": 11.44,
      "external_system_seconds": 0.14,
      "external_user_seconds": 11.22,
      "final_pool_candidates": 0,
      "maximum_resident_set_size_bytes": 361017344,
      "pair_candidates": 1660660,
      "resource_log_sha256": "c61f24b885d888cece6f6cf81b38934e9f7265f2e12e4e770aa6f05c17f5816d",
      "root_row_pair": 5,
      "roots_examined": 6461,
      "search_seconds": 9.29844,
      "status": "COMPLETE_NO_WITNESS",
      "stdout_sha256": "1e312033de047d38041b2a1e49682ef25139b7d4787d9a8239e9909349a48af9",
      "triple_candidates": 32644,
      "witness_sha256": null
    },
    {
      "exit_code": 20,
      "exit_file_sha256": "5378796307535df3ec8d8b15a2e2dc5641419c3d3060cfe32238c0fa973f7aa3",
      "external_real_seconds": 8.71,
      "external_system_seconds": 0.12,
      "external_user_seconds": 8.54,
      "final_pool_candidates": 0,
      "maximum_resident_set_size_bytes": 361205760,
      "pair_candidates": 1036261,
      "resource_log_sha256": "06483690d9c24d8cac967f7d25079c3a6df8337dd51112f22702342f879a1943",
      "root_row_pair": 6,
      "roots_examined": 2631,
      "search_seconds": 6.57452,
      "status": "COMPLETE_NO_WITNESS",
      "stdout_sha256": "fdfd86f0cff2005aac31cb2fdfc2f72ca9e3e2168cfb1eb955739bad948026d2",
      "triple_candidates": 27104,
      "witness_sha256": null
    },
    {
      "exit_code": 20,
      "exit_file_sha256": "5378796307535df3ec8d8b15a2e2dc5641419c3d3060cfe32238c0fa973f7aa3",
      "external_real_seconds": 5.85,
      "external_system_seconds": 0.12,
      "external_user_seconds": 5.7,
      "final_pool_candidates": 0,
      "maximum_resident_set_size_bytes": 361000960,
      "pair_candidates": 585471,
      "resource_log_sha256": "dc38876d3f494bcdf3af45da1a1ee68b46f23f5f5d8132c46f51fe4d025ff0eb",
      "root_row_pair": 7,
      "roots_examined": 1508,
      "search_seconds": 3.72393,
      "status": "COMPLETE_NO_WITNESS",
      "stdout_sha256": "01ce8ca7714c6ef0dca15979056c9317970f82b72d2f0188670afc32a6f9b619",
      "triple_candidates": 16912,
      "witness_sha256": null
    },
    {
      "exit_code": 20,
      "exit_file_sha256": "5378796307535df3ec8d8b15a2e2dc5641419c3d3060cfe32238c0fa973f7aa3",
      "external_real_seconds": 5.03,
      "external_system_seconds": 0.12,
      "external_user_seconds": 4.85,
      "final_pool_candidates": 0,
      "maximum_resident_set_size_bytes": 359297024,
      "pair_candidates": 428382,
      "resource_log_sha256": "11dc7954157a1ce73406fe8f578433295b88952bbfb379afb03928accf7987f5",
      "root_row_pair": 8,
      "roots_examined": 1047,
      "search_seconds": 2.87755,
      "status": "COMPLETE_NO_WITNESS",
      "stdout_sha256": "9a6cfd736832de2ce54af1022b7cd75d2685f151f057148b0af88b9714de0c93",
      "triple_candidates": 13537,
      "witness_sha256": null
    },
    {
      "exit_code": 20,
      "exit_file_sha256": "5378796307535df3ec8d8b15a2e2dc5641419c3d3060cfe32238c0fa973f7aa3",
      "external_real_seconds": 5.49,
      "external_system_seconds": 0.13,
      "external_user_seconds": 5.18,
      "final_pool_candidates": 0,
      "maximum_resident_set_size_bytes": 358924288,
      "pair_candidates": 490601,
      "resource_log_sha256": "e25c0ceea537e6d2fa8f3f19350a11d4f0b544faff03bf15fdfe48378c1b5cb1",
      "root_row_pair": 9,
      "roots_examined": 1222,
      "search_seconds": 3.20141,
      "status": "COMPLETE_NO_WITNESS",
      "stdout_sha256": "d1ab379b03229d98bfb7aaa421285db189c34a533ee93e070584128d5b139d9d",
      "triple_candidates": 15086,
      "witness_sha256": null
    },
    {
      "exit_code": 20,
      "exit_file_sha256": "5378796307535df3ec8d8b15a2e2dc5641419c3d3060cfe32238c0fa973f7aa3",
      "external_real_seconds": 5.46,
      "external_system_seconds": 0.13,
      "external_user_seconds": 5.27,
      "final_pool_candidates": 0,
      "maximum_resident_set_size_bytes": 360108032,
      "pair_candidates": 543188,
      "resource_log_sha256": "cf5fb4a34da095fb6687a898223fb564d2d3a3cf858d4ad60d7e3ca3daf41456",
      "root_row_pair": 10,
      "roots_examined": 1588,
      "search_seconds": 3.32144,
      "status": "COMPLETE_NO_WITNESS",
      "stdout_sha256": "bdf56dfe64d74e349acd7e7946153ee111f47772071818e0b21630902390b88d",
      "triple_candidates": 12544,
      "witness_sha256": null
    },
    {
      "exit_code": 20,
      "exit_file_sha256": "5378796307535df3ec8d8b15a2e2dc5641419c3d3060cfe32238c0fa973f7aa3",
      "external_real_seconds": 5.63,
      "external_system_seconds": 0.12,
      "external_user_seconds": 5.47,
      "final_pool_candidates": 0,
      "maximum_resident_set_size_bytes": 358174720,
      "pair_candidates": 601474,
      "resource_log_sha256": "a967b845c9d81ee98e4e69fa1498febc63242e4294a643cf8f457e138baf1a46",
      "root_row_pair": 11,
      "roots_examined": 1891,
      "search_seconds": 3.49875,
      "status": "COMPLETE_NO_WITNESS",
      "stdout_sha256": "8f3dfaebba9e6db2708946a5ddbce93ecfea5976c10fbfe78fcdb782829f8be6",
      "triple_candidates": 11523,
      "witness_sha256": null
    },
    {
      "exit_code": 20,
      "exit_file_sha256": "5378796307535df3ec8d8b15a2e2dc5641419c3d3060cfe32238c0fa973f7aa3",
      "external_real_seconds": 9.15,
      "external_system_seconds": 0.13,
      "external_user_seconds": 8.83,
      "final_pool_candidates": 0,
      "maximum_resident_set_size_bytes": 359337984,
      "pair_candidates": 1226335,
      "resource_log_sha256": "d1432ce191412166e42379bba00fcd3357f8772010c90595720f1bd02d2729e4",
      "root_row_pair": 12,
      "roots_examined": 4854,
      "search_seconds": 6.86484,
      "status": "COMPLETE_NO_WITNESS",
      "stdout_sha256": "2ad3946eb4b26f89dff685923c7078fcc700abc38b7c2eab4da29756ce2e540c",
      "triple_candidates": 21497,
      "witness_sha256": null
    },
    {
      "exit_code": 20,
      "exit_file_sha256": "5378796307535df3ec8d8b15a2e2dc5641419c3d3060cfe32238c0fa973f7aa3",
      "external_real_seconds": 7.84,
      "external_system_seconds": 0.12,
      "external_user_seconds": 7.68,
      "final_pool_candidates": 0,
      "maximum_resident_set_size_bytes": 358805504,
      "pair_candidates": 1018745,
      "resource_log_sha256": "9a35d416c90c85cf8fe40db8761841b0737d6de544a079787f2801d1ce7bcd92",
      "root_row_pair": 13,
      "roots_examined": 3462,
      "search_seconds": 5.71674,
      "status": "COMPLETE_NO_WITNESS",
      "stdout_sha256": "5cf8373505ec4fbe50b89f51fdfb9cd5772d42384aeb64784bcfe9259d977081",
      "triple_candidates": 17186,
      "witness_sha256": null
    },
    {
      "exit_code": 20,
      "exit_file_sha256": "5378796307535df3ec8d8b15a2e2dc5641419c3d3060cfe32238c0fa973f7aa3",
      "external_real_seconds": 13.68,
      "external_system_seconds": 0.12,
      "external_user_seconds": 13.48,
      "final_pool_candidates": 0,
      "maximum_resident_set_size_bytes": 359358464,
      "pair_candidates": 2099117,
      "resource_log_sha256": "386de9d28bedfa9248596f701063aaf652e995345411f5766c012c724c2a40ed",
      "root_row_pair": 14,
      "roots_examined": 8859,
      "search_seconds": 11.5509,
      "status": "COMPLETE_NO_WITNESS",
      "stdout_sha256": "d53dc4101d33c869d14602c72252e24ef593db13ffbbdb35cd69517cdc68ae1f",
      "triple_candidates": 35005,
      "witness_sha256": null
    },
    {
      "exit_code": 20,
      "exit_file_sha256": "5378796307535df3ec8d8b15a2e2dc5641419c3d3060cfe32238c0fa973f7aa3",
      "external_real_seconds": 6.28,
      "external_system_seconds": 0.12,
      "external_user_seconds": 5.97,
      "final_pool_candidates": 0,
      "maximum_resident_set_size_bytes": 359874560,
      "pair_candidates": 650485,
      "resource_log_sha256": "04eac59d6bb8b4e32f54e42e7d462ba6e2e63d763c3a77849577dcfe9455fd8c",
      "root_row_pair": 15,
      "roots_examined": 1879,
      "search_seconds": 3.98676,
      "status": "COMPLETE_NO_WITNESS",
      "stdout_sha256": "52c7b163f0ebe5cd6ddda5799a0b0b555b65a1e8107c72d7f1f80e5a715739ba",
      "triple_candidates": 13620,
      "witness_sha256": null
    },
    {
      "exit_code": 20,
      "exit_file_sha256": "5378796307535df3ec8d8b15a2e2dc5641419c3d3060cfe32238c0fa973f7aa3",
      "external_real_seconds": 5.96,
      "external_system_seconds": 0.13,
      "external_user_seconds": 5.79,
      "final_pool_candidates": 0,
      "maximum_resident_set_size_bytes": 358813696,
      "pair_candidates": 619654,
      "resource_log_sha256": "6b1fcbc8b701e96326a602463abb07a745f5f9063bf3716db18a48b57e43038c",
      "root_row_pair": 16,
      "roots_examined": 1704,
      "search_seconds": 3.83674,
      "status": "COMPLETE_NO_WITNESS",
      "stdout_sha256": "94ceac0c01b7505ae03de9068e1a41182b956f26be8f3f9816df4c2e5cf84368",
      "triple_candidates": 14506,
      "witness_sha256": null
    },
    {
      "exit_code": 20,
      "exit_file_sha256": "5378796307535df3ec8d8b15a2e2dc5641419c3d3060cfe32238c0fa973f7aa3",
      "external_real_seconds": 4.42,
      "external_system_seconds": 0.12,
      "external_user_seconds": 4.27,
      "final_pool_candidates": 0,
      "maximum_resident_set_size_bytes": 358739968,
      "pair_candidates": 356679,
      "resource_log_sha256": "0b1b5c63f37da987d22d80a64694222a2fba82278e3862222c6e4087cc9bb85e",
      "root_row_pair": 17,
      "roots_examined": 952,
      "search_seconds": 2.29542,
      "status": "COMPLETE_NO_WITNESS",
      "stdout_sha256": "3cc45e3ca4d07c2c84ae11a88f367c8d40bd544abcf193dee357e22a53ddd6f1",
      "triple_candidates": 8701,
      "witness_sha256": null
    },
    {
      "exit_code": 20,
      "exit_file_sha256": "5378796307535df3ec8d8b15a2e2dc5641419c3d3060cfe32238c0fa973f7aa3",
      "external_real_seconds": 5.24,
      "external_system_seconds": 0.13,
      "external_user_seconds": 5.08,
      "final_pool_candidates": 0,
      "maximum_resident_set_size_bytes": 361152512,
      "pair_candidates": 488371,
      "resource_log_sha256": "be43472bc2c3ae9e0673f3e1f09315a137d816cf951641ade93c5de1d2731c59",
      "root_row_pair": 18,
      "roots_examined": 1277,
      "search_seconds": 3.10667,
      "status": "COMPLETE_NO_WITNESS",
      "stdout_sha256": "8beee43b4ebb586da1f15f35bc0a3608a3684206ff5866780631a45def67a0cd",
      "triple_candidates": 12264,
      "witness_sha256": null
    },
    {
      "exit_code": 20,
      "exit_file_sha256": "5378796307535df3ec8d8b15a2e2dc5641419c3d3060cfe32238c0fa973f7aa3",
      "external_real_seconds": 6.84,
      "external_system_seconds": 0.13,
      "external_user_seconds": 6.67,
      "final_pool_candidates": 0,
      "maximum_resident_set_size_bytes": 358985728,
      "pair_candidates": 891428,
      "resource_log_sha256": "cf230f5445b67dcd6e1230e73e895d0f2ba8228b7b419ec6aa5466fc6f40d934",
      "root_row_pair": 19,
      "roots_examined": 3461,
      "search_seconds": 4.69771,
      "status": "COMPLETE_NO_WITNESS",
      "stdout_sha256": "02e7ba7f11d6faa5ae67b63c3e36c55a95f934bc50f238173be0159df9991dd5",
      "triple_candidates": 11998,
      "witness_sha256": null
    },
    {
      "exit_code": 20,
      "exit_file_sha256": "5378796307535df3ec8d8b15a2e2dc5641419c3d3060cfe32238c0fa973f7aa3",
      "external_real_seconds": 9.46,
      "external_system_seconds": 0.12,
      "external_user_seconds": 9.28,
      "final_pool_candidates": 0,
      "maximum_resident_set_size_bytes": 359153664,
      "pair_candidates": 1463226,
      "resource_log_sha256": "5ba3d01f1b416edb34260e8729b8200c1ac865c106f2539b0b4ac1c67ba58c1f",
      "root_row_pair": 20,
      "roots_examined": 7535,
      "search_seconds": 7.31882,
      "status": "COMPLETE_NO_WITNESS",
      "stdout_sha256": "df4850ba6198f015a7a2b284c752cd18139c69b76e340bb91710cf61aabff131",
      "triple_candidates": 15511,
      "witness_sha256": null
    },
    {
      "exit_code": 20,
      "exit_file_sha256": "5378796307535df3ec8d8b15a2e2dc5641419c3d3060cfe32238c0fa973f7aa3",
      "external_real_seconds": 10.15,
      "external_system_seconds": 0.12,
      "external_user_seconds": 9.98,
      "final_pool_candidates": 0,
      "maximum_resident_set_size_bytes": 359415808,
      "pair_candidates": 1577505,
      "resource_log_sha256": "9b3284b375614d854390053f5e4d12d627605a32d23d10a0a5515a35410673f3",
      "root_row_pair": 21,
      "roots_examined": 6807,
      "search_seconds": 8.02512,
      "status": "COMPLETE_NO_WITNESS",
      "stdout_sha256": "d701e1f29f0b9d7da9c9667b6cab7860bb8c9277318f6f4a1071a2e973f7ce9f",
      "triple_candidates": 18626,
      "witness_sha256": null
    },
    {
      "exit_code": 20,
      "exit_file_sha256": "5378796307535df3ec8d8b15a2e2dc5641419c3d3060cfe32238c0fa973f7aa3",
      "external_real_seconds": 11.44,
      "external_system_seconds": 0.12,
      "external_user_seconds": 11.27,
      "final_pool_candidates": 0,
      "maximum_resident_set_size_bytes": 360472576,
      "pair_candidates": 1875841,
      "resource_log_sha256": "ab5e82e0dbd4975a6a2553683a50d2cceab0a106180255a2b0b032df3b4bfbd3",
      "root_row_pair": 22,
      "roots_examined": 10344,
      "search_seconds": 9.31885,
      "status": "COMPLETE_NO_WITNESS",
      "stdout_sha256": "b5f7f020b059c2257ac7558bc757348a06f620c1b000d39f451447467a26bc88",
      "triple_candidates": 19108,
      "witness_sha256": null
    },
    {
      "exit_code": 20,
      "exit_file_sha256": "5378796307535df3ec8d8b15a2e2dc5641419c3d3060cfe32238c0fa973f7aa3",
      "external_real_seconds": 9.88,
      "external_system_seconds": 0.12,
      "external_user_seconds": 9.71,
      "final_pool_candidates": 0,
      "maximum_resident_set_size_bytes": 359866368,
      "pair_candidates": 1439006,
      "resource_log_sha256": "eacf2a2fc1828c20eb1b8e627b317cc74a4700c07e283cba454ea041c448a44e",
      "root_row_pair": 23,
      "roots_examined": 4990,
      "search_seconds": 7.75861,
      "status": "COMPLETE_NO_WITNESS",
      "stdout_sha256": "ced801527de9c217b6a160091846b0291418b3b58b4dea72f6b4b583afef8f5f",
      "triple_candidates": 21002,
      "witness_sha256": null
    },
    {
      "exit_code": 20,
      "exit_file_sha256": "5378796307535df3ec8d8b15a2e2dc5641419c3d3060cfe32238c0fa973f7aa3",
      "external_real_seconds": 6.32,
      "external_system_seconds": 0.11,
      "external_user_seconds": 6.18,
      "final_pool_candidates": 0,
      "maximum_resident_set_size_bytes": 360361984,
      "pair_candidates": 733081,
      "resource_log_sha256": "b1b7a810a4407cc40ee4b8cb4e4ff56c70111ff28157cfe9e32216ee5141b016",
      "root_row_pair": 24,
      "roots_examined": 2429,
      "search_seconds": 4.20017,
      "status": "COMPLETE_NO_WITNESS",
      "stdout_sha256": "79452bd1fe40d09b22a914717925c825cd692b9eae19559e9f22731610287a77",
      "triple_candidates": 12848,
      "witness_sha256": null
    },
    {
      "exit_code": 20,
      "exit_file_sha256": "5378796307535df3ec8d8b15a2e2dc5641419c3d3060cfe32238c0fa973f7aa3",
      "external_real_seconds": 6.05,
      "external_system_seconds": 0.12,
      "external_user_seconds": 5.89,
      "final_pool_candidates": 0,
      "maximum_resident_set_size_bytes": 359563264,
      "pair_candidates": 675327,
      "resource_log_sha256": "14abc4374aea46d2b05691c1b59f666df5ce421d7ba97d985b240269fb3a2f8a",
      "root_row_pair": 25,
      "roots_examined": 2155,
      "search_seconds": 3.92946,
      "status": "COMPLETE_NO_WITNESS",
      "stdout_sha256": "0b9506c03e7e2a22f461483e70176466eeefa03cbbe3513662d4df090f8f1f0a",
      "triple_candidates": 12447,
      "witness_sha256": null
    },
    {
      "exit_code": 20,
      "exit_file_sha256": "5378796307535df3ec8d8b15a2e2dc5641419c3d3060cfe32238c0fa973f7aa3",
      "external_real_seconds": 5.86,
      "external_system_seconds": 0.13,
      "external_user_seconds": 5.56,
      "final_pool_candidates": 0,
      "maximum_resident_set_size_bytes": 360787968,
      "pair_candidates": 613246,
      "resource_log_sha256": "24d2213b5bfa2ee79adc188b6fcf992d9319d141a072f9864905dc068cc6c21d",
      "root_row_pair": 26,
      "roots_examined": 1948,
      "search_seconds": 3.58368,
      "status": "COMPLETE_NO_WITNESS",
      "stdout_sha256": "05ee45283b3a4938a6a0da1deda444e9504a75da4995a9ed07cb968aa86bc6df",
      "triple_candidates": 11508,
      "witness_sha256": null
    },
    {
      "exit_code": 20,
      "exit_file_sha256": "5378796307535df3ec8d8b15a2e2dc5641419c3d3060cfe32238c0fa973f7aa3",
      "external_real_seconds": 9.65,
      "external_system_seconds": 0.14,
      "external_user_seconds": 9.33,
      "final_pool_candidates": 0,
      "maximum_resident_set_size_bytes": 358989824,
      "pair_candidates": 1652163,
      "resource_log_sha256": "8b9548cb6b6f5ba99c9d981c0fc8e487f1749dd9ff8434a2d9f026b736a541cb",
      "root_row_pair": 27,
      "roots_examined": 11777,
      "search_seconds": 7.3728,
      "status": "COMPLETE_NO_WITNESS",
      "stdout_sha256": "333dc486e6bdb0681c2abf93792f87f98d84a6ca99b65517e7f7dd5218a30d0c",
      "triple_candidates": 9221,
      "witness_sha256": null
    },
    {
      "exit_code": 20,
      "exit_file_sha256": "5378796307535df3ec8d8b15a2e2dc5641419c3d3060cfe32238c0fa973f7aa3",
      "external_real_seconds": 7.95,
      "external_system_seconds": 0.14,
      "external_user_seconds": 7.64,
      "final_pool_candidates": 0,
      "maximum_resident_set_size_bytes": 360345600,
      "pair_candidates": 1265059,
      "resource_log_sha256": "0b88db1cfedea5bfcc438faa17e15bfe145e7d49202cafbf7598d820fb85efe4",
      "root_row_pair": 28,
      "roots_examined": 7581,
      "search_seconds": 5.66726,
      "status": "COMPLETE_NO_WITNESS",
      "stdout_sha256": "34377a2978fe58c7cc95fcbafed2c065843f971c2bf941f6706d26afa2e84fb3",
      "triple_candidates": 7845,
      "witness_sha256": null
    },
    {
      "exit_code": 20,
      "exit_file_sha256": "5378796307535df3ec8d8b15a2e2dc5641419c3d3060cfe32238c0fa973f7aa3",
      "external_real_seconds": 10.44,
      "external_system_seconds": 0.13,
      "external_user_seconds": 10.26,
      "final_pool_candidates": 0,
      "maximum_resident_set_size_bytes": 360570880,
      "pair_candidates": 1840145,
      "resource_log_sha256": "f4466da28ad0022548a3a4c7e19060c5792cebac274cf79c20a3da57aee97864",
      "root_row_pair": 29,
      "roots_examined": 14307,
      "search_seconds": 8.30652,
      "status": "COMPLETE_NO_WITNESS",
      "stdout_sha256": "e4b0c5d324403e1cf1331d6f5ddc2cc54968eb1b8de6d00d46d37f0ca0838cdd",
      "triple_candidates": 10325,
      "witness_sha256": null
    },
    {
      "exit_code": 20,
      "exit_file_sha256": "5378796307535df3ec8d8b15a2e2dc5641419c3d3060cfe32238c0fa973f7aa3",
      "external_real_seconds": 7.38,
      "external_system_seconds": 0.13,
      "external_user_seconds": 7.21,
      "final_pool_candidates": 0,
      "maximum_resident_set_size_bytes": 358850560,
      "pair_candidates": 1122886,
      "resource_log_sha256": "36a1b2027c79d79fba07edaaa240f69f3021619c71c324e3a83869dcec36ef4b",
      "root_row_pair": 30,
      "roots_examined": 5422,
      "search_seconds": 5.24514,
      "status": "COMPLETE_NO_WITNESS",
      "stdout_sha256": "df8cc8e9d9b0d41be43ead28ebb64884654aa02ca3bb26c226fea0c60f442bec",
      "triple_candidates": 9144,
      "witness_sha256": null
    },
    {
      "exit_code": 20,
      "exit_file_sha256": "5378796307535df3ec8d8b15a2e2dc5641419c3d3060cfe32238c0fa973f7aa3",
      "external_real_seconds": 7.03,
      "external_system_seconds": 0.13,
      "external_user_seconds": 6.77,
      "final_pool_candidates": 0,
      "maximum_resident_set_size_bytes": 359686144,
      "pair_candidates": 1002904,
      "resource_log_sha256": "52e69ca4fdfa7ce9cd261a6109c6dcc741b14e6fc825493dce884e349374f712",
      "root_row_pair": 31,
      "roots_examined": 4371,
      "search_seconds": 4.80245,
      "status": "COMPLETE_NO_WITNESS",
      "stdout_sha256": "e15260f7b30c1c383a335cf51a77521e586c6b6909e1a5b7379d1589ec82e7f2",
      "triple_candidates": 9384,
      "witness_sha256": null
    },
    {
      "exit_code": 20,
      "exit_file_sha256": "5378796307535df3ec8d8b15a2e2dc5641419c3d3060cfe32238c0fa973f7aa3",
      "external_real_seconds": 4.76,
      "external_system_seconds": 0.12,
      "external_user_seconds": 4.62,
      "final_pool_candidates": 0,
      "maximum_resident_set_size_bytes": 359301120,
      "pair_candidates": 520146,
      "resource_log_sha256": "eb0d613c341b24ce158e6608cf70f1f545569e12bdd8fb658917b464ed9eb429",
      "root_row_pair": 32,
      "roots_examined": 2117,
      "search_seconds": 2.62671,
      "status": "COMPLETE_NO_WITNESS",
      "stdout_sha256": "fc0e8807eaa631d64504ccc9212684b515e487253a669e20b818b12d0c0df777",
      "triple_candidates": 5641,
      "witness_sha256": null
    },
    {
      "exit_code": 20,
      "exit_file_sha256": "5378796307535df3ec8d8b15a2e2dc5641419c3d3060cfe32238c0fa973f7aa3",
      "external_real_seconds": 6.52,
      "external_system_seconds": 0.15,
      "external_user_seconds": 6.33,
      "final_pool_candidates": 0,
      "maximum_resident_set_size_bytes": 361136128,
      "pair_candidates": 875431,
      "resource_log_sha256": "b037c49b0751b4d5c3e6f64149562be32c7d42be4375993662e0bc1f889bd94f",
      "root_row_pair": 33,
      "roots_examined": 3608,
      "search_seconds": 4.37043,
      "status": "COMPLETE_NO_WITNESS",
      "stdout_sha256": "f9272ebb307dd84e8cf32337a4d3173ec5b68751cf351e2674b22f8c961e578c",
      "triple_candidates": 9388,
      "witness_sha256": null
    },
    {
      "exit_code": 20,
      "exit_file_sha256": "5378796307535df3ec8d8b15a2e2dc5641419c3d3060cfe32238c0fa973f7aa3",
      "external_real_seconds": 9.27,
      "external_system_seconds": 0.13,
      "external_user_seconds": 9.09,
      "final_pool_candidates": 0,
      "maximum_resident_set_size_bytes": 358506496,
      "pair_candidates": 1678092,
      "resource_log_sha256": "5b274cc1fddd91b16487d4b4dec5755036a241d358c13b2a95bfb7086b209531",
      "root_row_pair": 34,
      "roots_examined": 20903,
      "search_seconds": 7.12705,
      "status": "COMPLETE_NO_WITNESS",
      "stdout_sha256": "f36f6579776738a27aa7e9fd2e2c21eda948671d4f45d54df2b9b4f1eabeacf4",
      "triple_candidates": 3749,
      "witness_sha256": null
    },
    {
      "exit_code": 20,
      "exit_file_sha256": "5378796307535df3ec8d8b15a2e2dc5641419c3d3060cfe32238c0fa973f7aa3",
      "external_real_seconds": 9.6,
      "external_system_seconds": 0.12,
      "external_user_seconds": 9.42,
      "final_pool_candidates": 0,
      "maximum_resident_set_size_bytes": 359993344,
      "pair_candidates": 1584520,
      "resource_log_sha256": "d3fb831784fb6d9d8fe7d63d8e4b510ac4be6d1b1a3b4c3215b29c98e5cf78c6",
      "root_row_pair": 35,
      "roots_examined": 29479,
      "search_seconds": 7.45169,
      "status": "COMPLETE_NO_WITNESS",
      "stdout_sha256": "0336e68a0f3324013ab1287e0848d91184a3da705d1850845214c79b89a085f3",
      "triple_candidates": 2920,
      "witness_sha256": null
    },
    {
      "exit_code": 20,
      "exit_file_sha256": "5378796307535df3ec8d8b15a2e2dc5641419c3d3060cfe32238c0fa973f7aa3",
      "external_real_seconds": 6.94,
      "external_system_seconds": 0.14,
      "external_user_seconds": 6.76,
      "final_pool_candidates": 0,
      "maximum_resident_set_size_bytes": 358154240,
      "pair_candidates": 1136777,
      "resource_log_sha256": "5a746819f6780102dfca52578b566c0ba62560f65d9a93304a58decdc551bae0",
      "root_row_pair": 36,
      "roots_examined": 11105,
      "search_seconds": 4.7983,
      "status": "COMPLETE_NO_WITNESS",
      "stdout_sha256": "bf4939404dca7b0719c71a4870e3f9fa176ef52dc11fbbf402fbeab8804c7f39",
      "triple_candidates": 3084,
      "witness_sha256": null
    },
    {
      "exit_code": 20,
      "exit_file_sha256": "5378796307535df3ec8d8b15a2e2dc5641419c3d3060cfe32238c0fa973f7aa3",
      "external_real_seconds": 5.5,
      "external_system_seconds": 0.12,
      "external_user_seconds": 5.33,
      "final_pool_candidates": 0,
      "maximum_resident_set_size_bytes": 359075840,
      "pair_candidates": 794846,
      "resource_log_sha256": "e84cd6d69d19fdaf29563b306cf6549cd3416ee86c4ec3893d17232174a09629",
      "root_row_pair": 37,
      "roots_examined": 6877,
      "search_seconds": 3.34928,
      "status": "COMPLETE_NO_WITNESS",
      "stdout_sha256": "686c112e3484e3a5eaecc54f1590ef33945283f36e93ce7ad14dbdf538bc7fad",
      "triple_candidates": 2652,
      "witness_sha256": null
    },
    {
      "exit_code": 20,
      "exit_file_sha256": "5378796307535df3ec8d8b15a2e2dc5641419c3d3060cfe32238c0fa973f7aa3",
      "external_real_seconds": 5.97,
      "external_system_seconds": 0.13,
      "external_user_seconds": 5.81,
      "final_pool_candidates": 0,
      "maximum_resident_set_size_bytes": 360845312,
      "pair_candidates": 894594,
      "resource_log_sha256": "b8400a52b0feaa30e2905e6ffbb48a941e388b44f1a1deaa3571f3287000c8fe",
      "root_row_pair": 38,
      "roots_examined": 7022,
      "search_seconds": 3.83372,
      "status": "COMPLETE_NO_WITNESS",
      "stdout_sha256": "c7727714cca06f67845e59ef38c7a6f65d641b6d5199a32ba80435795303c9e5",
      "triple_candidates": 3329,
      "witness_sha256": null
    },
    {
      "exit_code": 20,
      "exit_file_sha256": "5378796307535df3ec8d8b15a2e2dc5641419c3d3060cfe32238c0fa973f7aa3",
      "external_real_seconds": 5.21,
      "external_system_seconds": 0.14,
      "external_user_seconds": 5.03,
      "final_pool_candidates": 0,
      "maximum_resident_set_size_bytes": 359202816,
      "pair_candidates": 719301,
      "resource_log_sha256": "25de8476ed4f168a11e28cf665c2ca21ae62f8e8d6f843d220f61948f420a351",
      "root_row_pair": 39,
      "roots_examined": 6183,
      "search_seconds": 3.05572,
      "status": "COMPLETE_NO_WITNESS",
      "stdout_sha256": "4dc347565db51034fcf565a18acad5a60240014ae61afa404751cb1b22016e2a",
      "triple_candidates": 2301,
      "witness_sha256": null
    },
    {
      "exit_code": 20,
      "exit_file_sha256": "5378796307535df3ec8d8b15a2e2dc5641419c3d3060cfe32238c0fa973f7aa3",
      "external_real_seconds": 5.08,
      "external_system_seconds": 0.13,
      "external_user_seconds": 4.92,
      "final_pool_candidates": 0,
      "maximum_resident_set_size_bytes": 359403520,
      "pair_candidates": 466263,
      "resource_log_sha256": "e4ea5e8fd0e21a2fe4601b88cc4f0195c3cc7ac678b81488b7a528907e244636",
      "root_row_pair": 40,
      "roots_examined": 22875,
      "search_seconds": 2.93698,
      "status": "COMPLETE_NO_WITNESS",
      "stdout_sha256": "985a6bdb7df6ff738a69df3c1dea83182907e61bc35c8bddab9f44d8c8d1d8cd",
      "triple_candidates": 202,
      "witness_sha256": null
    },
    {
      "exit_code": 20,
      "exit_file_sha256": "5378796307535df3ec8d8b15a2e2dc5641419c3d3060cfe32238c0fa973f7aa3",
      "external_real_seconds": 3.6,
      "external_system_seconds": 0.13,
      "external_user_seconds": 3.46,
      "final_pool_candidates": 0,
      "maximum_resident_set_size_bytes": 359333888,
      "pair_candidates": 307492,
      "resource_log_sha256": "7f8b5d1613b96d4e818e826bc9c60c7521016e345a5f1194fc361d0f72c25306",
      "root_row_pair": 41,
      "roots_examined": 6998,
      "search_seconds": 1.46535,
      "status": "COMPLETE_NO_WITNESS",
      "stdout_sha256": "e11560c02f52ab02fdb83adbde7897c420aeddc2e1393a1e392dfe0e4b89d2cb",
      "triple_candidates": 196,
      "witness_sha256": null
    },
    {
      "exit_code": 20,
      "exit_file_sha256": "5378796307535df3ec8d8b15a2e2dc5641419c3d3060cfe32238c0fa973f7aa3",
      "external_real_seconds": 3.5,
      "external_system_seconds": 0.14,
      "external_user_seconds": 3.34,
      "final_pool_candidates": 0,
      "maximum_resident_set_size_bytes": 359981056,
      "pair_candidates": 304858,
      "resource_log_sha256": "4f26a6aeca9dee3d9de0223507526bd6d8126c71c257bff1e76f582b784a7a1d",
      "root_row_pair": 42,
      "roots_examined": 5442,
      "search_seconds": 1.36486,
      "status": "COMPLETE_NO_WITNESS",
      "stdout_sha256": "9e08424bc39817ce07c836b25af6d15b318b3ee3f785f0bc4c6381f14acd41bc",
      "triple_candidates": 229,
      "witness_sha256": null
    },
    {
      "exit_code": 20,
      "exit_file_sha256": "5378796307535df3ec8d8b15a2e2dc5641419c3d3060cfe32238c0fa973f7aa3",
      "external_real_seconds": 3.21,
      "external_system_seconds": 0.13,
      "external_user_seconds": 3.06,
      "final_pool_candidates": 0,
      "maximum_resident_set_size_bytes": 360312832,
      "pair_candidates": 230682,
      "resource_log_sha256": "f084371d972e10a743958a31649e6606efc7cdcaf6a73203badd346629b19a77",
      "root_row_pair": 43,
      "roots_examined": 3891,
      "search_seconds": 1.07118,
      "status": "COMPLETE_NO_WITNESS",
      "stdout_sha256": "7a780bc9b00f3a055e6697a6674f363e5893ca4e03f33c95c9baa93971a02e07",
      "triple_candidates": 174,
      "witness_sha256": null
    },
    {
      "exit_code": 20,
      "exit_file_sha256": "5378796307535df3ec8d8b15a2e2dc5641419c3d3060cfe32238c0fa973f7aa3",
      "external_real_seconds": 3.47,
      "external_system_seconds": 0.13,
      "external_user_seconds": 3.32,
      "final_pool_candidates": 0,
      "maximum_resident_set_size_bytes": 359673856,
      "pair_candidates": 301788,
      "resource_log_sha256": "9b9771534c0af599658667ccd4bc00558a1f1a323c683b5190236c63292c11f8",
      "root_row_pair": 44,
      "roots_examined": 5039,
      "search_seconds": 1.33293,
      "status": "COMPLETE_NO_WITNESS",
      "stdout_sha256": "42da46d93c00889fa0305d98e078cb025cf5b9f1d6ded5932d97d96b22597f79",
      "triple_candidates": 243,
      "witness_sha256": null
    },
    {
      "exit_code": 20,
      "exit_file_sha256": "5378796307535df3ec8d8b15a2e2dc5641419c3d3060cfe32238c0fa973f7aa3",
      "external_real_seconds": 2.82,
      "external_system_seconds": 0.13,
      "external_user_seconds": 2.68,
      "final_pool_candidates": 0,
      "maximum_resident_set_size_bytes": 359489536,
      "pair_candidates": 89964,
      "resource_log_sha256": "0932283fc56402b4078754a2a804f8bcefc8f3944e5755a020c87c6a2de6d81d",
      "root_row_pair": 45,
      "roots_examined": 12809,
      "search_seconds": 0.663613,
      "status": "COMPLETE_NO_WITNESS",
      "stdout_sha256": "5d545d5c447b98b4b1000372144fa33f403aaea567a22f88e44b000b1ac1bebb",
      "triple_candidates": 0,
      "witness_sha256": null
    },
    {
      "exit_code": 20,
      "exit_file_sha256": "5378796307535df3ec8d8b15a2e2dc5641419c3d3060cfe32238c0fa973f7aa3",
      "external_real_seconds": 2.64,
      "external_system_seconds": 0.13,
      "external_user_seconds": 2.49,
      "final_pool_candidates": 0,
      "maximum_resident_set_size_bytes": 359563264,
      "pair_candidates": 72173,
      "resource_log_sha256": "6235598c0bc9dae5e4b803a164c3a6af4dc7b8266ffea92e9711c2899cf63056",
      "root_row_pair": 46,
      "roots_examined": 7870,
      "search_seconds": 0.483606,
      "status": "COMPLETE_NO_WITNESS",
      "stdout_sha256": "287e2fdeb16ffc784b91d46ce4a0ecd42f65b6aea4a8e4ff9f4253c0738ccaea",
      "triple_candidates": 0,
      "witness_sha256": null
    },
    {
      "exit_code": 20,
      "exit_file_sha256": "5378796307535df3ec8d8b15a2e2dc5641419c3d3060cfe32238c0fa973f7aa3",
      "external_real_seconds": 2.75,
      "external_system_seconds": 0.14,
      "external_user_seconds": 2.6,
      "final_pool_candidates": 0,
      "maximum_resident_set_size_bytes": 361218048,
      "pair_candidates": 76389,
      "resource_log_sha256": "f493c7587e8ee9bb67676bc8a805b000063b0b5fd42dc9ce132118fe7d84648b",
      "root_row_pair": 47,
      "roots_examined": 6658,
      "search_seconds": 0.586824,
      "status": "COMPLETE_NO_WITNESS",
      "stdout_sha256": "fd62ad6a108452088169e05c7c5aef3e25b913678afb8b59366e63953b8866d1",
      "triple_candidates": 0,
      "witness_sha256": null
    },
    {
      "exit_code": 20,
      "exit_file_sha256": "5378796307535df3ec8d8b15a2e2dc5641419c3d3060cfe32238c0fa973f7aa3",
      "external_real_seconds": 2.79,
      "external_system_seconds": 0.12,
      "external_user_seconds": 2.65,
      "final_pool_candidates": 0,
      "maximum_resident_set_size_bytes": 359825408,
      "pair_candidates": 79353,
      "resource_log_sha256": "a1c37543806f5e72bb3ccc3c6c4808333baee128d6e3846c05b3ec2cbd72b8df",
      "root_row_pair": 48,
      "roots_examined": 7559,
      "search_seconds": 0.606494,
      "status": "COMPLETE_NO_WITNESS",
      "stdout_sha256": "7f90e43de9f1b729d6a5bc1fcabed35d519eeac68602458f5cf41eca85292f0b",
      "triple_candidates": 0,
      "witness_sha256": null
    },
    {
      "exit_code": 20,
      "exit_file_sha256": "5378796307535df3ec8d8b15a2e2dc5641419c3d3060cfe32238c0fa973f7aa3",
      "external_real_seconds": 2.21,
      "external_system_seconds": 0.13,
      "external_user_seconds": 2.06,
      "final_pool_candidates": 0,
      "maximum_resident_set_size_bytes": 358092800,
      "pair_candidates": 6992,
      "resource_log_sha256": "19e2ce8237fd6e23e17bb749927f2ed19b72104eb6e8ae96ba8927455677b258",
      "root_row_pair": 49,
      "roots_examined": 3016,
      "search_seconds": 0.0535259,
      "status": "COMPLETE_NO_WITNESS",
      "stdout_sha256": "d754d8a92f5ec19e984f216fb6d50499d594f7224bbc9ed369956548c40ee958",
      "triple_candidates": 0,
      "witness_sha256": null
    },
    {
      "exit_code": 20,
      "exit_file_sha256": "5378796307535df3ec8d8b15a2e2dc5641419c3d3060cfe32238c0fa973f7aa3",
      "external_real_seconds": 2.16,
      "external_system_seconds": 0.13,
      "external_user_seconds": 2.02,
      "final_pool_candidates": 0,
      "maximum_resident_set_size_bytes": 359862272,
      "pair_candidates": 4946,
      "resource_log_sha256": "aca13254719f44f820f05154901762f47f360071fbe1a0485ccb8bb462a1a75e",
      "root_row_pair": 50,
      "roots_examined": 1979,
      "search_seconds": 0.0447565,
      "status": "COMPLETE_NO_WITNESS",
      "stdout_sha256": "03e3c41aa75ece8e306398f34a275f64a68e2c002e6e87b3bf356bf347b56d93",
      "triple_candidates": 0,
      "witness_sha256": null
    },
    {
      "exit_code": 20,
      "exit_file_sha256": "5378796307535df3ec8d8b15a2e2dc5641419c3d3060cfe32238c0fa973f7aa3",
      "external_real_seconds": 2.18,
      "external_system_seconds": 0.12,
      "external_user_seconds": 2.04,
      "final_pool_candidates": 0,
      "maximum_resident_set_size_bytes": 360009728,
      "pair_candidates": 6234,
      "resource_log_sha256": "e761d1e186163b5c6477554911a84ee5adb0004ac1b521cd94724f657e05c450",
      "root_row_pair": 51,
      "roots_examined": 2529,
      "search_seconds": 0.0648734,
      "status": "COMPLETE_NO_WITNESS",
      "stdout_sha256": "33d68ce0ad2f4aa79e31383f44a7bedb2edb4f165cd67826a25b68081742b9a5",
      "triple_candidates": 0,
      "witness_sha256": null
    },
    {
      "exit_code": 20,
      "exit_file_sha256": "5378796307535df3ec8d8b15a2e2dc5641419c3d3060cfe32238c0fa973f7aa3",
      "external_real_seconds": 2.03,
      "external_system_seconds": 0.13,
      "external_user_seconds": 1.88,
      "final_pool_candidates": 0,
      "maximum_resident_set_size_bytes": 360062976,
      "pair_candidates": 0,
      "resource_log_sha256": "777d3c99ff57042ad49ee36ac8fb1000e3bf3ce846171a9f17edd7f629c0264b",
      "root_row_pair": 52,
      "roots_examined": 1393,
      "search_seconds": 0.015261,
      "status": "COMPLETE_NO_WITNESS",
      "stdout_sha256": "31384050a3b64beff7b5bd3f180e3a5eaf254cadd0e092aeb1196860b78a4bc3",
      "triple_candidates": 0,
      "witness_sha256": null
    },
    {
      "exit_code": 20,
      "exit_file_sha256": "5378796307535df3ec8d8b15a2e2dc5641419c3d3060cfe32238c0fa973f7aa3",
      "external_real_seconds": 2.0,
      "external_system_seconds": 0.12,
      "external_user_seconds": 1.87,
      "final_pool_candidates": 0,
      "maximum_resident_set_size_bytes": 361205760,
      "pair_candidates": 0,
      "resource_log_sha256": "f7dd0c48c1b97997a428d3e5d70deb0f54b46c11dd32d5621f9ffc370cf431b2",
      "root_row_pair": 53,
      "roots_examined": 1485,
      "search_seconds": 0.0158277,
      "status": "COMPLETE_NO_WITNESS",
      "stdout_sha256": "69ac037988af0933d542fbcaf47f55a8eb0b866428e3a451b1c7a58b7503193c",
      "triple_candidates": 0,
      "witness_sha256": null
    },
    {
      "exit_code": 20,
      "exit_file_sha256": "5378796307535df3ec8d8b15a2e2dc5641419c3d3060cfe32238c0fa973f7aa3",
      "external_real_seconds": 2.01,
      "external_system_seconds": 0.13,
      "external_user_seconds": 1.87,
      "final_pool_candidates": 0,
      "maximum_resident_set_size_bytes": 358502400,
      "pair_candidates": 0,
      "resource_log_sha256": "8c63e32133855fd3eb0d9e6626b3bec7f77184678ee498fe779149b31cde6dcf",
      "root_row_pair": 54,
      "roots_examined": 1328,
      "search_seconds": 0.0145091,
      "status": "COMPLETE_NO_WITNESS",
      "stdout_sha256": "ad4fdd35bcffc9ea98a6c3489e3c5718b258efda8bce423af035825c67026bf0",
      "triple_candidates": 0,
      "witness_sha256": null
    }
  ],
  "shards": 55,
  "status": "PASS",
  "status_histogram": {
    "COMPLETE_NO_WITNESS": 55
  },
  "sum_search_seconds": 225.78873060000006,
  "witnesses": []
}
