{
  "aggregate": {
    "final_pool_candidates": 0,
    "final_pools_built": 1921322,
    "pair_candidates": 105396482,
    "pair_pools_built": 496098,
    "roots_examined": 496098,
    "triple_candidates": 1921322,
    "triple_pools_built": 105396482
  },
  "anchor_hex": "00a021101091400414044208040a0a0",
  "candidate_count": 496098,
  "catalogue": "/data/home/ahw807/Q10_HPC_HANDOFF_PACKAGE/runs/rep74_catalogue/all_masks.hex",
  "catalogue_recorded_path": "/data/home/ahw807/Q10_HPC_HANDOFF_PACKAGE/runs/rep74_catalogue/all_masks.hex",
  "catalogue_sha256": "c0f1e3f8542f19b410f710616ff742e830118b4f549fd311c47254f6b58582c7",
  "claim_boundary": "catalogue completeness must be established by its separate exhaustive enumeration audit",
  "exit_code_histogram": {
    "20": 55
  },
  "join_binary_recorded_path": "/tmp/q10-rep74-26188977/capset_join",
  "join_binary_sha256": "2247456f9f199952d236d87f6ec80ec5f30cecbde9f7c11119a96304f2e4f52d",
  "mathematical_status": "UNSAT_RELATIVE_TO_COMPLETE_CAP_CATALOGUE",
  "maximum_shard_search_seconds": 32.6882,
  "resources": {
    "makespan_seconds_runmeta_to_last_stdout_mtime": 54.24365544319153,
    "maximum_resident_set_size_bytes": 427655168,
    "measurement_note": "resource sums are over 55 BSD /usr/bin/time -l shard records; makespan is filesystem-mtime derived and operational, not proof evidence",
    "sum_external_real_seconds": 822.5899999999997,
    "sum_external_system_seconds": 9.07,
    "sum_external_user_seconds": 809.0399999999998
  },
  "run_metadata_sha256": "41e3ea96cc5fe383093d555e3d4b3c081d85ef7aca19db932257cceefac1a27b",
  "shard_ledger": [
    {
      "exit_code": 20,
      "exit_file_sha256": "5378796307535df3ec8d8b15a2e2dc5641419c3d3060cfe32238c0fa973f7aa3",
      "external_real_seconds": 13.55,
      "external_system_seconds": 0.15,
      "external_user_seconds": 13.31,
      "final_pool_candidates": 0,
      "maximum_resident_set_size_bytes": 425345024,
      "pair_candidates": 1306077,
      "resource_log_sha256": "6064cab1d6b8fb0818bd4aaa56445c85d52cf0bdef26c907c5c612591363cf1c",
      "root_row_pair": 0,
      "roots_examined": 2135,
      "search_seconds": 10.4063,
      "status": "COMPLETE_NO_WITNESS",
      "stdout_sha256": "5c30aa06e1b0c6ac5a5e10eaecc5ab519839f472938c2804cef729851eadc3ad",
      "triple_candidates": 50458,
      "witness_sha256": null
    },
    {
      "exit_code": 20,
      "exit_file_sha256": "5378796307535df3ec8d8b15a2e2dc5641419c3d3060cfe32238c0fa973f7aa3",
      "external_real_seconds": 17.49,
      "external_system_seconds": 0.16,
      "external_user_seconds": 17.2,
      "final_pool_candidates": 0,
      "maximum_resident_set_size_bytes": 425054208,
      "pair_candidates": 1887640,
      "resource_log_sha256": "99ded626c4c9e2fdcac680a60634884925276a9352c2ec28e41b2b8096ac0fcf",
      "root_row_pair": 1,
      "roots_examined": 3433,
      "search_seconds": 14.2609,
      "status": "COMPLETE_NO_WITNESS",
      "stdout_sha256": "44da53bf1e2072aa281a00d64b2fdd5028bd409523383e63ee6641fa22526746",
      "triple_candidates": 64565,
      "witness_sha256": null
    },
    {
      "exit_code": 20,
      "exit_file_sha256": "5378796307535df3ec8d8b15a2e2dc5641419c3d3060cfe32238c0fa973f7aa3",
      "external_real_seconds": 19.86,
      "external_system_seconds": 0.16,
      "external_user_seconds": 19.56,
      "final_pool_candidates": 0,
      "maximum_resident_set_size_bytes": 425443328,
      "pair_candidates": 2170507,
      "resource_log_sha256": "e3bb4a3799808859049c673c323745d425baa2b13fa40e184d3fec2b83fee2e4",
      "root_row_pair": 2,
      "roots_examined": 3710,
      "search_seconds": 16.6188,
      "status": "COMPLETE_NO_WITNESS",
      "stdout_sha256": "82f8b4e62779ea8c57db21156999b0c3951a2a58f26ede4e5b35458b6afcde03",
      "triple_candidates": 77297,
      "witness_sha256": null
    },
    {
      "exit_code": 20,
      "exit_file_sha256": "5378796307535df3ec8d8b15a2e2dc5641419c3d3060cfe32238c0fa973f7aa3",
      "external_real_seconds": 34.51,
      "external_system_seconds": 0.17,
      "external_user_seconds": 34.11,
      "final_pool_candidates": 0,
      "maximum_resident_set_size_bytes": 425775104,
      "pair_candidates": 4528979,
      "resource_log_sha256": "e6ebc769ef53c0ae26c46edf2762b17fdcd70dc029b985223733adb458203511",
      "root_row_pair": 3,
      "roots_examined": 10530,
      "search_seconds": 31.2698,
      "status": "COMPLETE_NO_WITNESS",
      "stdout_sha256": "60cc8827355f0e7341cca683b7e4c6eaa5b505575d69a8e5552954755b7b9caa",
      "triple_candidates": 118641,
      "witness_sha256": null
    },
    {
      "exit_code": 20,
      "exit_file_sha256": "5378796307535df3ec8d8b15a2e2dc5641419c3d3060cfe32238c0fa973f7aa3",
      "external_real_seconds": 32.33,
      "external_system_seconds": 0.16,
      "external_user_seconds": 32.03,
      "final_pool_candidates": 0,
      "maximum_resident_set_size_bytes": 424759296,
      "pair_candidates": 4044587,
      "resource_log_sha256": "742af7b4cb9550c275f494b9a26eb49f3d9c542740ad73a9717ac8740134c209",
      "root_row_pair": 4,
      "roots_examined": 8041,
      "search_seconds": 29.1512,
      "status": "COMPLETE_NO_WITNESS",
      "stdout_sha256": "7acf3a5754b3816c4d216ece20da013b1237944dd1eab923b210ebcb65663cd0",
      "triple_candidates": 121670,
      "witness_sha256": null
    },
    {
      "exit_code": 20,
      "exit_file_sha256": "5378796307535df3ec8d8b15a2e2dc5641419c3d3060cfe32238c0fa973f7aa3",
      "external_real_seconds": 35.87,
      "external_system_seconds": 0.16,
      "external_user_seconds": 35.55,
      "final_pool_candidates": 0,
      "maximum_resident_set_size_bytes": 425177088,
      "pair_candidates": 4784157,
      "resource_log_sha256": "473d661d5e090b1a6333e2a73e121a40e46129680edcd6f16a0f0cde20fbe163",
      "root_row_pair": 5,
      "roots_examined": 11621,
      "search_seconds": 32.6882,
      "status": "COMPLETE_NO_WITNESS",
      "stdout_sha256": "cae793057b699fb58e8205157b578081fb9dfe7d20b6ca2867d955435cb0ec8d",
      "triple_candidates": 121214,
      "witness_sha256": null
    },
    {
      "exit_code": 20,
      "exit_file_sha256": "5378796307535df3ec8d8b15a2e2dc5641419c3d3060cfe32238c0fa973f7aa3",
      "external_real_seconds": 26.81,
      "external_system_seconds": 0.16,
      "external_user_seconds": 26.48,
      "final_pool_candidates": 0,
      "maximum_resident_set_size_bytes": 425418752,
      "pair_candidates": 3157677,
      "resource_log_sha256": "aa6e1d671024e8772bf3e2e608c7a105882200dfc12f54823594cc4ef68f2c4f",
      "root_row_pair": 6,
      "roots_examined": 5612,
      "search_seconds": 23.5817,
      "status": "COMPLETE_NO_WITNESS",
      "stdout_sha256": "85097aba47fb678b1700ca3d5a0854d02f8291255e29a5efa0e5c9a37b02a428",
      "triple_candidates": 107608,
      "witness_sha256": null
    },
    {
      "exit_code": 20,
      "exit_file_sha256": "5378796307535df3ec8d8b15a2e2dc5641419c3d3060cfe32238c0fa973f7aa3",
      "external_real_seconds": 18.05,
      "external_system_seconds": 0.15,
      "external_user_seconds": 17.76,
      "final_pool_candidates": 0,
      "maximum_resident_set_size_bytes": 427618304,
      "pair_candidates": 1952055,
      "resource_log_sha256": "6fd87cec815bf7e154fcff56151207f3e0a79dd116481f64cd545cb40aeaeb23",
      "root_row_pair": 7,
      "roots_examined": 3415,
      "search_seconds": 14.8121,
      "status": "COMPLETE_NO_WITNESS",
      "stdout_sha256": "dd8c3a3c37956405391b677b82db4b3921693120a41fb5ac13f16820b81eae2e",
      "triple_candidates": 70013,
      "witness_sha256": null
    },
    {
      "exit_code": 20,
      "exit_file_sha256": "5378796307535df3ec8d8b15a2e2dc5641419c3d3060cfe32238c0fa973f7aa3",
      "external_real_seconds": 13.9,
      "external_system_seconds": 0.15,
      "external_user_seconds": 13.65,
      "final_pool_candidates": 0,
      "maximum_resident_set_size_bytes": 427503616,
      "pair_candidates": 1230639,
      "resource_log_sha256": "2ae5f862993b466e9cbf50b8c3a2b27c5b1aac4bcd7fa6c074a3b8b0b375fc97",
      "root_row_pair": 8,
      "roots_examined": 1931,
      "search_seconds": 10.6653,
      "status": "COMPLETE_NO_WITNESS",
      "stdout_sha256": "f26c504fd1005bbaf1c0be469a7f17d338a76ff62615cb025b1017be13d5cdcd",
      "triple_candidates": 55239,
      "witness_sha256": null
    },
    {
      "exit_code": 20,
      "exit_file_sha256": "5378796307535df3ec8d8b15a2e2dc5641419c3d3060cfe32238c0fa973f7aa3",
      "external_real_seconds": 15.07,
      "external_system_seconds": 0.16,
      "external_user_seconds": 14.78,
      "final_pool_candidates": 0,
      "maximum_resident_set_size_bytes": 425672704,
      "pair_candidates": 1457987,
      "resource_log_sha256": "a0b79837a7e551bb063194af4e0a401777639b42989a34e92a019dfc80316d04",
      "root_row_pair": 9,
      "roots_examined": 2288,
      "search_seconds": 11.8315,
      "status": "COMPLETE_NO_WITNESS",
      "stdout_sha256": "68b203c40a435fa2ac4003f6b5fd29293b9a2b84885771a46f006ee95dee3817",
      "triple_candidates": 59029,
      "witness_sha256": null
    },
    {
      "exit_code": 20,
      "exit_file_sha256": "5378796307535df3ec8d8b15a2e2dc5641419c3d3060cfe32238c0fa973f7aa3",
      "external_real_seconds": 15.31,
      "external_system_seconds": 0.15,
      "external_user_seconds": 15.08,
      "final_pool_candidates": 0,
      "maximum_resident_set_size_bytes": 425836544,
      "pair_candidates": 1571328,
      "resource_log_sha256": "e7c5a10015e47e6bfe9543210530607415e67ee98edc9b1aaa95a65e3728c469",
      "root_row_pair": 10,
      "roots_examined": 3064,
      "search_seconds": 12.1009,
      "status": "COMPLETE_NO_WITNESS",
      "stdout_sha256": "e0a075d60c17e92ffff3d05647febceaa734412b90aa0a32fe62a6f8fbe2e6d8",
      "triple_candidates": 47187,
      "witness_sha256": null
    },
    {
      "exit_code": 20,
      "exit_file_sha256": "5378796307535df3ec8d8b15a2e2dc5641419c3d3060cfe32238c0fa973f7aa3",
      "external_real_seconds": 12.04,
      "external_system_seconds": 0.15,
      "external_user_seconds": 11.83,
      "final_pool_candidates": 0,
      "maximum_resident_set_size_bytes": 425414656,
      "pair_candidates": 1269358,
      "resource_log_sha256": "a3dec233cd863d664b6021e88cd637181e98d941b5e510580be1e3025e8b9c78",
      "root_row_pair": 11,
      "roots_examined": 2618,
      "search_seconds": 8.86396,
      "status": "COMPLETE_NO_WITNESS",
      "stdout_sha256": "1b44c959666f3ab504721871338c86e0fe077496b63815b77a5cd87d21b4cbfd",
      "triple_candidates": 34732,
      "witness_sha256": null
    },
    {
      "exit_code": 20,
      "exit_file_sha256": "5378796307535df3ec8d8b15a2e2dc5641419c3d3060cfe32238c0fa973f7aa3",
      "external_real_seconds": 24.35,
      "external_system_seconds": 0.16,
      "external_user_seconds": 24.03,
      "final_pool_candidates": 0,
      "maximum_resident_set_size_bytes": 425086976,
      "pair_candidates": 3237045,
      "resource_log_sha256": "2cd43efb6f760878bc46210ec21dd02bc40d2568ab40de3a0cc74969cf921ee8",
      "root_row_pair": 12,
      "roots_examined": 8431,
      "search_seconds": 21.1116,
      "status": "COMPLETE_NO_WITNESS",
      "stdout_sha256": "580c0f32f9f08e6f310c57a14834f2212d6a32a618378d211693a7ddf1738225",
      "triple_candidates": 74696,
      "witness_sha256": null
    },
    {
      "exit_code": 20,
      "exit_file_sha256": "5378796307535df3ec8d8b15a2e2dc5641419c3d3060cfe32238c0fa973f7aa3",
      "external_real_seconds": 18.99,
      "external_system_seconds": 0.15,
      "external_user_seconds": 18.69,
      "final_pool_candidates": 0,
      "maximum_resident_set_size_bytes": 425836544,
      "pair_candidates": 2381337,
      "resource_log_sha256": "5972ab6a68c514ee80ef49320e69e6333c4c59d6bbfc2ae7112d667f9aa2333c",
      "root_row_pair": 13,
      "roots_examined": 5604,
      "search_seconds": 15.7589,
      "status": "COMPLETE_NO_WITNESS",
      "stdout_sha256": "6cdca9e5edade2f8a0b84cb33479c93e661b7e7e60c4c1a6b1607a6c4a85dc34",
      "triple_candidates": 55842,
      "witness_sha256": null
    },
    {
      "exit_code": 20,
      "exit_file_sha256": "5378796307535df3ec8d8b15a2e2dc5641419c3d3060cfe32238c0fa973f7aa3",
      "external_real_seconds": 34.06,
      "external_system_seconds": 0.15,
      "external_user_seconds": 33.7,
      "final_pool_candidates": 0,
      "maximum_resident_set_size_bytes": 426795008,
      "pair_candidates": 4705645,
      "resource_log_sha256": "3463493f3176094653c2193d8cfe7387b88aaabc889b6a6a7521e5d744f766e9",
      "root_row_pair": 14,
      "roots_examined": 12494,
      "search_seconds": 30.8278,
      "status": "COMPLETE_NO_WITNESS",
      "stdout_sha256": "997f2fcd7e8a6ec7604728b4e3afdfde02586b1df5e3d7656f83f93a40021600",
      "triple_candidates": 102926,
      "witness_sha256": null
    },
    {
      "exit_code": 20,
      "exit_file_sha256": "5378796307535df3ec8d8b15a2e2dc5641419c3d3060cfe32238c0fa973f7aa3",
      "external_real_seconds": 14.43,
      "external_system_seconds": 0.15,
      "external_user_seconds": 14.14,
      "final_pool_candidates": 0,
      "maximum_resident_set_size_bytes": 427585536,
      "pair_candidates": 1560324,
      "resource_log_sha256": "f33c4328236e5d41cedc3ba1df7f10e3ed2fff23e6c72b8e003216816b085594",
      "root_row_pair": 15,
      "roots_examined": 3200,
      "search_seconds": 11.1903,
      "status": "COMPLETE_NO_WITNESS",
      "stdout_sha256": "1ca4e54fdec48f927772d87558acce1306e16706db63d21d6b008fa7f2a48315",
      "triple_candidates": 43011,
      "witness_sha256": null
    },
    {
      "exit_code": 20,
      "exit_file_sha256": "5378796307535df3ec8d8b15a2e2dc5641419c3d3060cfe32238c0fa973f7aa3",
      "external_real_seconds": 14.56,
      "external_system_seconds": 0.16,
      "external_user_seconds": 14.33,
      "final_pool_candidates": 0,
      "maximum_resident_set_size_bytes": 425349120,
      "pair_candidates": 1663067,
      "resource_log_sha256": "5c47f5feb899744bd8c289273cb7fd5057127b46bba0e3b0ac46e495cc2d490d",
      "root_row_pair": 16,
      "roots_examined": 3550,
      "search_seconds": 11.3912,
      "status": "COMPLETE_NO_WITNESS",
      "stdout_sha256": "ba7ceed89d9a66749e2fbaef4208fa7d9592d8fcceb3a134bcfd948a1557708d",
      "triple_candidates": 46285,
      "witness_sha256": null
    },
    {
      "exit_code": 20,
      "exit_file_sha256": "5378796307535df3ec8d8b15a2e2dc5641419c3d3060cfe32238c0fa973f7aa3",
      "external_real_seconds": 9.65,
      "external_system_seconds": 0.27,
      "external_user_seconds": 9.32,
      "final_pool_candidates": 0,
      "maximum_resident_set_size_bytes": 427286528,
      "pair_candidates": 756052,
      "resource_log_sha256": "6c8a176e1438d825547a27cd2c4c366206466b2776ee09506a083493c25f6841",
      "root_row_pair": 17,
      "roots_examined": 1377,
      "search_seconds": 6.2915,
      "status": "COMPLETE_NO_WITNESS",
      "stdout_sha256": "b27d5742c67ee5c17e0310021ea0f94e2040015b9b29927e8fab258769777261",
      "triple_candidates": 27573,
      "witness_sha256": null
    },
    {
      "exit_code": 20,
      "exit_file_sha256": "5378796307535df3ec8d8b15a2e2dc5641419c3d3060cfe32238c0fa973f7aa3",
      "external_real_seconds": 12.88,
      "external_system_seconds": 0.16,
      "external_user_seconds": 12.65,
      "final_pool_candidates": 0,
      "maximum_resident_set_size_bytes": 427094016,
      "pair_candidates": 1168869,
      "resource_log_sha256": "ed3e0d1225e64189030b702334b1c16cbe4f6a9d16236078a8cb602ac8670717",
      "root_row_pair": 18,
      "roots_examined": 2052,
      "search_seconds": 9.5904,
      "status": "COMPLETE_NO_WITNESS",
      "stdout_sha256": "df2457d43b78fa5120a7d2e2dfa9a0d00cd49afb2765540ef875dc963d8f849f",
      "triple_candidates": 36628,
      "witness_sha256": null
    },
    {
      "exit_code": 20,
      "exit_file_sha256": "5378796307535df3ec8d8b15a2e2dc5641419c3d3060cfe32238c0fa973f7aa3",
      "external_real_seconds": 17.64,
      "external_system_seconds": 0.15,
      "external_user_seconds": 17.41,
      "final_pool_candidates": 0,
      "maximum_resident_set_size_bytes": 425349120,
      "pair_candidates": 2353039,
      "resource_log_sha256": "b961de6d7bddd2cbd1fbadd798fe616263786c7a54955f7fae7f3645236c780b",
      "root_row_pair": 19,
      "roots_examined": 6051,
      "search_seconds": 14.4675,
      "status": "COMPLETE_NO_WITNESS",
      "stdout_sha256": "74f2f875d07f79866a1af921b8f33ddc9137ba7f21a4681bcccd082001be7c87",
      "triple_candidates": 44740,
      "witness_sha256": null
    },
    {
      "exit_code": 20,
      "exit_file_sha256": "5378796307535df3ec8d8b15a2e2dc5641419c3d3060cfe32238c0fa973f7aa3",
      "external_real_seconds": 23.89,
      "external_system_seconds": 0.16,
      "external_user_seconds": 23.64,
      "final_pool_candidates": 0,
      "maximum_resident_set_size_bytes": 425349120,
      "pair_candidates": 3789478,
      "resource_log_sha256": "39e99af514b47858ee93f9c06e2008a4c6c205c2be26dd38a380253850c65068",
      "root_row_pair": 20,
      "roots_examined": 14283,
      "search_seconds": 20.7308,
      "status": "COMPLETE_NO_WITNESS",
      "stdout_sha256": "903c91c4358855c838168dd3830fff9851dfa9f021ce7168ac788ce40c2fcf71",
      "triple_candidates": 46871,
      "witness_sha256": null
    },
    {
      "exit_code": 20,
      "exit_file_sha256": "5378796307535df3ec8d8b15a2e2dc5641419c3d3060cfe32238c0fa973f7aa3",
      "external_real_seconds": 26.21,
      "external_system_seconds": 0.17,
      "external_user_seconds": 25.92,
      "final_pool_candidates": 0,
      "maximum_resident_set_size_bytes": 426766336,
      "pair_candidates": 4031196,
      "resource_log_sha256": "fa2b14e505434e40e1663714debe71083b4d1b426204729e81821fb5e9c8f50c",
      "root_row_pair": 21,
      "roots_examined": 12420,
      "search_seconds": 23.0275,
      "status": "COMPLETE_NO_WITNESS",
      "stdout_sha256": "72278b4013c8b6f74dd4067c4a3fb1bfcf586416dc25e93d8e3b8e72cf270737",
      "triple_candidates": 60605,
      "witness_sha256": null
    },
    {
      "exit_code": 20,
      "exit_file_sha256": "5378796307535df3ec8d8b15a2e2dc5641419c3d3060cfe32238c0fa973f7aa3",
      "external_real_seconds": 29.21,
      "external_system_seconds": 0.15,
      "external_user_seconds": 28.93,
      "final_pool_candidates": 0,
      "maximum_resident_set_size_bytes": 425902080,
      "pair_candidates": 4691148,
      "resource_log_sha256": "b751bff2baf11e09885691121f981d9356b88dcc623d1c967d36dbd8e2f9bfe5",
      "root_row_pair": 22,
      "roots_examined": 17697,
      "search_seconds": 26.0361,
      "status": "COMPLETE_NO_WITNESS",
      "stdout_sha256": "cd1e1b4514669a7921a88ac3ca23315d07e385d56f6334fba44a354ab37395d5",
      "triple_candidates": 59935,
      "witness_sha256": null
    },
    {
      "exit_code": 20,
      "exit_file_sha256": "5378796307535df3ec8d8b15a2e2dc5641419c3d3060cfe32238c0fa973f7aa3",
      "external_real_seconds": 24.96,
      "external_system_seconds": 0.15,
      "external_user_seconds": 24.7,
      "final_pool_candidates": 0,
      "maximum_resident_set_size_bytes": 425615360,
      "pair_candidates": 3493215,
      "resource_log_sha256": "fa5ac82a0c187687728e9b3fdd51319c3457947fb3904267c1d597dbd0e5b544",
      "root_row_pair": 23,
      "roots_examined": 8753,
      "search_seconds": 21.7785,
      "status": "COMPLETE_NO_WITNESS",
      "stdout_sha256": "7f2d17673dc83e151a1b50bbef849b9a27c18b675f329543eb5a8e38bbedc63b",
      "triple_candidates": 65652,
      "witness_sha256": null
    },
    {
      "exit_code": 20,
      "exit_file_sha256": "5378796307535df3ec8d8b15a2e2dc5641419c3d3060cfe32238c0fa973f7aa3",
      "external_real_seconds": 15.42,
      "external_system_seconds": 0.18,
      "external_user_seconds": 15.18,
      "final_pool_candidates": 0,
      "maximum_resident_set_size_bytes": 426799104,
      "pair_candidates": 2037139,
      "resource_log_sha256": "b1e4a87fbdbe7796df03f448fe860be8176fbada3221d6ab3df9568f6eb18304",
      "root_row_pair": 24,
      "roots_examined": 5561,
      "search_seconds": 12.2416,
      "status": "COMPLETE_NO_WITNESS",
      "stdout_sha256": "e7ca109804a90cc94e5a03e8cd24fe0a01bd89664b84d6f3d5cd626b63407baa",
      "triple_candidates": 36421,
      "witness_sha256": null
    },
    {
      "exit_code": 20,
      "exit_file_sha256": "5378796307535df3ec8d8b15a2e2dc5641419c3d3060cfe32238c0fa973f7aa3",
      "external_real_seconds": 14.08,
      "external_system_seconds": 0.15,
      "external_user_seconds": 13.87,
      "final_pool_candidates": 0,
      "maximum_resident_set_size_bytes": 425377792,
      "pair_candidates": 1643236,
      "resource_log_sha256": "44280b82b5067387e444e42342b2382e4dcdac57f54e020efa00f01ac12ff8d0",
      "root_row_pair": 25,
      "roots_examined": 3780,
      "search_seconds": 10.9166,
      "status": "COMPLETE_NO_WITNESS",
      "stdout_sha256": "bad3dd0754028a9b8afe52f5722bced8b2d81fcbfa24b00aa88e9a6f747aeb4e",
      "triple_candidates": 37771,
      "witness_sha256": null
    },
    {
      "exit_code": 20,
      "exit_file_sha256": "5378796307535df3ec8d8b15a2e2dc5641419c3d3060cfe32238c0fa973f7aa3",
      "external_real_seconds": 15.22,
      "external_system_seconds": 0.17,
      "external_user_seconds": 14.97,
      "final_pool_candidates": 0,
      "maximum_resident_set_size_bytes": 427446272,
      "pair_candidates": 1625134,
      "resource_log_sha256": "283e83482014ff3df5985e797478fd6681a560ee4e42cf093ea85000858bee32",
      "root_row_pair": 26,
      "roots_examined": 3808,
      "search_seconds": 11.7218,
      "status": "COMPLETE_NO_WITNESS",
      "stdout_sha256": "beb244c2003197db61c843065bbce06a3590db170aa0b4fafba0b97a318414ab",
      "triple_candidates": 33788,
      "witness_sha256": null
    },
    {
      "exit_code": 20,
      "exit_file_sha256": "5378796307535df3ec8d8b15a2e2dc5641419c3d3060cfe32238c0fa973f7aa3",
      "external_real_seconds": 20.9,
      "external_system_seconds": 0.15,
      "external_user_seconds": 20.67,
      "final_pool_candidates": 0,
      "maximum_resident_set_size_bytes": 425345024,
      "pair_candidates": 3699150,
      "resource_log_sha256": "3171669bc1ae43ef4fb1d64aa74f785c1fc4a9e0a77cbc00a6862339f1fa3ed3",
      "root_row_pair": 27,
      "roots_examined": 17060,
      "search_seconds": 17.7566,
      "status": "COMPLETE_NO_WITNESS",
      "stdout_sha256": "f79edd894c3a41f4656b32e19981361ab2bc89776a51413a24ced94bb210a3cc",
      "triple_candidates": 25966,
      "witness_sha256": null
    },
    {
      "exit_code": 20,
      "exit_file_sha256": "5378796307535df3ec8d8b15a2e2dc5641419c3d3060cfe32238c0fa973f7aa3",
      "external_real_seconds": 16.98,
      "external_system_seconds": 0.2,
      "external_user_seconds": 16.69,
      "final_pool_candidates": 0,
      "maximum_resident_set_size_bytes": 425349120,
      "pair_candidates": 2494254,
      "resource_log_sha256": "8ab6a7db941b739ce03255182cc50dc9529e299a4a10fda9dacf1fb9a270b6c0",
      "root_row_pair": 28,
      "roots_examined": 9751,
      "search_seconds": 13.4825,
      "status": "COMPLETE_NO_WITNESS",
      "stdout_sha256": "649496ae1868a13eede136b22c2ba317e39a7bec7ac7b8969a2849bd90a8c0aa",
      "triple_candidates": 21490,
      "witness_sha256": null
    },
    {
      "exit_code": 20,
      "exit_file_sha256": "5378796307535df3ec8d8b15a2e2dc5641419c3d3060cfe32238c0fa973f7aa3",
      "external_real_seconds": 21.23,
      "external_system_seconds": 0.17,
      "external_user_seconds": 20.96,
      "final_pool_candidates": 0,
      "maximum_resident_set_size_bytes": 426225664,
      "pair_candidates": 3722411,
      "resource_log_sha256": "bf92320d4f7f759d6a26d59414ba323e89258d5cb7a6e582941ffc329bee12e2",
      "root_row_pair": 29,
      "roots_examined": 18244,
      "search_seconds": 18.0535,
      "status": "COMPLETE_NO_WITNESS",
      "stdout_sha256": "86392c69099c41a04c352b3c39cdee60a74642a34ece9c05fa27613d78cb567c",
      "triple_candidates": 26425,
      "witness_sha256": null
    },
    {
      "exit_code": 20,
      "exit_file_sha256": "5378796307535df3ec8d8b15a2e2dc5641419c3d3060cfe32238c0fa973f7aa3",
      "external_real_seconds": 15.5,
      "external_system_seconds": 0.15,
      "external_user_seconds": 15.28,
      "final_pool_candidates": 0,
      "maximum_resident_set_size_bytes": 425385984,
      "pair_candidates": 2346569,
      "resource_log_sha256": "d2591dc767c7988c7f0f8926d3b211d5d6ba48416b8a8aa7d26e993fbdc69e3d",
      "root_row_pair": 30,
      "roots_examined": 7362,
      "search_seconds": 12.3073,
      "status": "COMPLETE_NO_WITNESS",
      "stdout_sha256": "bb91a0700343a90072d31b2058b777773ca949e3e0a9a977943e58ac3037caf8",
      "triple_candidates": 26594,
      "witness_sha256": null
    },
    {
      "exit_code": 20,
      "exit_file_sha256": "5378796307535df3ec8d8b15a2e2dc5641419c3d3060cfe32238c0fa973f7aa3",
      "external_real_seconds": 16.11,
      "external_system_seconds": 0.18,
      "external_user_seconds": 15.86,
      "final_pool_candidates": 0,
      "maximum_resident_set_size_bytes": 427094016,
      "pair_candidates": 2397922,
      "resource_log_sha256": "8cea0fbe9114ad10252a89f8551f2853c4ed5f7a497c055093359584cbde0853",
      "root_row_pair": 31,
      "roots_examined": 7184,
      "search_seconds": 12.9026,
      "status": "COMPLETE_NO_WITNESS",
      "stdout_sha256": "d1e0375c76ade3eba76ffb37b4af3dc616f67c844f2e612bd461b9cca94b7d55",
      "triple_candidates": 29927,
      "witness_sha256": null
    },
    {
      "exit_code": 20,
      "exit_file_sha256": "5378796307535df3ec8d8b15a2e2dc5641419c3d3060cfe32238c0fa973f7aa3",
      "external_real_seconds": 8.26,
      "external_system_seconds": 0.17,
      "external_user_seconds": 8.06,
      "final_pool_candidates": 0,
      "maximum_resident_set_size_bytes": 427270144,
      "pair_candidates": 890434,
      "resource_log_sha256": "7c15cd8f25789005ba27bfbd0a9e7b6e10bc1c93f812efee8e80bbd5c1fed544",
      "root_row_pair": 32,
      "roots_examined": 2433,
      "search_seconds": 5.05636,
      "status": "COMPLETE_NO_WITNESS",
      "stdout_sha256": "39dc48b8fe9d0455d3150c3ee8c14a515c127b0c8ddd54faee024a3f81460462",
      "triple_candidates": 12902,
      "witness_sha256": null
    },
    {
      "exit_code": 20,
      "exit_file_sha256": "5378796307535df3ec8d8b15a2e2dc5641419c3d3060cfe32238c0fa973f7aa3",
      "external_real_seconds": 13.37,
      "external_system_seconds": 0.15,
      "external_user_seconds": 13.16,
      "final_pool_candidates": 0,
      "maximum_resident_set_size_bytes": 425349120,
      "pair_candidates": 1807853,
      "resource_log_sha256": "444e9902ca6377d4271bf1d8b9afc695b670bb3f7ec3dba4c0ef2c7febf412a8",
      "root_row_pair": 33,
      "roots_examined": 4730,
      "search_seconds": 10.1786,
      "status": "COMPLETE_NO_WITNESS",
      "stdout_sha256": "5bcd82e318be462c5047791534fc8d9f91793af969d9c9e26cafc3951347c527",
      "triple_candidates": 24354,
      "witness_sha256": null
    },
    {
      "exit_code": 20,
      "exit_file_sha256": "5378796307535df3ec8d8b15a2e2dc5641419c3d3060cfe32238c0fa973f7aa3",
      "external_real_seconds": 18.15,
      "external_system_seconds": 0.14,
      "external_user_seconds": 17.94,
      "final_pool_candidates": 0,
      "maximum_resident_set_size_bytes": 427134976,
      "pair_candidates": 3429240,
      "resource_log_sha256": "80a10306d379586c1aa5dd360f17ec155e47951a629f69aea63156afe5221eab",
      "root_row_pair": 34,
      "roots_examined": 30421,
      "search_seconds": 14.9698,
      "status": "COMPLETE_NO_WITNESS",
      "stdout_sha256": "de51ce01f474e1a5b118144d4743853c9a6bbd43b503c04ac4a4da513ced60ee",
      "triple_candidates": 8963,
      "witness_sha256": null
    },
    {
      "exit_code": 20,
      "exit_file_sha256": "5378796307535df3ec8d8b15a2e2dc5641419c3d3060cfe32238c0fa973f7aa3",
      "external_real_seconds": 19.3,
      "external_system_seconds": 0.17,
      "external_user_seconds": 19.02,
      "final_pool_candidates": 0,
      "maximum_resident_set_size_bytes": 425349120,
      "pair_candidates": 3425960,
      "resource_log_sha256": "3b49e35ae4f54964791c0ec188a64812663b53c700f7bfc48d2d1af2fa70de35",
      "root_row_pair": 35,
      "roots_examined": 42986,
      "search_seconds": 16.1023,
      "status": "COMPLETE_NO_WITNESS",
      "stdout_sha256": "6a01114623dd272061395d13de1580c00cd0a91cb997bea21a256f0129b1c2ed",
      "triple_candidates": 8279,
      "witness_sha256": null
    },
    {
      "exit_code": 20,
      "exit_file_sha256": "5378796307535df3ec8d8b15a2e2dc5641419c3d3060cfe32238c0fa973f7aa3",
      "external_real_seconds": 14.79,
      "external_system_seconds": 0.17,
      "external_user_seconds": 14.55,
      "final_pool_candidates": 0,
      "maximum_resident_set_size_bytes": 426803200,
      "pair_candidates": 2633015,
      "resource_log_sha256": "138cec303de9e8612fd4cab93fa55d5567b7f3cb6171cc5b45498e127ae06f3e",
      "root_row_pair": 36,
      "roots_examined": 18052,
      "search_seconds": 11.6055,
      "status": "COMPLETE_NO_WITNESS",
      "stdout_sha256": "8b9da8390430349da1d03d5ee96fd4659e68a53e5ed0831e3dee6a3f33cea75a",
      "triple_candidates": 8348,
      "witness_sha256": null
    },
    {
      "exit_code": 20,
      "exit_file_sha256": "5378796307535df3ec8d8b15a2e2dc5641419c3d3060cfe32238c0fa973f7aa3",
      "external_real_seconds": 12.51,
      "external_system_seconds": 0.16,
      "external_user_seconds": 12.29,
      "final_pool_candidates": 0,
      "maximum_resident_set_size_bytes": 426799104,
      "pair_candidates": 2121006,
      "resource_log_sha256": "793bd3b5b90d7c95d9e717b32582661be1145da5fbffbba98ca928152c840927",
      "root_row_pair": 37,
      "roots_examined": 14100,
      "search_seconds": 9.34072,
      "status": "COMPLETE_NO_WITNESS",
      "stdout_sha256": "20cab8b3d7d36bc320dacf1351f3c79117965dee0abe3d146f0e5b60f9cbb7b0",
      "triple_candidates": 7178,
      "witness_sha256": null
    },
    {
      "exit_code": 20,
      "exit_file_sha256": "5378796307535df3ec8d8b15a2e2dc5641419c3d3060cfe32238c0fa973f7aa3",
      "external_real_seconds": 13.63,
      "external_system_seconds": 0.21,
      "external_user_seconds": 13.34,
      "final_pool_candidates": 0,
      "maximum_resident_set_size_bytes": 425644032,
      "pair_candidates": 2029681,
      "resource_log_sha256": "8aa93d69471bd7399dd79d3941f1c80d15b3c495c1eb35ede80465e5b9c6be7c",
      "root_row_pair": 38,
      "roots_examined": 10589,
      "search_seconds": 10.1189,
      "status": "COMPLETE_NO_WITNESS",
      "stdout_sha256": "8af762d435cf869cb227ec55011d1a21af303d1afafcca11ba624479581293a2",
      "triple_candidates": 10415,
      "witness_sha256": null
    },
    {
      "exit_code": 20,
      "exit_file_sha256": "5378796307535df3ec8d8b15a2e2dc5641419c3d3060cfe32238c0fa973f7aa3",
      "external_real_seconds": 11.04,
      "external_system_seconds": 0.17,
      "external_user_seconds": 10.82,
      "final_pool_candidates": 0,
      "maximum_resident_set_size_bytes": 426188800,
      "pair_candidates": 1758134,
      "resource_log_sha256": "52c06c735757f0cf9f07e250d69db6c6902c165840455a9b08d234fd5726d596",
      "root_row_pair": 39,
      "roots_examined": 9645,
      "search_seconds": 7.85668,
      "status": "COMPLETE_NO_WITNESS",
      "stdout_sha256": "2912e582131e924c797ab929176bd700e2682cea0c494fab0ea45b77cc92e314",
      "triple_candidates": 7218,
      "witness_sha256": null
    },
    {
      "exit_code": 20,
      "exit_file_sha256": "5378796307535df3ec8d8b15a2e2dc5641419c3d3060cfe32238c0fa973f7aa3",
      "external_real_seconds": 9.28,
      "external_system_seconds": 0.17,
      "external_user_seconds": 9.06,
      "final_pool_candidates": 0,
      "maximum_resident_set_size_bytes": 426201088,
      "pair_candidates": 967784,
      "resource_log_sha256": "ec8676882413fafdc87f642f5363110110ed3ad93feed46659514a1cd268ddfb",
      "root_row_pair": 40,
      "roots_examined": 32959,
      "search_seconds": 6.07853,
      "status": "COMPLETE_NO_WITNESS",
      "stdout_sha256": "08461763c1d7a0aaf58ae1e87671e53447b1da995ffe3abbb91b87cc6e9b4aea",
      "triple_candidates": 609,
      "witness_sha256": null
    },
    {
      "exit_code": 20,
      "exit_file_sha256": "5378796307535df3ec8d8b15a2e2dc5641419c3d3060cfe32238c0fa973f7aa3",
      "external_real_seconds": 6.3,
      "external_system_seconds": 0.17,
      "external_user_seconds": 6.09,
      "final_pool_candidates": 0,
      "maximum_resident_set_size_bytes": 427417600,
      "pair_candidates": 642404,
      "resource_log_sha256": "d6faa9d1861f26b82c17342363acf882dbecaf02d6c9e4ad49d88dcb9393110a",
      "root_row_pair": 41,
      "roots_examined": 10616,
      "search_seconds": 3.09032,
      "status": "COMPLETE_NO_WITNESS",
      "stdout_sha256": "963decdb80c2fb6fa34ad271e4d84bb02a3f3e7fd0e6bd2d29396dfa00b40610",
      "triple_candidates": 435,
      "witness_sha256": null
    },
    {
      "exit_code": 20,
      "exit_file_sha256": "5378796307535df3ec8d8b15a2e2dc5641419c3d3060cfe32238c0fa973f7aa3",
      "external_real_seconds": 6.77,
      "external_system_seconds": 0.19,
      "external_user_seconds": 6.54,
      "final_pool_candidates": 0,
      "maximum_resident_set_size_bytes": 426229760,
      "pair_candidates": 748910,
      "resource_log_sha256": "b366785816723a6d00e795cfa0d36ad77a96f3b32d89f5b4f9901a25c4a5319f",
      "root_row_pair": 42,
      "roots_examined": 10735,
      "search_seconds": 3.55494,
      "status": "COMPLETE_NO_WITNESS",
      "stdout_sha256": "faadf6dbde127368a8c618cbb095fc2eb9d4e6082cabf29693221b6d5bf4b4ba",
      "triple_candidates": 659,
      "witness_sha256": null
    },
    {
      "exit_code": 20,
      "exit_file_sha256": "5378796307535df3ec8d8b15a2e2dc5641419c3d3060cfe32238c0fa973f7aa3",
      "external_real_seconds": 5.08,
      "external_system_seconds": 0.18,
      "external_user_seconds": 4.88,
      "final_pool_candidates": 0,
      "maximum_resident_set_size_bytes": 425943040,
      "pair_candidates": 409659,
      "resource_log_sha256": "75b8dee074e7e91abb2e5ebe43710477544c4dfbaf226e5b99b18947f77b26b0",
      "root_row_pair": 43,
      "roots_examined": 4737,
      "search_seconds": 1.86621,
      "status": "COMPLETE_NO_WITNESS",
      "stdout_sha256": "68c2c54aba7bc0cc179a19c1979244d0137a7fba5793e1c87c340515403a067f",
      "triple_candidates": 519,
      "witness_sha256": null
    },
    {
      "exit_code": 20,
      "exit_file_sha256": "5378796307535df3ec8d8b15a2e2dc5641419c3d3060cfe32238c0fa973f7aa3",
      "external_real_seconds": 6.63,
      "external_system_seconds": 0.16,
      "external_user_seconds": 6.43,
      "final_pool_candidates": 0,
      "maximum_resident_set_size_bytes": 426795008,
      "pair_candidates": 630396,
      "resource_log_sha256": "1800c238171001091490333f1dd831413aa9c2b51f5ff1b0ca4a9e1b3875fff4",
      "root_row_pair": 44,
      "roots_examined": 7383,
      "search_seconds": 3.10682,
      "status": "COMPLETE_NO_WITNESS",
      "stdout_sha256": "0660903a01043c7640ef49d3d570404186288890f93f7e51d89fa065d1d6d90b",
      "triple_candidates": 644,
      "witness_sha256": null
    },
    {
      "exit_code": 20,
      "exit_file_sha256": "5378796307535df3ec8d8b15a2e2dc5641419c3d3060cfe32238c0fa973f7aa3",
      "external_real_seconds": 4.55,
      "external_system_seconds": 0.16,
      "external_user_seconds": 4.36,
      "final_pool_candidates": 0,
      "maximum_resident_set_size_bytes": 426909696,
      "pair_candidates": 206417,
      "resource_log_sha256": "e728fa531b6472829e2b8f37b5156b5f7e8c4fa81808badc2cf576eefbe8bc7e",
      "root_row_pair": 45,
      "roots_examined": 19341,
      "search_seconds": 1.35003,
      "status": "COMPLETE_NO_WITNESS",
      "stdout_sha256": "b8a289bf39419757a62892b90a70b3bd5f48282e7df446918f034d79b277a1bd",
      "triple_candidates": 0,
      "witness_sha256": null
    },
    {
      "exit_code": 20,
      "exit_file_sha256": "5378796307535df3ec8d8b15a2e2dc5641419c3d3060cfe32238c0fa973f7aa3",
      "external_real_seconds": 4.17,
      "external_system_seconds": 0.17,
      "external_user_seconds": 3.99,
      "final_pool_candidates": 0,
      "maximum_resident_set_size_bytes": 427053056,
      "pair_candidates": 165691,
      "resource_log_sha256": "8623f80410a59c152dee99820abb7e2fa0115d07611cdd13563516a0f6789294",
      "root_row_pair": 46,
      "roots_examined": 13463,
      "search_seconds": 0.951818,
      "status": "COMPLETE_NO_WITNESS",
      "stdout_sha256": "f8180196bbb0339ce8fb616fbb5c6803bc3e8cd78ed27079e64785d9c66da485",
      "triple_candidates": 0,
      "witness_sha256": null
    },
    {
      "exit_code": 20,
      "exit_file_sha256": "5378796307535df3ec8d8b15a2e2dc5641419c3d3060cfe32238c0fa973f7aa3",
      "external_real_seconds": 4.2,
      "external_system_seconds": 0.15,
      "external_user_seconds": 4.03,
      "final_pool_candidates": 0,
      "maximum_resident_set_size_bytes": 426000384,
      "pair_candidates": 156155,
      "resource_log_sha256": "16bdd0990b97071d0c40cde046545a45b256878d60cc8114882659025f4beb53",
      "root_row_pair": 47,
      "roots_examined": 8038,
      "search_seconds": 1.01278,
      "status": "COMPLETE_NO_WITNESS",
      "stdout_sha256": "17a8a85a75ba7dc2a03be60ffa827c2ea7870f35736001779cf4f308e487918e",
      "triple_candidates": 0,
      "witness_sha256": null
    },
    {
      "exit_code": 20,
      "exit_file_sha256": "5378796307535df3ec8d8b15a2e2dc5641419c3d3060cfe32238c0fa973f7aa3",
      "external_real_seconds": 4.46,
      "external_system_seconds": 0.18,
      "external_user_seconds": 4.26,
      "final_pool_candidates": 0,
      "maximum_resident_set_size_bytes": 425345024,
      "pair_candidates": 177080,
      "resource_log_sha256": "623e6d500aa4b156ab44492ead49ae1b2571e0d3171c82c344c7a7fc220dab7c",
      "root_row_pair": 48,
      "roots_examined": 10602,
      "search_seconds": 1.28548,
      "status": "COMPLETE_NO_WITNESS",
      "stdout_sha256": "bc35da0607a8d4d8b83463fddbff1c5a1ecbc6b3c0536ca90a62927502c04729",
      "triple_candidates": 0,
      "witness_sha256": null
    },
    {
      "exit_code": 20,
      "exit_file_sha256": "5378796307535df3ec8d8b15a2e2dc5641419c3d3060cfe32238c0fa973f7aa3",
      "external_real_seconds": 3.27,
      "external_system_seconds": 0.17,
      "external_user_seconds": 3.08,
      "final_pool_candidates": 0,
      "maximum_resident_set_size_bytes": 426844160,
      "pair_candidates": 15422,
      "resource_log_sha256": "45f9c21df3668dbbf247b1e43d25905b301109224637a6e4b53cbaf0075a37d7",
      "root_row_pair": 49,
      "roots_examined": 5428,
      "search_seconds": 0.128281,
      "status": "COMPLETE_NO_WITNESS",
      "stdout_sha256": "c187f115636bd0d731853fdd3cf7472f435f9992956ea1c2fa0f327b7ad375c5",
      "triple_candidates": 0,
      "witness_sha256": null
    },
    {
      "exit_code": 20,
      "exit_file_sha256": "5378796307535df3ec8d8b15a2e2dc5641419c3d3060cfe32238c0fa973f7aa3",
      "external_real_seconds": 3.23,
      "external_system_seconds": 0.18,
      "external_user_seconds": 3.03,
      "final_pool_candidates": 0,
      "maximum_resident_set_size_bytes": 427655168,
      "pair_candidates": 11298,
      "resource_log_sha256": "830e5b6703a3b1545cee81e597e500e4abcc08b4e3b2ba27f24fc301184e4627",
      "root_row_pair": 50,
      "roots_examined": 2499,
      "search_seconds": 0.0871958,
      "status": "COMPLETE_NO_WITNESS",
      "stdout_sha256": "75c2b54ba7fa1a28eb605c1a73594ef2902bfa4f65e1691574aa51fe2419c7b5",
      "triple_candidates": 0,
      "witness_sha256": null
    },
    {
      "exit_code": 20,
      "exit_file_sha256": "5378796307535df3ec8d8b15a2e2dc5641419c3d3060cfe32238c0fa973f7aa3",
      "external_real_seconds": 3.27,
      "external_system_seconds": 0.16,
      "external_user_seconds": 3.09,
      "final_pool_candidates": 0,
      "maximum_resident_set_size_bytes": 425472000,
      "pair_candidates": 12722,
      "resource_log_sha256": "2f4e37d58fb64e4fe4963df972dc84f353f60a07eb7da11e576912eb41c032cb",
      "root_row_pair": 51,
      "roots_examined": 3602,
      "search_seconds": 0.131714,
      "status": "COMPLETE_NO_WITNESS",
      "stdout_sha256": "2e8e0dbe1427cf049c15b188b9a54c6b02db8926ed844bea1d3da85b9b79823c",
      "triple_candidates": 0,
      "witness_sha256": null
    },
    {
      "exit_code": 20,
      "exit_file_sha256": "5378796307535df3ec8d8b15a2e2dc5641419c3d3060cfe32238c0fa973f7aa3",
      "external_real_seconds": 3.15,
      "external_system_seconds": 0.17,
      "external_user_seconds": 2.96,
      "final_pool_candidates": 0,
      "maximum_resident_set_size_bytes": 427134976,
      "pair_candidates": 0,
      "resource_log_sha256": "6a8c0ae2bb1b35bcf1e2603fe9bb00d485295885a40592a58de82cf934ec9037",
      "root_row_pair": 52,
      "roots_examined": 2264,
      "search_seconds": 0.0353643,
      "status": "COMPLETE_NO_WITNESS",
      "stdout_sha256": "c61a9a355db0193a3603b94d04adbce5442932a091718d1f7ba1cee1bd09cc09",
      "triple_candidates": 0,
      "witness_sha256": null
    },
    {
      "exit_code": 20,
      "exit_file_sha256": "5378796307535df3ec8d8b15a2e2dc5641419c3d3060cfe32238c0fa973f7aa3",
      "external_real_seconds": 3.08,
      "external_system_seconds": 0.16,
      "external_user_seconds": 2.91,
      "final_pool_candidates": 0,
      "maximum_resident_set_size_bytes": 425668608,
      "pair_candidates": 0,
      "resource_log_sha256": "1247095464cc3344252600251974e494569fa46e52a8cf20632b4f3606db75d8",
      "root_row_pair": 53,
      "roots_examined": 2735,
      "search_seconds": 0.0409838,
      "status": "COMPLETE_NO_WITNESS",
      "stdout_sha256": "78cc1bc2e4ca76a948b0d7b5c73112eff8104d3211fd386671c5fb21fadf55a4",
      "triple_candidates": 0,
      "witness_sha256": null
    },
    {
      "exit_code": 20,
      "exit_file_sha256": "5378796307535df3ec8d8b15a2e2dc5641419c3d3060cfe32238c0fa973f7aa3",
      "external_real_seconds": 3.04,
      "external_system_seconds": 0.15,
      "external_user_seconds": 2.87,
      "final_pool_candidates": 0,
      "maximum_resident_set_size_bytes": 426246144,
      "pair_candidates": 0,
      "resource_log_sha256": "ec6ff2ac2e8d58235edc0a4d229da4913d4607062f98b86ef47e9d67c958b2a4",
      "root_row_pair": 54,
      "roots_examined": 1680,
      "search_seconds": 0.0249672,
      "status": "COMPLETE_NO_WITNESS",
      "stdout_sha256": "cc5f4470a9907782d1a5ed5b8667f6aa0cfaf38f062b0e45ec4687f33acdf6bb",
      "triple_candidates": 0,
      "witness_sha256": null
    }
  ],
  "shards": 55,
  "status": "PASS",
  "status_histogram": {
    "COMPLETE_NO_WITNESS": 55
  },
  "sum_search_seconds": 645.8095541000001,
  "witnesses": []
}
