{
  "aggregate": {
    "final_pool_candidates": 0,
    "final_pools_built": 28354894,
    "pair_candidates": 847651099,
    "pair_pools_built": 1535958,
    "roots_examined": 1535958,
    "triple_candidates": 28354894,
    "triple_pools_built": 847651099
  },
  "anchor_hex": "00604118008800e2001404380180028",
  "candidate_count": 1535958,
  "catalogue": "/data/home/ahw807/Q10_HPC_HANDOFF_PACKAGE/runs/rep46_catalogue/all_masks.hex",
  "catalogue_recorded_path": "/data/home/ahw807/Q10_HPC_HANDOFF_PACKAGE/runs/rep46_catalogue/all_masks.hex",
  "catalogue_sha256": "c63fbd49f9053541dfe43171f8156d1a2640d9346923e4b655d7d3603ba74f9f",
  "claim_boundary": "catalogue completeness must be established by its separate exhaustive enumeration audit",
  "exit_code_histogram": {
    "20": 55
  },
  "join_binary_recorded_path": "/tmp/q10-rep46-26188950/capset_join",
  "join_binary_sha256": "2247456f9f199952d236d87f6ec80ec5f30cecbde9f7c11119a96304f2e4f52d",
  "mathematical_status": "UNSAT_RELATIVE_TO_COMPLETE_CAP_CATALOGUE",
  "maximum_shard_search_seconds": 355.757,
  "resources": {
    "makespan_seconds_runmeta_to_last_stdout_mtime": 414.5570683479309,
    "maximum_resident_set_size_bytes": 1386696704,
    "measurement_note": "resource sums are over 55 BSD /usr/bin/time -l shard records; makespan is filesystem-mtime derived and operational, not proof evidence",
    "sum_external_real_seconds": 6438.409999999999,
    "sum_external_system_seconds": 10.92,
    "sum_external_user_seconds": 6368.889999999998
  },
  "run_metadata_sha256": "5259ab4a1b3e2b903524e8c5640edae738bb270d83e0295b3f65e1a60b6c54f1",
  "shard_ledger": [
    {
      "exit_code": 20,
      "exit_file_sha256": "5378796307535df3ec8d8b15a2e2dc5641419c3d3060cfe32238c0fa973f7aa3",
      "external_real_seconds": 114.97,
      "external_system_seconds": 0.23,
      "external_user_seconds": 113.17,
      "final_pool_candidates": 0,
      "maximum_resident_set_size_bytes": 1385644032,
      "pair_candidates": 10577859,
      "resource_log_sha256": "08326c04bc570a8285215210b36b25e2bd51385efdb3628af0c2da49ded0ce2c",
      "root_row_pair": 0,
      "roots_examined": 6900,
      "search_seconds": 103.483,
      "status": "COMPLETE_NO_WITNESS",
      "stdout_sha256": "7b934fbe82016e6dcd392ffa7935cb10bc9c2e01e5a5d68570717673f60761d6",
      "triple_candidates": 760192,
      "witness_sha256": null
    },
    {
      "exit_code": 20,
      "exit_file_sha256": "5378796307535df3ec8d8b15a2e2dc5641419c3d3060cfe32238c0fa973f7aa3",
      "external_real_seconds": 171.72,
      "external_system_seconds": 0.28,
      "external_user_seconds": 169.81,
      "final_pool_candidates": 0,
      "maximum_resident_set_size_bytes": 1385197568,
      "pair_candidates": 15807526,
      "resource_log_sha256": "6bb24797b683d6e194edff82d01a7955b66a16b3c27d24880c02f1c65fd31824",
      "root_row_pair": 1,
      "roots_examined": 11008,
      "search_seconds": 161.651,
      "status": "COMPLETE_NO_WITNESS",
      "stdout_sha256": "dcc5509590cbcba4515e20b42bcf3ab8a20f3769c463ab70c1f0f047bdc05f61",
      "triple_candidates": 1030231,
      "witness_sha256": null
    },
    {
      "exit_code": 20,
      "exit_file_sha256": "5378796307535df3ec8d8b15a2e2dc5641419c3d3060cfe32238c0fa973f7aa3",
      "external_real_seconds": 205.44,
      "external_system_seconds": 0.22,
      "external_user_seconds": 203.5,
      "final_pool_candidates": 0,
      "maximum_resident_set_size_bytes": 1385730048,
      "pair_candidates": 20714838,
      "resource_log_sha256": "d2251ba37dcf65368bcf3a8f7dd0455f8ca29e9d92eae7031ffccc8ff04bb0b7",
      "root_row_pair": 2,
      "roots_examined": 15514,
      "search_seconds": 195.632,
      "status": "COMPLETE_NO_WITNESS",
      "stdout_sha256": "e045a0f39b90d50bcc23db0dbb952f5421a57d9028ab3a5b7667e41328050926",
      "triple_candidates": 1174857,
      "witness_sha256": null
    },
    {
      "exit_code": 20,
      "exit_file_sha256": "5378796307535df3ec8d8b15a2e2dc5641419c3d3060cfe32238c0fa973f7aa3",
      "external_real_seconds": 357.75,
      "external_system_seconds": 0.21,
      "external_user_seconds": 354.7,
      "final_pool_candidates": 0,
      "maximum_resident_set_size_bytes": 1385848832,
      "pair_candidates": 38999008,
      "resource_log_sha256": "4bbdd7d80da854baca6f200cb52cfefa8e6be4b23cb5b4e13d061f851c73a7b9",
      "root_row_pair": 3,
      "roots_examined": 33693,
      "search_seconds": 348.119,
      "status": "COMPLETE_NO_WITNESS",
      "stdout_sha256": "6fcf0ba6519b7939cd88ef48e7f28fa72a1a52df4b9e69e402307ef6b3feec84",
      "triple_candidates": 1884592,
      "witness_sha256": null
    },
    {
      "exit_code": 20,
      "exit_file_sha256": "5378796307535df3ec8d8b15a2e2dc5641419c3d3060cfe32238c0fa973f7aa3",
      "external_real_seconds": 351.27,
      "external_system_seconds": 0.22,
      "external_user_seconds": 348.09,
      "final_pool_candidates": 0,
      "maximum_resident_set_size_bytes": 1385828352,
      "pair_candidates": 37577836,
      "resource_log_sha256": "e9706370ecea5c9421df328788a9334f01cd39e2e25cdbe643dc4be42469a4ba",
      "root_row_pair": 4,
      "roots_examined": 29770,
      "search_seconds": 341.41,
      "status": "COMPLETE_NO_WITNESS",
      "stdout_sha256": "7012fca15abf997e7863abf0e8c9ea484814e7a3dd0329a78cc3af7e1ea5e41a",
      "triple_candidates": 1961611,
      "witness_sha256": null
    },
    {
      "exit_code": 20,
      "exit_file_sha256": "5378796307535df3ec8d8b15a2e2dc5641419c3d3060cfe32238c0fa973f7aa3",
      "external_real_seconds": 365.83,
      "external_system_seconds": 0.32,
      "external_user_seconds": 362.42,
      "final_pool_candidates": 0,
      "maximum_resident_set_size_bytes": 1385078784,
      "pair_candidates": 40010724,
      "resource_log_sha256": "09705fb2318236e6f40ad74ac8207591bcebe30822fafa63276bbbe06850e86b",
      "root_row_pair": 5,
      "roots_examined": 34596,
      "search_seconds": 355.757,
      "status": "COMPLETE_NO_WITNESS",
      "stdout_sha256": "355b2235e3427626440630c604f823f635b834a17ecf33b4a1d24d230093b1a1",
      "triple_candidates": 1928557,
      "witness_sha256": null
    },
    {
      "exit_code": 20,
      "exit_file_sha256": "5378796307535df3ec8d8b15a2e2dc5641419c3d3060cfe32238c0fa973f7aa3",
      "external_real_seconds": 289.94,
      "external_system_seconds": 0.29,
      "external_user_seconds": 287.18,
      "final_pool_candidates": 0,
      "maximum_resident_set_size_bytes": 1383747584,
      "pair_candidates": 28180294,
      "resource_log_sha256": "4b5081890886697c5fb75192bdd917f57057a501117449f01326095124118f64",
      "root_row_pair": 6,
      "roots_examined": 19716,
      "search_seconds": 279.874,
      "status": "COMPLETE_NO_WITNESS",
      "stdout_sha256": "0e26983154188402d4d61bf914c8847a02699f4645b3de94a27d94517f6e9dfb",
      "triple_candidates": 1735207,
      "witness_sha256": null
    },
    {
      "exit_code": 20,
      "exit_file_sha256": "5378796307535df3ec8d8b15a2e2dc5641419c3d3060cfe32238c0fa973f7aa3",
      "external_real_seconds": 169.26,
      "external_system_seconds": 0.22,
      "external_user_seconds": 167.48,
      "final_pool_candidates": 0,
      "maximum_resident_set_size_bytes": 1384071168,
      "pair_candidates": 17147637,
      "resource_log_sha256": "243eadaf627a4ee8cf8537727c94b7182453ac8729398abd1917ad1af4174161",
      "root_row_pair": 7,
      "roots_examined": 11616,
      "search_seconds": 159.387,
      "status": "COMPLETE_NO_WITNESS",
      "stdout_sha256": "3aa1fb5de289dddfd363a0d20a7e8e95dcddbdfad83c5f60527d4f9337a39bd8",
      "triple_candidates": 1102566,
      "witness_sha256": null
    },
    {
      "exit_code": 20,
      "exit_file_sha256": "5378796307535df3ec8d8b15a2e2dc5641419c3d3060cfe32238c0fa973f7aa3",
      "external_real_seconds": 118.33,
      "external_system_seconds": 0.26,
      "external_user_seconds": 116.99,
      "final_pool_candidates": 0,
      "maximum_resident_set_size_bytes": 1383948288,
      "pair_candidates": 10887936,
      "resource_log_sha256": "c6813e4c4187da71e709e79b4c4871da7396f9272b2a247bae5f58b7badf4e2d",
      "root_row_pair": 8,
      "roots_examined": 7067,
      "search_seconds": 108.588,
      "status": "COMPLETE_NO_WITNESS",
      "stdout_sha256": "69cace639169d2d17d87105f94f86ff725d353a78c7e5e94950ac4c69aefa9bf",
      "triple_candidates": 821894,
      "witness_sha256": null
    },
    {
      "exit_code": 20,
      "exit_file_sha256": "5378796307535df3ec8d8b15a2e2dc5641419c3d3060cfe32238c0fa973f7aa3",
      "external_real_seconds": 157.15,
      "external_system_seconds": 0.22,
      "external_user_seconds": 155.24,
      "final_pool_candidates": 0,
      "maximum_resident_set_size_bytes": 1383251968,
      "pair_candidates": 12274342,
      "resource_log_sha256": "911815e00c76c17c0fb80b4e3a412710985149054349de9869260eaf5d885714",
      "root_row_pair": 9,
      "roots_examined": 6974,
      "search_seconds": 145.769,
      "status": "COMPLETE_NO_WITNESS",
      "stdout_sha256": "2d2cef43912dba9bc480c01ea4adef18e07e52ea2e45182640775844eac0a4ac",
      "triple_candidates": 943486,
      "witness_sha256": null
    },
    {
      "exit_code": 20,
      "exit_file_sha256": "5378796307535df3ec8d8b15a2e2dc5641419c3d3060cfe32238c0fa973f7aa3",
      "external_real_seconds": 111.63,
      "external_system_seconds": 0.22,
      "external_user_seconds": 110.01,
      "final_pool_candidates": 0,
      "maximum_resident_set_size_bytes": 1384075264,
      "pair_candidates": 11111798,
      "resource_log_sha256": "1ee6749d21358daf5999f6eacbd44dd6884fdb2739addc5a671b9b2936ea9954",
      "root_row_pair": 10,
      "roots_examined": 9652,
      "search_seconds": 100.191,
      "status": "COMPLETE_NO_WITNESS",
      "stdout_sha256": "2ceb923a9fb2911e403356447184e87666eff060b1e947bcea0fb36ab11cc438",
      "triple_candidates": 581682,
      "witness_sha256": null
    },
    {
      "exit_code": 20,
      "exit_file_sha256": "5378796307535df3ec8d8b15a2e2dc5641419c3d3060cfe32238c0fa973f7aa3",
      "external_real_seconds": 106.08,
      "external_system_seconds": 0.29,
      "external_user_seconds": 104.57,
      "final_pool_candidates": 0,
      "maximum_resident_set_size_bytes": 1385197568,
      "pair_candidates": 11198779,
      "resource_log_sha256": "0a876ea4f8d539e405b54695d42b917617ebd2a48d07574a74d6639484bb62f2",
      "root_row_pair": 11,
      "roots_examined": 10440,
      "search_seconds": 96.0114,
      "status": "COMPLETE_NO_WITNESS",
      "stdout_sha256": "377ddcaa6239460aa3119ddf43873e13055d65a313ec8339a2bb64502d37b254",
      "triple_candidates": 529598,
      "witness_sha256": null
    },
    {
      "exit_code": 20,
      "exit_file_sha256": "5378796307535df3ec8d8b15a2e2dc5641419c3d3060cfe32238c0fa973f7aa3",
      "external_real_seconds": 203.03,
      "external_system_seconds": 0.23,
      "external_user_seconds": 200.92,
      "final_pool_candidates": 0,
      "maximum_resident_set_size_bytes": 1384116224,
      "pair_candidates": 24040511,
      "resource_log_sha256": "d6f55df119bacef1750d200cfed2d4f90ac2dabba2bee410224589e08e727b7f",
      "root_row_pair": 12,
      "roots_examined": 25532,
      "search_seconds": 192.337,
      "status": "COMPLETE_NO_WITNESS",
      "stdout_sha256": "fcacb7fa7258953c4587e691352ca384d1d654cbb0a2e31281c4c5cdf75c0208",
      "triple_candidates": 929454,
      "witness_sha256": null
    },
    {
      "exit_code": 20,
      "exit_file_sha256": "5378796307535df3ec8d8b15a2e2dc5641419c3d3060cfe32238c0fa973f7aa3",
      "external_real_seconds": 169.95,
      "external_system_seconds": 0.22,
      "external_user_seconds": 168.27,
      "final_pool_candidates": 0,
      "maximum_resident_set_size_bytes": 1385074688,
      "pair_candidates": 19124674,
      "resource_log_sha256": "928d58abcafbaee02ca75b9ad5bc5926e275856d2f57ef990608d81551190ed9",
      "root_row_pair": 13,
      "roots_examined": 18534,
      "search_seconds": 160.183,
      "status": "COMPLETE_NO_WITNESS",
      "stdout_sha256": "1e695e1d2940878716865c3444d92871cfd28d50edd2241e00524b99378bb678",
      "triple_candidates": 804609,
      "witness_sha256": null
    },
    {
      "exit_code": 20,
      "exit_file_sha256": "5378796307535df3ec8d8b15a2e2dc5641419c3d3060cfe32238c0fa973f7aa3",
      "external_real_seconds": 278.22,
      "external_system_seconds": 0.29,
      "external_user_seconds": 275.44,
      "final_pool_candidates": 0,
      "maximum_resident_set_size_bytes": 1385074688,
      "pair_candidates": 35380211,
      "resource_log_sha256": "f996d3105b2679736d778a7d3e1da563d075446d2a5168a3fa781a71569743c1",
      "root_row_pair": 14,
      "roots_examined": 37466,
      "search_seconds": 268.276,
      "status": "COMPLETE_NO_WITNESS",
      "stdout_sha256": "77849d824b6c112e6f37fb51fd4c8ceeddecc276f46020a34d686dee0ef1da1e",
      "triple_candidates": 1427566,
      "witness_sha256": null
    },
    {
      "exit_code": 20,
      "exit_file_sha256": "5378796307535df3ec8d8b15a2e2dc5641419c3d3060cfe32238c0fa973f7aa3",
      "external_real_seconds": 116.12,
      "external_system_seconds": 0.26,
      "external_user_seconds": 114.47,
      "final_pool_candidates": 0,
      "maximum_resident_set_size_bytes": 1385107456,
      "pair_candidates": 12173218,
      "resource_log_sha256": "d87fd3133decff12d547e4cfff1857a692cef311c585584b415839497c63b004",
      "root_row_pair": 15,
      "roots_examined": 10927,
      "search_seconds": 105.046,
      "status": "COMPLETE_NO_WITNESS",
      "stdout_sha256": "6a9e861f33f4e190486645b527c445047184a038a6581eedbbbf0592132f564e",
      "triple_candidates": 573049,
      "witness_sha256": null
    },
    {
      "exit_code": 20,
      "exit_file_sha256": "5378796307535df3ec8d8b15a2e2dc5641419c3d3060cfe32238c0fa973f7aa3",
      "external_real_seconds": 124.75,
      "external_system_seconds": 0.17,
      "external_user_seconds": 123.76,
      "final_pool_candidates": 0,
      "maximum_resident_set_size_bytes": 1386696704,
      "pair_candidates": 12697960,
      "resource_log_sha256": "d8f93aecad31bf125cede71f8ae5184d9c99346d85f8a7783422ae6c0925768b",
      "root_row_pair": 16,
      "roots_examined": 10299,
      "search_seconds": 116.387,
      "status": "COMPLETE_NO_WITNESS",
      "stdout_sha256": "c6626d79c753cdc7c400baaf25c4dba36e006985798c74cc68a02142497ba838",
      "triple_candidates": 703512,
      "witness_sha256": null
    },
    {
      "exit_code": 20,
      "exit_file_sha256": "5378796307535df3ec8d8b15a2e2dc5641419c3d3060cfe32238c0fa973f7aa3",
      "external_real_seconds": 56.83,
      "external_system_seconds": 0.22,
      "external_user_seconds": 56.25,
      "final_pool_candidates": 0,
      "maximum_resident_set_size_bytes": 1383788544,
      "pair_candidates": 6067349,
      "resource_log_sha256": "70681eee794fe2ef3ae2b6a98677d6327b40766d085ce656560f037a30f83ffc",
      "root_row_pair": 17,
      "roots_examined": 5122,
      "search_seconds": 48.6431,
      "status": "COMPLETE_NO_WITNESS",
      "stdout_sha256": "1f11b461d10e35513784995710ebbaa39fbeff72149402b503732794d879f5fd",
      "triple_candidates": 360717,
      "witness_sha256": null
    },
    {
      "exit_code": 20,
      "exit_file_sha256": "5378796307535df3ec8d8b15a2e2dc5641419c3d3060cfe32238c0fa973f7aa3",
      "external_real_seconds": 97.43,
      "external_system_seconds": 0.17,
      "external_user_seconds": 96.66,
      "final_pool_candidates": 0,
      "maximum_resident_set_size_bytes": 1384140800,
      "pair_candidates": 8571818,
      "resource_log_sha256": "432b4fc717557f900b4f1406d54ea5ca8a566d884e98a14fda3a64981adce3f9",
      "root_row_pair": 18,
      "roots_examined": 5921,
      "search_seconds": 88.9297,
      "status": "COMPLETE_NO_WITNESS",
      "stdout_sha256": "b735111a3e7d4ed5622131decc587fa7c2ab8b7037d2bf799aadb339bb132ca0",
      "triple_candidates": 556160,
      "witness_sha256": null
    },
    {
      "exit_code": 20,
      "exit_file_sha256": "5378796307535df3ec8d8b15a2e2dc5641419c3d3060cfe32238c0fa973f7aa3",
      "external_real_seconds": 133.21,
      "external_system_seconds": 0.15,
      "external_user_seconds": 132.16,
      "final_pool_candidates": 0,
      "maximum_resident_set_size_bytes": 1385263104,
      "pair_candidates": 20102523,
      "resource_log_sha256": "5d09db344f4458a37880170ae99b91bc5b556cab32d473351cbe1a20a75f2333",
      "root_row_pair": 19,
      "roots_examined": 23519,
      "search_seconds": 124.925,
      "status": "COMPLETE_NO_WITNESS",
      "stdout_sha256": "cdd89b56b96cfaa705d394742800a8bc9ee2bc1562ad2dd4bdfbf928637e1b1d",
      "triple_candidates": 593112,
      "witness_sha256": null
    },
    {
      "exit_code": 20,
      "exit_file_sha256": "5378796307535df3ec8d8b15a2e2dc5641419c3d3060cfe32238c0fa973f7aa3",
      "external_real_seconds": 182.01,
      "external_system_seconds": 0.19,
      "external_user_seconds": 180.52,
      "final_pool_candidates": 0,
      "maximum_resident_set_size_bytes": 1384112128,
      "pair_candidates": 31480096,
      "resource_log_sha256": "277798032d79e45fc009d6c1b2af0cdfd1a74320a3b3fbbaec9793717aef6c99",
      "root_row_pair": 20,
      "roots_examined": 43649,
      "search_seconds": 173.862,
      "status": "COMPLETE_NO_WITNESS",
      "stdout_sha256": "5c4efaa28168b889289deff7c78bc1fab42acfe90287f676e81ef5483b5c0611",
      "triple_candidates": 737293,
      "witness_sha256": null
    },
    {
      "exit_code": 20,
      "exit_file_sha256": "5378796307535df3ec8d8b15a2e2dc5641419c3d3060cfe32238c0fa973f7aa3",
      "external_real_seconds": 223.83,
      "external_system_seconds": 0.14,
      "external_user_seconds": 221.7,
      "final_pool_candidates": 0,
      "maximum_resident_set_size_bytes": 1385238528,
      "pair_candidates": 34022684,
      "resource_log_sha256": "11835cdf118003fd2d69e604102806f9d9173e1e8b1d90a7eedb0e3b57f2de11",
      "root_row_pair": 21,
      "roots_examined": 41842,
      "search_seconds": 215.58,
      "status": "COMPLETE_NO_WITNESS",
      "stdout_sha256": "e6a29af90bbe6e86a6d04ec9df9142c259db994d779397612702be5cd7393473",
      "triple_candidates": 899763,
      "witness_sha256": null
    },
    {
      "exit_code": 20,
      "exit_file_sha256": "5378796307535df3ec8d8b15a2e2dc5641419c3d3060cfe32238c0fa973f7aa3",
      "external_real_seconds": 209.75,
      "external_system_seconds": 0.2,
      "external_user_seconds": 207.66,
      "final_pool_candidates": 0,
      "maximum_resident_set_size_bytes": 1385021440,
      "pair_candidates": 35514799,
      "resource_log_sha256": "8bff7a7216dac15c02bc2cadc29af1609e95807fb874fac8df896bdc57840d06",
      "root_row_pair": 22,
      "roots_examined": 51426,
      "search_seconds": 201.596,
      "status": "COMPLETE_NO_WITNESS",
      "stdout_sha256": "e6229540cc2b3d7979e73b1c8e10036cb2b0cbf591519ea5d3fa573de528a9f6",
      "triple_candidates": 818169,
      "witness_sha256": null
    },
    {
      "exit_code": 20,
      "exit_file_sha256": "5378796307535df3ec8d8b15a2e2dc5641419c3d3060cfe32238c0fa973f7aa3",
      "external_real_seconds": 183.44,
      "external_system_seconds": 0.18,
      "external_user_seconds": 181.9,
      "final_pool_candidates": 0,
      "maximum_resident_set_size_bytes": 1385263104,
      "pair_candidates": 27423920,
      "resource_log_sha256": "cc4c73e00203af5ca984d7ec8683fe936fba669f4e279d8a35fb1e80e5e3c434",
      "root_row_pair": 23,
      "roots_examined": 29218,
      "search_seconds": 175.281,
      "status": "COMPLETE_NO_WITNESS",
      "stdout_sha256": "5b947706f3dd8e749c7540c20ec0efd57c6c45f8a80b6a528d5e3721c7fccd8a",
      "triple_candidates": 888477,
      "witness_sha256": null
    },
    {
      "exit_code": 20,
      "exit_file_sha256": "5378796307535df3ec8d8b15a2e2dc5641419c3d3060cfe32238c0fa973f7aa3",
      "external_real_seconds": 123.73,
      "external_system_seconds": 0.17,
      "external_user_seconds": 122.58,
      "final_pool_candidates": 0,
      "maximum_resident_set_size_bytes": 1384382464,
      "pair_candidates": 16146970,
      "resource_log_sha256": "4eeb809feae69195154a403d8da721fac9aae748dbc23c6d9b0919d11e17235c",
      "root_row_pair": 24,
      "roots_examined": 15978,
      "search_seconds": 115.373,
      "status": "COMPLETE_NO_WITNESS",
      "stdout_sha256": "c07944da2f3b62198effe96ec9b6bdb1d992da9a8e3c48752d9d1c57c0dabaef",
      "triple_candidates": 558428,
      "witness_sha256": null
    },
    {
      "exit_code": 20,
      "exit_file_sha256": "5378796307535df3ec8d8b15a2e2dc5641419c3d3060cfe32238c0fa973f7aa3",
      "external_real_seconds": 108.99,
      "external_system_seconds": 0.16,
      "external_user_seconds": 108.06,
      "final_pool_candidates": 0,
      "maximum_resident_set_size_bytes": 1385263104,
      "pair_candidates": 13506821,
      "resource_log_sha256": "eb9bae092e7ccfd022bfa3f393d6977c462c126c8cbf5b17eab479944bd85709",
      "root_row_pair": 25,
      "roots_examined": 13274,
      "search_seconds": 100.734,
      "status": "COMPLETE_NO_WITNESS",
      "stdout_sha256": "b88cf12b4d9c0621293509a2721253010b2751e1080e480cdf97c57ffa0063db",
      "triple_candidates": 545301,
      "witness_sha256": null
    },
    {
      "exit_code": 20,
      "exit_file_sha256": "5378796307535df3ec8d8b15a2e2dc5641419c3d3060cfe32238c0fa973f7aa3",
      "external_real_seconds": 95.78,
      "external_system_seconds": 0.2,
      "external_user_seconds": 94.61,
      "final_pool_candidates": 0,
      "maximum_resident_set_size_bytes": 1385238528,
      "pair_candidates": 12313178,
      "resource_log_sha256": "275fed8227b4c4bcf918fcee1da369d5347fde06236f90195b1e4da3837951ac",
      "root_row_pair": 26,
      "roots_examined": 10524,
      "search_seconds": 87.5989,
      "status": "COMPLETE_NO_WITNESS",
      "stdout_sha256": "545e27a21465b965e5e05da02ae13565e4215dde7493b145b7eba6ebfb495e8e",
      "triple_candidates": 486330,
      "witness_sha256": null
    },
    {
      "exit_code": 20,
      "exit_file_sha256": "5378796307535df3ec8d8b15a2e2dc5641419c3d3060cfe32238c0fa973f7aa3",
      "external_real_seconds": 161.19,
      "external_system_seconds": 0.17,
      "external_user_seconds": 159.72,
      "final_pool_candidates": 0,
      "maximum_resident_set_size_bytes": 1384542208,
      "pair_candidates": 30731258,
      "resource_log_sha256": "d504b723930e500d10966cef5f2e5f63e07cf2672da157bb7ed6d0b324876bdb",
      "root_row_pair": 27,
      "roots_examined": 60692,
      "search_seconds": 152.959,
      "status": "COMPLETE_NO_WITNESS",
      "stdout_sha256": "9dbf93c34a2ab7b3a8b6112dd998530171bc1fd1aff744f7b2b6575242f8dc9d",
      "triple_candidates": 374111,
      "witness_sha256": null
    },
    {
      "exit_code": 20,
      "exit_file_sha256": "5378796307535df3ec8d8b15a2e2dc5641419c3d3060cfe32238c0fa973f7aa3",
      "external_real_seconds": 123.62,
      "external_system_seconds": 0.18,
      "external_user_seconds": 122.25,
      "final_pool_candidates": 0,
      "maximum_resident_set_size_bytes": 1378582528,
      "pair_candidates": 22936631,
      "resource_log_sha256": "212a680eadff762e1ffb635d95ee56259fe1f72164ea1c7130bc92ef66cdf61f",
      "root_row_pair": 28,
      "roots_examined": 40838,
      "search_seconds": 115.244,
      "status": "COMPLETE_NO_WITNESS",
      "stdout_sha256": "fd0a6c1271265d980d4328820f47fd7b35ff10670e3fde036c66d3fa8222a210",
      "triple_candidates": 308395,
      "witness_sha256": null
    },
    {
      "exit_code": 20,
      "exit_file_sha256": "5378796307535df3ec8d8b15a2e2dc5641419c3d3060cfe32238c0fa973f7aa3",
      "external_real_seconds": 158.74,
      "external_system_seconds": 0.16,
      "external_user_seconds": 157.28,
      "final_pool_candidates": 0,
      "maximum_resident_set_size_bytes": 1385238528,
      "pair_candidates": 30197867,
      "resource_log_sha256": "009a9b48c8be318092272ebb9902aff55db852af47e8d073ee30880049e7f5a4",
      "root_row_pair": 29,
      "roots_examined": 60863,
      "search_seconds": 150.508,
      "status": "COMPLETE_NO_WITNESS",
      "stdout_sha256": "286aecd3c393515285b21d29d6e4d46f6fd83f67dec5a0e8a70383e86e63e96c",
      "triple_candidates": 387254,
      "witness_sha256": null
    },
    {
      "exit_code": 20,
      "exit_file_sha256": "5378796307535df3ec8d8b15a2e2dc5641419c3d3060cfe32238c0fa973f7aa3",
      "external_real_seconds": 119.64,
      "external_system_seconds": 0.19,
      "external_user_seconds": 118.36,
      "final_pool_candidates": 0,
      "maximum_resident_set_size_bytes": 1381249024,
      "pair_candidates": 20399724,
      "resource_log_sha256": "9e04901714dc238ac3493e8b97faf1dc124ac29ea7976b85760d44de3e886f16",
      "root_row_pair": 30,
      "roots_examined": 28816,
      "search_seconds": 110.313,
      "status": "COMPLETE_NO_WITNESS",
      "stdout_sha256": "84d259b5b1efeecda19b6c007ddd5cd956beb739967a53e34a9d449da00603b1",
      "triple_candidates": 367520,
      "witness_sha256": null
    },
    {
      "exit_code": 20,
      "exit_file_sha256": "5378796307535df3ec8d8b15a2e2dc5641419c3d3060cfe32238c0fa973f7aa3",
      "external_real_seconds": 121.35,
      "external_system_seconds": 0.19,
      "external_user_seconds": 120.13,
      "final_pool_candidates": 0,
      "maximum_resident_set_size_bytes": 1383112704,
      "pair_candidates": 20304313,
      "resource_log_sha256": "ab9a892286704fc97f6e48366e34a92f59b6d562469a02123529d1f8bf5dcda3",
      "root_row_pair": 31,
      "roots_examined": 26611,
      "search_seconds": 111.901,
      "status": "COMPLETE_NO_WITNESS",
      "stdout_sha256": "e78b060b6b92a5d03260446130b7ba9ba6bad2190e8571e4c931167246975bfa",
      "triple_candidates": 413076,
      "witness_sha256": null
    },
    {
      "exit_code": 20,
      "exit_file_sha256": "5378796307535df3ec8d8b15a2e2dc5641419c3d3060cfe32238c0fa973f7aa3",
      "external_real_seconds": 59.81,
      "external_system_seconds": 0.2,
      "external_user_seconds": 58.98,
      "final_pool_candidates": 0,
      "maximum_resident_set_size_bytes": 1382346752,
      "pair_candidates": 8712928,
      "resource_log_sha256": "8be639aeeb72095f7c7457d90b9a75875c7a827a635917e1a77df22a0949509c",
      "root_row_pair": 32,
      "roots_examined": 11267,
      "search_seconds": 50.6655,
      "status": "COMPLETE_NO_WITNESS",
      "stdout_sha256": "a1496bd2340a8eecd0e5c068e5f4305ab1f13cc5d3c2d18a579e0289069711a4",
      "triple_candidates": 201321,
      "witness_sha256": null
    },
    {
      "exit_code": 20,
      "exit_file_sha256": "5378796307535df3ec8d8b15a2e2dc5641419c3d3060cfe32238c0fa973f7aa3",
      "external_real_seconds": 89.91,
      "external_system_seconds": 0.21,
      "external_user_seconds": 88.92,
      "final_pool_candidates": 0,
      "maximum_resident_set_size_bytes": 1385562112,
      "pair_candidates": 13776753,
      "resource_log_sha256": "913d6cc161848c33b5461ea0fcb2b1e534534c3d94931706a806d0d1c407bc47",
      "root_row_pair": 33,
      "roots_examined": 15805,
      "search_seconds": 81.0413,
      "status": "COMPLETE_NO_WITNESS",
      "stdout_sha256": "3144a28f003ad45114bf0d8f21273d6b63a7c13e324ae03e032410e62e0645e2",
      "triple_candidates": 316906,
      "witness_sha256": null
    },
    {
      "exit_code": 20,
      "exit_file_sha256": "5378796307535df3ec8d8b15a2e2dc5641419c3d3060cfe32238c0fa973f7aa3",
      "external_real_seconds": 117.64,
      "external_system_seconds": 0.17,
      "external_user_seconds": 116.53,
      "final_pool_candidates": 0,
      "maximum_resident_set_size_bytes": 1386373120,
      "pair_candidates": 24738399,
      "resource_log_sha256": "02d8829c356f206211485fed78c3170adbc8f8e0b5657fb5edac2e977df902eb",
      "root_row_pair": 34,
      "roots_examined": 93246,
      "search_seconds": 108.859,
      "status": "COMPLETE_NO_WITNESS",
      "stdout_sha256": "39a3f1405e01ea309d9e7b30c3adb510f5e7d9fdb4e7cd501ce32c6190368718",
      "triple_candidates": 107217,
      "witness_sha256": null
    },
    {
      "exit_code": 20,
      "exit_file_sha256": "5378796307535df3ec8d8b15a2e2dc5641419c3d3060cfe32238c0fa973f7aa3",
      "external_real_seconds": 115.06,
      "external_system_seconds": 0.2,
      "external_user_seconds": 113.57,
      "final_pool_candidates": 0,
      "maximum_resident_set_size_bytes": 1383141376,
      "pair_candidates": 24013644,
      "resource_log_sha256": "248f729b353036cb7b95fbfe992e585b813a71bde5be1481ee0071f9b0a7fef5",
      "root_row_pair": 35,
      "roots_examined": 116015,
      "search_seconds": 106.427,
      "status": "COMPLETE_NO_WITNESS",
      "stdout_sha256": "369f4288b7c928f4bf25f2542bdb485baa7375916605fa2bb7b50ee6ce314fad",
      "triple_candidates": 97149,
      "witness_sha256": null
    },
    {
      "exit_code": 20,
      "exit_file_sha256": "5378796307535df3ec8d8b15a2e2dc5641419c3d3060cfe32238c0fa973f7aa3",
      "external_real_seconds": 82.23,
      "external_system_seconds": 0.2,
      "external_user_seconds": 81.09,
      "final_pool_candidates": 0,
      "maximum_resident_set_size_bytes": 1384300544,
      "pair_candidates": 18129542,
      "resource_log_sha256": "64fa165865486d3b1a31af7baafc3b02eb01f36a327953ab824d5935d502df42",
      "root_row_pair": 36,
      "roots_examined": 48790,
      "search_seconds": 73.6183,
      "status": "COMPLETE_NO_WITNESS",
      "stdout_sha256": "64c08738109f2cfd6232d366445a4a135e680995e8104ca63b6f3d2a55ee4083",
      "triple_candidates": 104694,
      "witness_sha256": null
    },
    {
      "exit_code": 20,
      "exit_file_sha256": "5378796307535df3ec8d8b15a2e2dc5641419c3d3060cfe32238c0fa973f7aa3",
      "external_real_seconds": 75.69,
      "external_system_seconds": 0.15,
      "external_user_seconds": 74.88,
      "final_pool_candidates": 0,
      "maximum_resident_set_size_bytes": 1385238528,
      "pair_candidates": 15398975,
      "resource_log_sha256": "22064610852b6d7d660d0ef98846c9a8e4989e3e66a9f72088074ce0ec3fc503",
      "root_row_pair": 37,
      "roots_examined": 38751,
      "search_seconds": 67.0794,
      "status": "COMPLETE_NO_WITNESS",
      "stdout_sha256": "e713adafd2ae77874431ef72bae1ec3e64d9ba3ba16d39cc6f1f571c69d7c5ac",
      "triple_candidates": 95471,
      "witness_sha256": null
    },
    {
      "exit_code": 20,
      "exit_file_sha256": "5378796307535df3ec8d8b15a2e2dc5641419c3d3060cfe32238c0fa973f7aa3",
      "external_real_seconds": 69.81,
      "external_system_seconds": 0.15,
      "external_user_seconds": 68.86,
      "final_pool_candidates": 0,
      "maximum_resident_set_size_bytes": 1382461440,
      "pair_candidates": 14311450,
      "resource_log_sha256": "4d07bec291ac40c4e919f05a4e3c61818b69cd158c9e51bc480ea78f3f2d3ebb",
      "root_row_pair": 38,
      "roots_examined": 32031,
      "search_seconds": 61.1962,
      "status": "COMPLETE_NO_WITNESS",
      "stdout_sha256": "47bb8b10756d165c4870c4d4284d4f245e238cdf3d43b6cf412328643a9889b6",
      "triple_candidates": 122582,
      "witness_sha256": null
    },
    {
      "exit_code": 20,
      "exit_file_sha256": "5378796307535df3ec8d8b15a2e2dc5641419c3d3060cfe32238c0fa973f7aa3",
      "external_real_seconds": 60.27,
      "external_system_seconds": 0.18,
      "external_user_seconds": 59.67,
      "final_pool_candidates": 0,
      "maximum_resident_set_size_bytes": 1383141376,
      "pair_candidates": 11820172,
      "resource_log_sha256": "3bf3b6c6a3a8da4eea24567893521c144486e9201ff297f861ed4c0043d13a0e",
      "root_row_pair": 39,
      "roots_examined": 24228,
      "search_seconds": 51.2025,
      "status": "COMPLETE_NO_WITNESS",
      "stdout_sha256": "6150b6f730ceb6ae066d5c4508613abf125c286ca90a28eb80cad0f7e7113f3c",
      "triple_candidates": 89987,
      "witness_sha256": null
    },
    {
      "exit_code": 20,
      "exit_file_sha256": "5378796307535df3ec8d8b15a2e2dc5641419c3d3060cfe32238c0fa973f7aa3",
      "external_real_seconds": 40.05,
      "external_system_seconds": 0.15,
      "external_user_seconds": 39.56,
      "final_pool_candidates": 0,
      "maximum_resident_set_size_bytes": 1385267200,
      "pair_candidates": 7297580,
      "resource_log_sha256": "ce5e850690f18b2c04d6c3f78b1273061b1fc76c711579ad415b853d6c9e585b",
      "root_row_pair": 40,
      "roots_examined": 102666,
      "search_seconds": 31.6426,
      "status": "COMPLETE_NO_WITNESS",
      "stdout_sha256": "fd87dc1909f80baa5fc5e54144cc5508ef4950e0f07321cde15c5a491a36d333",
      "triple_candidates": 6963,
      "witness_sha256": null
    },
    {
      "exit_code": 20,
      "exit_file_sha256": "5378796307535df3ec8d8b15a2e2dc5641419c3d3060cfe32238c0fa973f7aa3",
      "external_real_seconds": 26.52,
      "external_system_seconds": 0.21,
      "external_user_seconds": 25.87,
      "final_pool_candidates": 0,
      "maximum_resident_set_size_bytes": 1385238528,
      "pair_candidates": 4688525,
      "resource_log_sha256": "a3bdda8a65fc98bff0de9d7b5fdc5d0ff3531eef71d2021d5af890da8f290d2a",
      "root_row_pair": 41,
      "roots_examined": 34625,
      "search_seconds": 17.9873,
      "status": "COMPLETE_NO_WITNESS",
      "stdout_sha256": "745594ecc7b952de5c99741e09c189de282756a51ddaa9ab10679b9cd055c856",
      "triple_candidates": 5690,
      "witness_sha256": null
    },
    {
      "exit_code": 20,
      "exit_file_sha256": "5378796307535df3ec8d8b15a2e2dc5641419c3d3060cfe32238c0fa973f7aa3",
      "external_real_seconds": 30.72,
      "external_system_seconds": 0.2,
      "external_user_seconds": 30.11,
      "final_pool_candidates": 0,
      "maximum_resident_set_size_bytes": 1383813120,
      "pair_candidates": 5205556,
      "resource_log_sha256": "f980bfd354ed30c5fd88c67abedbf17d20a3ac1c5fa14860499f7f8838522fed",
      "root_row_pair": 42,
      "roots_examined": 30879,
      "search_seconds": 21.7097,
      "status": "COMPLETE_NO_WITNESS",
      "stdout_sha256": "a36bb1f2a99b247ae6a9763829ff724becfbc7fdb622111d8bd1123d1255b156",
      "triple_candidates": 6958,
      "witness_sha256": null
    },
    {
      "exit_code": 20,
      "exit_file_sha256": "5378796307535df3ec8d8b15a2e2dc5641419c3d3060cfe32238c0fa973f7aa3",
      "external_real_seconds": 22.17,
      "external_system_seconds": 0.16,
      "external_user_seconds": 21.83,
      "final_pool_candidates": 0,
      "maximum_resident_set_size_bytes": 1385238528,
      "pair_candidates": 3249975,
      "resource_log_sha256": "f990bbf2ccff500cd48ed64b6d1a3034ae4de782e3ab4e39ad355d4708ff9fea",
      "root_row_pair": 43,
      "roots_examined": 17453,
      "search_seconds": 13.2572,
      "status": "COMPLETE_NO_WITNESS",
      "stdout_sha256": "8c7679d072bbab9b29fb45eba0d613be40b14703b3734d39dcde6769ea270bf4",
      "triple_candidates": 6368,
      "witness_sha256": null
    },
    {
      "exit_code": 20,
      "exit_file_sha256": "5378796307535df3ec8d8b15a2e2dc5641419c3d3060cfe32238c0fa973f7aa3",
      "external_real_seconds": 25.66,
      "external_system_seconds": 0.17,
      "external_user_seconds": 25.24,
      "final_pool_candidates": 0,
      "maximum_resident_set_size_bytes": 1380990976,
      "pair_candidates": 4005583,
      "resource_log_sha256": "3ba45b879002d5d805660fb577ec59f31296cf7e715c7bad1261264bf522e7f4",
      "root_row_pair": 44,
      "roots_examined": 19389,
      "search_seconds": 17.2488,
      "status": "COMPLETE_NO_WITNESS",
      "stdout_sha256": "8c13458366583ad585547be32574a58b2f16d6a64628c5f767b32b535c91dd3f",
      "triple_candidates": 6819,
      "witness_sha256": null
    },
    {
      "exit_code": 20,
      "exit_file_sha256": "5378796307535df3ec8d8b15a2e2dc5641419c3d3060cfe32238c0fa973f7aa3",
      "external_real_seconds": 15.07,
      "external_system_seconds": 0.17,
      "external_user_seconds": 14.76,
      "final_pool_candidates": 0,
      "maximum_resident_set_size_bytes": 1383481344,
      "pair_candidates": 1320346,
      "resource_log_sha256": "b51d03101ad89d4b616a25c02aa9f9b09b950abbbbd91a0df8185c38a357e268",
      "root_row_pair": 45,
      "roots_examined": 53604,
      "search_seconds": 5.95238,
      "status": "COMPLETE_NO_WITNESS",
      "stdout_sha256": "fe5ae2b8d6093319676abdb02dd3be401c73ce1c520d161ee30a13f2881b4248",
      "triple_candidates": 0,
      "witness_sha256": null
    },
    {
      "exit_code": 20,
      "exit_file_sha256": "5378796307535df3ec8d8b15a2e2dc5641419c3d3060cfe32238c0fa973f7aa3",
      "external_real_seconds": 14.61,
      "external_system_seconds": 0.16,
      "external_user_seconds": 14.3,
      "final_pool_candidates": 0,
      "maximum_resident_set_size_bytes": 1382625280,
      "pair_candidates": 1036925,
      "resource_log_sha256": "0f973d79477ad4d882772cefe911dfd76778b701675bbdf939f6bdeb14369f3d",
      "root_row_pair": 46,
      "roots_examined": 36089,
      "search_seconds": 5.09271,
      "status": "COMPLETE_NO_WITNESS",
      "stdout_sha256": "dfe45f55134008bc866cb65f4c1e8f6a6ea1af9582953b252a3253f441dc6a1e",
      "triple_candidates": 0,
      "witness_sha256": null
    },
    {
      "exit_code": 20,
      "exit_file_sha256": "5378796307535df3ec8d8b15a2e2dc5641419c3d3060cfe32238c0fa973f7aa3",
      "external_real_seconds": 13.49,
      "external_system_seconds": 0.16,
      "external_user_seconds": 13.24,
      "final_pool_candidates": 0,
      "maximum_resident_set_size_bytes": 1386237952,
      "pair_candidates": 1010878,
      "resource_log_sha256": "d3d15d700cbb732a229e2643627ed70f8f4099ceeca6cddd38a3d5569f42b645",
      "root_row_pair": 47,
      "roots_examined": 24506,
      "search_seconds": 5.19304,
      "status": "COMPLETE_NO_WITNESS",
      "stdout_sha256": "9194b3453ad27a2a0c11776ac26273f4dc1009ce8e06664952cb3a83d050cdbb",
      "triple_candidates": 0,
      "witness_sha256": null
    },
    {
      "exit_code": 20,
      "exit_file_sha256": "5378796307535df3ec8d8b15a2e2dc5641419c3d3060cfe32238c0fa973f7aa3",
      "external_real_seconds": 13.94,
      "external_system_seconds": 0.16,
      "external_user_seconds": 13.68,
      "final_pool_candidates": 0,
      "maximum_resident_set_size_bytes": 1385267200,
      "pair_candidates": 1054705,
      "resource_log_sha256": "4c5f741744b3e4bab7a68b1417fd7785beb6c79912b0bfa6dba030c0c7b028ca",
      "root_row_pair": 48,
      "roots_examined": 25445,
      "search_seconds": 5.65277,
      "status": "COMPLETE_NO_WITNESS",
      "stdout_sha256": "281cd5c2571eb74c50a02db0e3bbd63db094b2c204c76f19521df95f9cca4542",
      "triple_candidates": 0,
      "witness_sha256": null
    },
    {
      "exit_code": 20,
      "exit_file_sha256": "5378796307535df3ec8d8b15a2e2dc5641419c3d3060cfe32238c0fa973f7aa3",
      "external_real_seconds": 9.22,
      "external_system_seconds": 0.18,
      "external_user_seconds": 8.57,
      "final_pool_candidates": 0,
      "maximum_resident_set_size_bytes": 1383813120,
      "pair_candidates": 95221,
      "resource_log_sha256": "3e976b515170df9369bc6b137cb46f8ca3964c7aff6b1fcf44030261645c7377",
      "root_row_pair": 49,
      "roots_examined": 15395,
      "search_seconds": 0.534349,
      "status": "COMPLETE_NO_WITNESS",
      "stdout_sha256": "f4b900579cfec5205578fa47f005062c2fde4f93c2874de6f2e4c5c4159920e9",
      "triple_candidates": 0,
      "witness_sha256": null
    },
    {
      "exit_code": 20,
      "exit_file_sha256": "5378796307535df3ec8d8b15a2e2dc5641419c3d3060cfe32238c0fa973f7aa3",
      "external_real_seconds": 9.54,
      "external_system_seconds": 0.2,
      "external_user_seconds": 8.98,
      "final_pool_candidates": 0,
      "maximum_resident_set_size_bytes": 1383825408,
      "pair_candidates": 76208,
      "resource_log_sha256": "95ab68ff8513c528da329b37b32c33bdfb92a750d30c14bdb5c910f3f6a982b5",
      "root_row_pair": 50,
      "roots_examined": 8609,
      "search_seconds": 0.405255,
      "status": "COMPLETE_NO_WITNESS",
      "stdout_sha256": "fdc2cab5949bd05303d044ebb0516cb34fc4837fae5e5beb869efabd25cf50d8",
      "triple_candidates": 0,
      "witness_sha256": null
    },
    {
      "exit_code": 20,
      "exit_file_sha256": "5378796307535df3ec8d8b15a2e2dc5641419c3d3060cfe32238c0fa973f7aa3",
      "external_real_seconds": 9.78,
      "external_system_seconds": 0.19,
      "external_user_seconds": 9.08,
      "final_pool_candidates": 0,
      "maximum_resident_set_size_bytes": 1383817216,
      "pair_candidates": 82632,
      "resource_log_sha256": "55681dcd2629e8437017e558b9f96d0e5d0ec94a27156c202c6eddd2a836dc2d",
      "root_row_pair": 51,
      "roots_examined": 9552,
      "search_seconds": 0.550407,
      "status": "COMPLETE_NO_WITNESS",
      "stdout_sha256": "ebd965413a449c7fea7ae518903a48cf7630525203b17533ab891474dff01eec",
      "triple_candidates": 0,
      "witness_sha256": null
    },
    {
      "exit_code": 20,
      "exit_file_sha256": "5378796307535df3ec8d8b15a2e2dc5641419c3d3060cfe32238c0fa973f7aa3",
      "external_real_seconds": 8.28,
      "external_system_seconds": 0.15,
      "external_user_seconds": 8.07,
      "final_pool_candidates": 0,
      "maximum_resident_set_size_bytes": 1385263104,
      "pair_candidates": 0,
      "resource_log_sha256": "83887333878bf527d5ee070b1955e02a2e3868f858292cf1f9441fa90d026710",
      "root_row_pair": 52,
      "roots_examined": 7308,
      "search_seconds": 0.146477,
      "status": "COMPLETE_NO_WITNESS",
      "stdout_sha256": "74c7f3a62f448b82db83e45937d7c50453b73c7ddb726be91f4a2090a9fc6c58",
      "triple_candidates": 0,
      "witness_sha256": null
    },
    {
      "exit_code": 20,
      "exit_file_sha256": "5378796307535df3ec8d8b15a2e2dc5641419c3d3060cfe32238c0fa973f7aa3",
      "external_real_seconds": 9.6,
      "external_system_seconds": 0.2,
      "external_user_seconds": 9.17,
      "final_pool_candidates": 0,
      "maximum_resident_set_size_bytes": 1382440960,
      "pair_candidates": 0,
      "resource_log_sha256": "69f8b58fce16fe712ebc3050e27b803415707324f217673ba25763e34272c919",
      "root_row_pair": 53,
      "roots_examined": 7380,
      "search_seconds": 0.182153,
      "status": "COMPLETE_NO_WITNESS",
      "stdout_sha256": "d94df0b4e54d9f1f1d51189d77a4818c549504e65fce4be5bb895780bb4f3508",
      "triple_candidates": 0,
      "witness_sha256": null
    },
    {
      "exit_code": 20,
      "exit_file_sha256": "5378796307535df3ec8d8b15a2e2dc5641419c3d3060cfe32238c0fa973f7aa3",
      "external_real_seconds": 8.36,
      "external_system_seconds": 0.18,
      "external_user_seconds": 8.07,
      "final_pool_candidates": 0,
      "maximum_resident_set_size_bytes": 1385267200,
      "pair_candidates": 0,
      "resource_log_sha256": "b43a9a06f86dbea1784d0bd7ca07cdd74edb1eb6912f5fe5c0dc7947800fb7a8",
      "root_row_pair": 54,
      "roots_examined": 4928,
      "search_seconds": 0.0972753,
      "status": "COMPLETE_NO_WITNESS",
      "stdout_sha256": "5bd03ba8c924037fa41c5457689e9c1d7cbf8192907b706655de684118da1b75",
      "triple_candidates": 0,
      "witness_sha256": null
    }
  ],
  "shards": 55,
  "status": "PASS",
  "status_histogram": {
    "COMPLETE_NO_WITNESS": 55
  },
  "sum_search_seconds": 5937.290716299998,
  "witnesses": []
}
