{
  "aggregate": {
    "final_pool_candidates": 0,
    "final_pools_built": 86633735,
    "pair_candidates": 1542394420,
    "pair_pools_built": 2037127,
    "roots_examined": 2037127,
    "triple_candidates": 86633735,
    "triple_pools_built": 1542394420
  },
  "anchor_hex": "003020980031401400050a008b00022",
  "candidate_count": 2037127,
  "catalogue": "/data/home/ahw807/Q10_HPC_HANDOFF_PACKAGE/runs/rep14_catalogue/all_masks.hex",
  "catalogue_recorded_path": "/data/home/ahw807/Q10_HPC_HANDOFF_PACKAGE/runs/rep14_catalogue/all_masks.hex",
  "catalogue_sha256": "82fe6b2bc957cd1f3ae9bf46efe11d2e3e97a92825b148e25f62e9a3377eb286",
  "claim_boundary": "catalogue completeness must be established by its separate exhaustive enumeration audit",
  "exit_code_histogram": {
    "20": 55
  },
  "join_binary_recorded_path": "/tmp/q10-rep14-26188919/capset_join",
  "join_binary_sha256": "2247456f9f199952d236d87f6ec80ec5f30cecbde9f7c11119a96304f2e4f52d",
  "mathematical_status": "UNSAT_RELATIVE_TO_COMPLETE_CAP_CATALOGUE",
  "maximum_shard_search_seconds": 761.695,
  "resources": {
    "makespan_seconds_runmeta_to_last_stdout_mtime": 928.4652526378632,
    "maximum_resident_set_size_bytes": 1724616704,
    "measurement_note": "resource sums are over 55 BSD /usr/bin/time -l shard records; makespan is filesystem-mtime derived and operational, not proof evidence",
    "sum_external_real_seconds": 13819.550000000003,
    "sum_external_system_seconds": 12.530000000000006,
    "sum_external_user_seconds": 13716.309999999998
  },
  "run_metadata_sha256": "4dfe4d4536f717ae8d568f1a3dd8826cc9f99615d2ee534557b4c3b626bb739d",
  "shard_ledger": [
    {
      "exit_code": 20,
      "exit_file_sha256": "5378796307535df3ec8d8b15a2e2dc5641419c3d3060cfe32238c0fa973f7aa3",
      "external_real_seconds": 243.05,
      "external_system_seconds": 0.22,
      "external_user_seconds": 241.46,
      "final_pool_candidates": 0,
      "maximum_resident_set_size_bytes": 1723617280,
      "pair_candidates": 16811955,
      "resource_log_sha256": "baa482474108c7e1a741af611d73ff5e0f45b0a93618713be8ac8320818d2801",
      "root_row_pair": 0,
      "roots_examined": 7579,
      "search_seconds": 229.41,
      "status": "COMPLETE_NO_WITNESS",
      "stdout_sha256": "3865d6b74f95cdfbd1e1eec1f2d0e73f51c4ac3eb886f8167c27912c1ebb1071",
      "triple_candidates": 2227919,
      "witness_sha256": null
    },
    {
      "exit_code": 20,
      "exit_file_sha256": "5378796307535df3ec8d8b15a2e2dc5641419c3d3060cfe32238c0fa973f7aa3",
      "external_real_seconds": 323.81,
      "external_system_seconds": 0.34,
      "external_user_seconds": 321.84,
      "final_pool_candidates": 0,
      "maximum_resident_set_size_bytes": 1724293120,
      "pair_candidates": 26177938,
      "resource_log_sha256": "a0409735b92555ad470080e0a7d1e16a8f445e1c991056aac4ed83c30cc596a9",
      "root_row_pair": 1,
      "roots_examined": 13198,
      "search_seconds": 311.554,
      "status": "COMPLETE_NO_WITNESS",
      "stdout_sha256": "b15d8426993f3ee6f89fd4711f4e3391dc2c91bef0d3c76e8d5705c926764bd7",
      "triple_candidates": 2774936,
      "witness_sha256": null
    },
    {
      "exit_code": 20,
      "exit_file_sha256": "5378796307535df3ec8d8b15a2e2dc5641419c3d3060cfe32238c0fa973f7aa3",
      "external_real_seconds": 393.55,
      "external_system_seconds": 0.32,
      "external_user_seconds": 391.36,
      "final_pool_candidates": 0,
      "maximum_resident_set_size_bytes": 1723727872,
      "pair_candidates": 30819419,
      "resource_log_sha256": "5d57c6d531e5f18678c7f58ecfd0ee69d9f11b4691d5065ebab3caa8df0ef151",
      "root_row_pair": 2,
      "roots_examined": 14434,
      "search_seconds": 381.282,
      "status": "COMPLETE_NO_WITNESS",
      "stdout_sha256": "7064fa93829878cb3afc996c83a925238ec78ef6d830dd9674dccba15721b613",
      "triple_candidates": 3370769,
      "witness_sha256": null
    },
    {
      "exit_code": 20,
      "exit_file_sha256": "5378796307535df3ec8d8b15a2e2dc5641419c3d3060cfe32238c0fa973f7aa3",
      "external_real_seconds": 707.01,
      "external_system_seconds": 0.27,
      "external_user_seconds": 702.68,
      "final_pool_candidates": 0,
      "maximum_resident_set_size_bytes": 1721122816,
      "pair_candidates": 67348261,
      "resource_log_sha256": "b6b9c3341b7f6a6160c89306caf147ea8a365530611a0abede110db15351e198",
      "root_row_pair": 3,
      "roots_examined": 43666,
      "search_seconds": 694.676,
      "status": "COMPLETE_NO_WITNESS",
      "stdout_sha256": "d62fc9af7ca1b01cde3a604d116423bff3bb7f9cd37677dff971120fd5c17ce7",
      "triple_candidates": 5438164,
      "witness_sha256": null
    },
    {
      "exit_code": 20,
      "exit_file_sha256": "5378796307535df3ec8d8b15a2e2dc5641419c3d3060cfe32238c0fa973f7aa3",
      "external_real_seconds": 774.05,
      "external_system_seconds": 0.35,
      "external_user_seconds": 768.96,
      "final_pool_candidates": 0,
      "maximum_resident_set_size_bytes": 1723645952,
      "pair_candidates": 63693900,
      "resource_log_sha256": "14dcfe9772b855e79dc05442b6e166ff7f7260f026cc1dbb2785deea03bf5e18",
      "root_row_pair": 4,
      "roots_examined": 32847,
      "search_seconds": 761.695,
      "status": "COMPLETE_NO_WITNESS",
      "stdout_sha256": "e7667082db5763d03ccead55e06cc155ab573423deb9b9d5a212a69bfcdbcfa3",
      "triple_candidates": 6111437,
      "witness_sha256": null
    },
    {
      "exit_code": 20,
      "exit_file_sha256": "5378796307535df3ec8d8b15a2e2dc5641419c3d3060cfe32238c0fa973f7aa3",
      "external_real_seconds": 687.73,
      "external_system_seconds": 0.23,
      "external_user_seconds": 683.66,
      "final_pool_candidates": 0,
      "maximum_resident_set_size_bytes": 1721360384,
      "pair_candidates": 67813946,
      "resource_log_sha256": "35beb86a1ee914eb744e6ad7dd1e5dcadd010f3dfe76da245e5c23bf288d16ac",
      "root_row_pair": 5,
      "roots_examined": 46481,
      "search_seconds": 674.065,
      "status": "COMPLETE_NO_WITNESS",
      "stdout_sha256": "40fa0eeb4e16c964b00254cd5ded952fe28725f15615d1590ad5490792650c94",
      "triple_candidates": 5377410,
      "witness_sha256": null
    },
    {
      "exit_code": 20,
      "exit_file_sha256": "5378796307535df3ec8d8b15a2e2dc5641419c3d3060cfe32238c0fa973f7aa3",
      "external_real_seconds": 591.03,
      "external_system_seconds": 0.35,
      "external_user_seconds": 587.45,
      "final_pool_candidates": 0,
      "maximum_resident_set_size_bytes": 1724588032,
      "pair_candidates": 45991970,
      "resource_log_sha256": "eab489cb762fb94a805a1b75765ea6bbb7b3b083727aaa2510d98035c4a6dcc2",
      "root_row_pair": 6,
      "roots_examined": 21889,
      "search_seconds": 578.655,
      "status": "COMPLETE_NO_WITNESS",
      "stdout_sha256": "9b0626e275d2e0a3fced81e58dcdcecd85839c7f745debfe20017f4e6b14e221",
      "triple_candidates": 4999822,
      "witness_sha256": null
    },
    {
      "exit_code": 20,
      "exit_file_sha256": "5378796307535df3ec8d8b15a2e2dc5641419c3d3060cfe32238c0fa973f7aa3",
      "external_real_seconds": 374.85,
      "external_system_seconds": 0.31,
      "external_user_seconds": 372.67,
      "final_pool_candidates": 0,
      "maximum_resident_set_size_bytes": 1724260352,
      "pair_candidates": 30915585,
      "resource_log_sha256": "293a33897b43ab27311a50eea814785bac41d89d547d44c878e200816f9702d9",
      "root_row_pair": 7,
      "roots_examined": 14985,
      "search_seconds": 362.524,
      "status": "COMPLETE_NO_WITNESS",
      "stdout_sha256": "8d275d9de03ef07f76ddd6ee1740df2fee149fbfe9983206d31b06418bb808ac",
      "triple_candidates": 3323839,
      "witness_sha256": null
    },
    {
      "exit_code": 20,
      "exit_file_sha256": "5378796307535df3ec8d8b15a2e2dc5641419c3d3060cfe32238c0fa973f7aa3",
      "external_real_seconds": 257.4,
      "external_system_seconds": 0.26,
      "external_user_seconds": 255.87,
      "final_pool_candidates": 0,
      "maximum_resident_set_size_bytes": 1724293120,
      "pair_candidates": 18093369,
      "resource_log_sha256": "7be91588e32f72824d90a4c5c2db7003616dc463fda4d82d8fc5bc2307de04d2",
      "root_row_pair": 8,
      "roots_examined": 8043,
      "search_seconds": 245.276,
      "status": "COMPLETE_NO_WITNESS",
      "stdout_sha256": "500e6b0ebfc25fd790cd357150617fe6d232589c002ead3855c1bd3515c00ece",
      "triple_candidates": 2420642,
      "witness_sha256": null
    },
    {
      "exit_code": 20,
      "exit_file_sha256": "5378796307535df3ec8d8b15a2e2dc5641419c3d3060cfe32238c0fa973f7aa3",
      "external_real_seconds": 300.62,
      "external_system_seconds": 0.37,
      "external_user_seconds": 298.77,
      "final_pool_candidates": 0,
      "maximum_resident_set_size_bytes": 1723576320,
      "pair_candidates": 21625781,
      "resource_log_sha256": "b16daadf072e1b5b2ed5f5c46246f9699fdd4c54c414115a0aafc0a52ed56e01",
      "root_row_pair": 9,
      "roots_examined": 9695,
      "search_seconds": 288.361,
      "status": "COMPLETE_NO_WITNESS",
      "stdout_sha256": "d67dbe8cf4562c300e1330fdc5b5687e0a30ce14592a534b5eebd3aaec04edd1",
      "triple_candidates": 2592364,
      "witness_sha256": null
    },
    {
      "exit_code": 20,
      "exit_file_sha256": "5378796307535df3ec8d8b15a2e2dc5641419c3d3060cfe32238c0fa973f7aa3",
      "external_real_seconds": 200.29,
      "external_system_seconds": 0.29,
      "external_user_seconds": 198.92,
      "final_pool_candidates": 0,
      "maximum_resident_set_size_bytes": 1723666432,
      "pair_candidates": 18119561,
      "resource_log_sha256": "583eecf60ad49cb59143f39a9331a35f2b3d3d5cd91accf9f39e9f29d587bc30",
      "root_row_pair": 10,
      "roots_examined": 10948,
      "search_seconds": 188.053,
      "status": "COMPLETE_NO_WITNESS",
      "stdout_sha256": "c07f928bd9ac9b293bdc9d808ba3b60ae08ac66206d460cb1f5a307185101bc0",
      "triple_candidates": 1556011,
      "witness_sha256": null
    },
    {
      "exit_code": 20,
      "exit_file_sha256": "5378796307535df3ec8d8b15a2e2dc5641419c3d3060cfe32238c0fa973f7aa3",
      "external_real_seconds": 201.68,
      "external_system_seconds": 0.24,
      "external_user_seconds": 200.43,
      "final_pool_candidates": 0,
      "maximum_resident_set_size_bytes": 1723641856,
      "pair_candidates": 17341094,
      "resource_log_sha256": "906f71c7230145012c7c77157a52107557b4ccecd6572bb3cc89f880982db859",
      "root_row_pair": 11,
      "roots_examined": 9948,
      "search_seconds": 187.952,
      "status": "COMPLETE_NO_WITNESS",
      "stdout_sha256": "44d7b50f3eec0ba331b5d2c3a9ce2167408f6415321a5173a5aaaade2d36823e",
      "triple_candidates": 1474865,
      "witness_sha256": null
    },
    {
      "exit_code": 20,
      "exit_file_sha256": "5378796307535df3ec8d8b15a2e2dc5641419c3d3060cfe32238c0fa973f7aa3",
      "external_real_seconds": 417.01,
      "external_system_seconds": 0.38,
      "external_user_seconds": 414.41,
      "final_pool_candidates": 0,
      "maximum_resident_set_size_bytes": 1723731968,
      "pair_candidates": 42654958,
      "resource_log_sha256": "fc21c4ad375fce4f7ea5d640ee0a942c3d139794b11dba660c0aa00c7c12bd5b",
      "root_row_pair": 12,
      "roots_examined": 32953,
      "search_seconds": 404.478,
      "status": "COMPLETE_NO_WITNESS",
      "stdout_sha256": "4772b6948a91e56a60b9ef5005552b6483c903c154fa4746bf890d27a42ce1f6",
      "triple_candidates": 2933282,
      "witness_sha256": null
    },
    {
      "exit_code": 20,
      "exit_file_sha256": "5378796307535df3ec8d8b15a2e2dc5641419c3d3060cfe32238c0fa973f7aa3",
      "external_real_seconds": 330.7,
      "external_system_seconds": 0.3,
      "external_user_seconds": 328.66,
      "final_pool_candidates": 0,
      "maximum_resident_set_size_bytes": 1723645952,
      "pair_candidates": 33657081,
      "resource_log_sha256": "1cef2d7bbd3a19a7e05a254dd479d70a78e478786e07c495af4c055dad7194f7",
      "root_row_pair": 13,
      "roots_examined": 21994,
      "search_seconds": 318.42,
      "status": "COMPLETE_NO_WITNESS",
      "stdout_sha256": "39186373fb956c064558f87aa7318c8ec47a35e5e0f3c8b675228b22b7f53526",
      "triple_candidates": 2400606,
      "witness_sha256": null
    },
    {
      "exit_code": 20,
      "exit_file_sha256": "5378796307535df3ec8d8b15a2e2dc5641419c3d3060cfe32238c0fa973f7aa3",
      "external_real_seconds": 590.9,
      "external_system_seconds": 0.24,
      "external_user_seconds": 587.52,
      "final_pool_candidates": 0,
      "maximum_resident_set_size_bytes": 1721962496,
      "pair_candidates": 61833690,
      "resource_log_sha256": "9c7e02f8a651c0368265184fef94377d3989cf7a31eda6f236fd947af1d0dd6e",
      "root_row_pair": 14,
      "roots_examined": 47771,
      "search_seconds": 577.192,
      "status": "COMPLETE_NO_WITNESS",
      "stdout_sha256": "dfebe1989bd5c81526c5710a86909f4664fdf17a1f92707e87852e5843245cb0",
      "triple_candidates": 4243278,
      "witness_sha256": null
    },
    {
      "exit_code": 20,
      "exit_file_sha256": "5378796307535df3ec8d8b15a2e2dc5641419c3d3060cfe32238c0fa973f7aa3",
      "external_real_seconds": 236.07,
      "external_system_seconds": 0.28,
      "external_user_seconds": 234.57,
      "final_pool_candidates": 0,
      "maximum_resident_set_size_bytes": 1723641856,
      "pair_candidates": 20858958,
      "resource_log_sha256": "c3018d14311af1409d1dca290a117332b987d6090f6dd5d9a5af1e66840ac8a2",
      "root_row_pair": 15,
      "roots_examined": 12251,
      "search_seconds": 223.829,
      "status": "COMPLETE_NO_WITNESS",
      "stdout_sha256": "61a6c12f37c739188fa05c4a8852b49ef05ffab16088af01ccc8175a6aaaed3b",
      "triple_candidates": 1839754,
      "witness_sha256": null
    },
    {
      "exit_code": 20,
      "exit_file_sha256": "5378796307535df3ec8d8b15a2e2dc5641419c3d3060cfe32238c0fa973f7aa3",
      "external_real_seconds": 271.46,
      "external_system_seconds": 0.19,
      "external_user_seconds": 269.88,
      "final_pool_candidates": 0,
      "maximum_resident_set_size_bytes": 1723645952,
      "pair_candidates": 25357966,
      "resource_log_sha256": "23e809896119d258cac90cc43ee6994e9db918dae88de4c5cc5c057c4b2f15b8",
      "root_row_pair": 16,
      "roots_examined": 14461,
      "search_seconds": 260.66,
      "status": "COMPLETE_NO_WITNESS",
      "stdout_sha256": "113ebce1812101169e7610e78a9d2d776deea2003e3aa6b35442577e6a2aec08",
      "triple_candidates": 2292519,
      "witness_sha256": null
    },
    {
      "exit_code": 20,
      "exit_file_sha256": "5378796307535df3ec8d8b15a2e2dc5641419c3d3060cfe32238c0fa973f7aa3",
      "external_real_seconds": 150.05,
      "external_system_seconds": 0.18,
      "external_user_seconds": 149.3,
      "final_pool_candidates": 0,
      "maximum_resident_set_size_bytes": 1723645952,
      "pair_candidates": 11226189,
      "resource_log_sha256": "f3e8b7e403e64ca652662e383bc284fd24037c9501554ed9c068dc965ff26591",
      "root_row_pair": 17,
      "roots_examined": 6026,
      "search_seconds": 139.23,
      "status": "COMPLETE_NO_WITNESS",
      "stdout_sha256": "d46474fdc540689d07d02ed8189fb9c1aa20fdf916a3bfdbcbd31c34a1e9f7f8",
      "triple_candidates": 1266562,
      "witness_sha256": null
    },
    {
      "exit_code": 20,
      "exit_file_sha256": "5378796307535df3ec8d8b15a2e2dc5641419c3d3060cfe32238c0fa973f7aa3",
      "external_real_seconds": 187.19,
      "external_system_seconds": 0.18,
      "external_user_seconds": 186.28,
      "final_pool_candidates": 0,
      "maximum_resident_set_size_bytes": 1723645952,
      "pair_candidates": 14926304,
      "resource_log_sha256": "686076661981b304a0ba5ac2a15f73d6928666eed2d12fe5d2465e96fd845b24",
      "root_row_pair": 18,
      "roots_examined": 7593,
      "search_seconds": 176.471,
      "status": "COMPLETE_NO_WITNESS",
      "stdout_sha256": "36db96d523648561a5fca770fd0da94ab2b3dc71596bd6e1a355afce4f9ac31f",
      "triple_candidates": 1583626,
      "witness_sha256": null
    },
    {
      "exit_code": 20,
      "exit_file_sha256": "5378796307535df3ec8d8b15a2e2dc5641419c3d3060cfe32238c0fa973f7aa3",
      "external_real_seconds": 301.08,
      "external_system_seconds": 0.19,
      "external_user_seconds": 299.25,
      "final_pool_candidates": 0,
      "maximum_resident_set_size_bytes": 1723240448,
      "pair_candidates": 34342211,
      "resource_log_sha256": "119b403fadba063ba52492626fe638ca0063fdb58c13e005c3f77d6d5f0dde7d",
      "root_row_pair": 19,
      "roots_examined": 24099,
      "search_seconds": 290.266,
      "status": "COMPLETE_NO_WITNESS",
      "stdout_sha256": "1749d30149463e3bed2d35bcb00a3fd13f6afe24faa3de6aae0eddb622103706",
      "triple_candidates": 1950803,
      "witness_sha256": null
    },
    {
      "exit_code": 20,
      "exit_file_sha256": "5378796307535df3ec8d8b15a2e2dc5641419c3d3060cfe32238c0fa973f7aa3",
      "external_real_seconds": 446.76,
      "external_system_seconds": 0.21,
      "external_user_seconds": 443.88,
      "final_pool_candidates": 0,
      "maximum_resident_set_size_bytes": 1723682816,
      "pair_candidates": 60012524,
      "resource_log_sha256": "abc3ce347738352aeeaa0ab8152a5e559f6e70ed1c2e5d40e4c9e9954998b011",
      "root_row_pair": 20,
      "roots_examined": 61481,
      "search_seconds": 436.035,
      "status": "COMPLETE_NO_WITNESS",
      "stdout_sha256": "80b1e21bfd4e4cd36ef24468c46afb23007624f26be0b27ca314a3026fb53db7",
      "triple_candidates": 2423940,
      "witness_sha256": null
    },
    {
      "exit_code": 20,
      "exit_file_sha256": "5378796307535df3ec8d8b15a2e2dc5641419c3d3060cfe32238c0fa973f7aa3",
      "external_real_seconds": 512.57,
      "external_system_seconds": 0.19,
      "external_user_seconds": 509.18,
      "final_pool_candidates": 0,
      "maximum_resident_set_size_bytes": 1723641856,
      "pair_candidates": 61325256,
      "resource_log_sha256": "86bea538141fb8227571c313c8737230f4c88476081f7b41d985c1317c4d2ba3",
      "root_row_pair": 21,
      "roots_examined": 49005,
      "search_seconds": 501.774,
      "status": "COMPLETE_NO_WITNESS",
      "stdout_sha256": "bd3febb46bcd48217a8036fb725958d4d7eea289882f592fc8ca6cfeb2a5e915",
      "triple_candidates": 2876653,
      "witness_sha256": null
    },
    {
      "exit_code": 20,
      "exit_file_sha256": "5378796307535df3ec8d8b15a2e2dc5641419c3d3060cfe32238c0fa973f7aa3",
      "external_real_seconds": 510.17,
      "external_system_seconds": 0.18,
      "external_user_seconds": 506.49,
      "final_pool_candidates": 0,
      "maximum_resident_set_size_bytes": 1724293120,
      "pair_candidates": 65922865,
      "resource_log_sha256": "462aee3416a4426043c89a877d3613469b15fe904890e725670033167f60ff61",
      "root_row_pair": 22,
      "roots_examined": 69078,
      "search_seconds": 499.425,
      "status": "COMPLETE_NO_WITNESS",
      "stdout_sha256": "0a4e53c9bc21469a1bb1e8efbe199f6270516cca29a16e5303ba73d27683d410",
      "triple_candidates": 2665176,
      "witness_sha256": null
    },
    {
      "exit_code": 20,
      "exit_file_sha256": "5378796307535df3ec8d8b15a2e2dc5641419c3d3060cfe32238c0fa973f7aa3",
      "external_real_seconds": 469.31,
      "external_system_seconds": 0.19,
      "external_user_seconds": 465.97,
      "final_pool_candidates": 0,
      "maximum_resident_set_size_bytes": 1723645952,
      "pair_candidates": 51570776,
      "resource_log_sha256": "024661f5d09011327b38ba4f0a666068ac6a15e463149cbd25e162de1d7df5b6",
      "root_row_pair": 23,
      "roots_examined": 35790,
      "search_seconds": 458.614,
      "status": "COMPLETE_NO_WITNESS",
      "stdout_sha256": "1ae92b5e946059d5cacf8a730dbc841a8521bde5312d74e26e755956d6194785",
      "triple_candidates": 2979011,
      "witness_sha256": null
    },
    {
      "exit_code": 20,
      "exit_file_sha256": "5378796307535df3ec8d8b15a2e2dc5641419c3d3060cfe32238c0fa973f7aa3",
      "external_real_seconds": 294.44,
      "external_system_seconds": 0.15,
      "external_user_seconds": 292.44,
      "final_pool_candidates": 0,
      "maximum_resident_set_size_bytes": 1724293120,
      "pair_candidates": 32339473,
      "resource_log_sha256": "32374193301ada9088432e15eed857d221bc39035ce5c0316818d82649fcb6ad",
      "root_row_pair": 24,
      "roots_examined": 23439,
      "search_seconds": 283.838,
      "status": "COMPLETE_NO_WITNESS",
      "stdout_sha256": "60f0591d18d7ce4a6b6592f8502d8f12f38808e563648a55212d670fd608d657",
      "triple_candidates": 1867810,
      "witness_sha256": null
    },
    {
      "exit_code": 20,
      "exit_file_sha256": "5378796307535df3ec8d8b15a2e2dc5641419c3d3060cfe32238c0fa973f7aa3",
      "external_real_seconds": 245.73,
      "external_system_seconds": 0.18,
      "external_user_seconds": 243.9,
      "final_pool_candidates": 0,
      "maximum_resident_set_size_bytes": 1723244544,
      "pair_candidates": 23745058,
      "resource_log_sha256": "395cacc648c2ec050b1bdb67c7183d3e2dc25f05392ce6bccea2bf437a062bd5",
      "root_row_pair": 25,
      "roots_examined": 15337,
      "search_seconds": 235.247,
      "status": "COMPLETE_NO_WITNESS",
      "stdout_sha256": "64841b1dbf5d9e25a0bf896dfd733cee289d0990a402e2f1b0b1b4f227f6363a",
      "triple_candidates": 1713095,
      "witness_sha256": null
    },
    {
      "exit_code": 20,
      "exit_file_sha256": "5378796307535df3ec8d8b15a2e2dc5641419c3d3060cfe32238c0fa973f7aa3",
      "external_real_seconds": 243.64,
      "external_system_seconds": 0.2,
      "external_user_seconds": 241.73,
      "final_pool_candidates": 0,
      "maximum_resident_set_size_bytes": 1723211776,
      "pair_candidates": 22570263,
      "resource_log_sha256": "034c34f14b9522ee3a5c13151fd75a6852bd0c812c021bfe0df5a721829d35cb",
      "root_row_pair": 26,
      "roots_examined": 14207,
      "search_seconds": 233.062,
      "status": "COMPLETE_NO_WITNESS",
      "stdout_sha256": "20610ac286bb811e4985e90ba4073479e07538eeed12b1333111c1fdd4281447",
      "triple_candidates": 1541170,
      "witness_sha256": null
    },
    {
      "exit_code": 20,
      "exit_file_sha256": "5378796307535df3ec8d8b15a2e2dc5641419c3d3060cfe32238c0fa973f7aa3",
      "external_real_seconds": 352.66,
      "external_system_seconds": 0.2,
      "external_user_seconds": 349.83,
      "final_pool_candidates": 0,
      "maximum_resident_set_size_bytes": 1724293120,
      "pair_candidates": 55826586,
      "resource_log_sha256": "cc5311a5ad1965a5af46cc7a21011a5cca8ca4cac1f79fce8bd8c71ec4073383",
      "root_row_pair": 27,
      "roots_examined": 71852,
      "search_seconds": 341.944,
      "status": "COMPLETE_NO_WITNESS",
      "stdout_sha256": "6a2674d783d421983a10d478958fdd404cea431cf3eac71e1a6bdd646c182195",
      "triple_candidates": 1298459,
      "witness_sha256": null
    },
    {
      "exit_code": 20,
      "exit_file_sha256": "5378796307535df3ec8d8b15a2e2dc5641419c3d3060cfe32238c0fa973f7aa3",
      "external_real_seconds": 256.83,
      "external_system_seconds": 0.17,
      "external_user_seconds": 254.79,
      "final_pool_candidates": 0,
      "maximum_resident_set_size_bytes": 1723641856,
      "pair_candidates": 39817045,
      "resource_log_sha256": "f6a28cd977c76e56fedd59b9bf928457edc74ff17f2046e09225ef6d91d9a64a",
      "root_row_pair": 28,
      "roots_examined": 41689,
      "search_seconds": 246.204,
      "status": "COMPLETE_NO_WITNESS",
      "stdout_sha256": "4e7abf20965e1d6ba555d6d505cca4c8220acf23f47ceb0e27271ec16efd030d",
      "triple_candidates": 1025706,
      "witness_sha256": null
    },
    {
      "exit_code": 20,
      "exit_file_sha256": "5378796307535df3ec8d8b15a2e2dc5641419c3d3060cfe32238c0fa973f7aa3",
      "external_real_seconds": 335.32,
      "external_system_seconds": 0.2,
      "external_user_seconds": 332.74,
      "final_pool_candidates": 0,
      "maximum_resident_set_size_bytes": 1723645952,
      "pair_candidates": 53122289,
      "resource_log_sha256": "601466e468c5498882205087094e7e6e9a417d2b7d306241c664fbe65ceb6043",
      "root_row_pair": 29,
      "roots_examined": 70127,
      "search_seconds": 323.593,
      "status": "COMPLETE_NO_WITNESS",
      "stdout_sha256": "558a252629a36bf736b5da9ff96a76999e9ca03288d220654e98ddcbf5ce4ab4",
      "triple_candidates": 1238844,
      "witness_sha256": null
    },
    {
      "exit_code": 20,
      "exit_file_sha256": "5378796307535df3ec8d8b15a2e2dc5641419c3d3060cfe32238c0fa973f7aa3",
      "external_real_seconds": 243.13,
      "external_system_seconds": 0.22,
      "external_user_seconds": 240.73,
      "final_pool_candidates": 0,
      "maximum_resident_set_size_bytes": 1723645952,
      "pair_candidates": 33030696,
      "resource_log_sha256": "ae47193884e040d751974522648ea540725a810bdde371045bff260f111e8963",
      "root_row_pair": 30,
      "roots_examined": 29077,
      "search_seconds": 230.974,
      "status": "COMPLETE_NO_WITNESS",
      "stdout_sha256": "56858f40d09228e247bf8122e9882a2ff3d47c9fd3c4e1006e0d767003cd8792",
      "triple_candidates": 1151759,
      "witness_sha256": null
    },
    {
      "exit_code": 20,
      "exit_file_sha256": "5378796307535df3ec8d8b15a2e2dc5641419c3d3060cfe32238c0fa973f7aa3",
      "external_real_seconds": 281.54,
      "external_system_seconds": 0.2,
      "external_user_seconds": 279.44,
      "final_pool_candidates": 0,
      "maximum_resident_set_size_bytes": 1723641856,
      "pair_candidates": 37856457,
      "resource_log_sha256": "3fc9f88bcc5b3fddf29db669a0ae757ef87bd982ccb9ac88a5903837f516492d",
      "root_row_pair": 31,
      "roots_examined": 31163,
      "search_seconds": 269.602,
      "status": "COMPLETE_NO_WITNESS",
      "stdout_sha256": "c22de62d709fc9c1a5857ee4e598291e55d58a5156a66eb439e2bea410f5032b",
      "triple_candidates": 1391583,
      "witness_sha256": null
    },
    {
      "exit_code": 20,
      "exit_file_sha256": "5378796307535df3ec8d8b15a2e2dc5641419c3d3060cfe32238c0fa973f7aa3",
      "external_real_seconds": 119.12,
      "external_system_seconds": 0.2,
      "external_user_seconds": 118.13,
      "final_pool_candidates": 0,
      "maximum_resident_set_size_bytes": 1722593280,
      "pair_candidates": 13780520,
      "resource_log_sha256": "98155c2345390a804aa8f2503517f66adbf5df06b973d02e4f11179fc9151bcf",
      "root_row_pair": 32,
      "roots_examined": 10879,
      "search_seconds": 107.164,
      "status": "COMPLETE_NO_WITNESS",
      "stdout_sha256": "84589e577d8a7cbd9831bf635e653ce6cef736a38a4c4caf70c290f46f98eda5",
      "triple_candidates": 593772,
      "witness_sha256": null
    },
    {
      "exit_code": 20,
      "exit_file_sha256": "5378796307535df3ec8d8b15a2e2dc5641419c3d3060cfe32238c0fa973f7aa3",
      "external_real_seconds": 211.34,
      "external_system_seconds": 0.21,
      "external_user_seconds": 209.32,
      "final_pool_candidates": 0,
      "maximum_resident_set_size_bytes": 1724616704,
      "pair_candidates": 24846668,
      "resource_log_sha256": "588bd26514643f3eeecfd0680e9b3f55736a64022c9660bdbb9e0230e271a03d",
      "root_row_pair": 33,
      "roots_examined": 18599,
      "search_seconds": 199.246,
      "status": "COMPLETE_NO_WITNESS",
      "stdout_sha256": "5d8241c42ac95e6695a9ae596d7983c94b957eed9544a2177e7aef76524c07de",
      "triple_candidates": 1071663,
      "witness_sha256": null
    },
    {
      "exit_code": 20,
      "exit_file_sha256": "5378796307535df3ec8d8b15a2e2dc5641419c3d3060cfe32238c0fa973f7aa3",
      "external_real_seconds": 275.35,
      "external_system_seconds": 0.19,
      "external_user_seconds": 270.55,
      "final_pool_candidates": 0,
      "maximum_resident_set_size_bytes": 1723645952,
      "pair_candidates": 53476688,
      "resource_log_sha256": "64ab1ffff883e73b89dcc8db8a48be4943dfaa013e9fd592d1ee5f84d5f94b41",
      "root_row_pair": 34,
      "roots_examined": 130678,
      "search_seconds": 263.153,
      "status": "COMPLETE_NO_WITNESS",
      "stdout_sha256": "5ef3451d9178fa65f3cbd5013d087ecdc3bbf0ef44b6e1eff9b12a6c70b06076",
      "triple_candidates": 441205,
      "witness_sha256": null
    },
    {
      "exit_code": 20,
      "exit_file_sha256": "5378796307535df3ec8d8b15a2e2dc5641419c3d3060cfe32238c0fa973f7aa3",
      "external_real_seconds": 281.52,
      "external_system_seconds": 0.19,
      "external_user_seconds": 279.34,
      "final_pool_candidates": 0,
      "maximum_resident_set_size_bytes": 1723441152,
      "pair_candidates": 52146291,
      "resource_log_sha256": "b93b2ab099cc2f19fee4d45b4ceeb1d703413c90e1e3be512e3c69275c0a6f48",
      "root_row_pair": 35,
      "roots_examined": 178796,
      "search_seconds": 269.106,
      "status": "COMPLETE_NO_WITNESS",
      "stdout_sha256": "1bfc4b9933c249d1592bd52ec403127972f5e7097adff310530ffd4f0c406567",
      "triple_candidates": 399915,
      "witness_sha256": null
    },
    {
      "exit_code": 20,
      "exit_file_sha256": "5378796307535df3ec8d8b15a2e2dc5641419c3d3060cfe32238c0fa973f7aa3",
      "external_real_seconds": 198.57,
      "external_system_seconds": 0.21,
      "external_user_seconds": 196.98,
      "final_pool_candidates": 0,
      "maximum_resident_set_size_bytes": 1723645952,
      "pair_candidates": 37932226,
      "resource_log_sha256": "21397cec70f0d2fc30f7e97b0ddfcc67d8ff6ad6abf47ee12173956bfa507c72",
      "root_row_pair": 36,
      "roots_examined": 73874,
      "search_seconds": 186.246,
      "status": "COMPLETE_NO_WITNESS",
      "stdout_sha256": "673143bbb02ae60fe05d51b5762432bf0c244abdb0cd7c1a6c869fe0fc10b5a6",
      "triple_candidates": 399550,
      "witness_sha256": null
    },
    {
      "exit_code": 20,
      "exit_file_sha256": "5378796307535df3ec8d8b15a2e2dc5641419c3d3060cfe32238c0fa973f7aa3",
      "external_real_seconds": 184.99,
      "external_system_seconds": 0.2,
      "external_user_seconds": 183.5,
      "final_pool_candidates": 0,
      "maximum_resident_set_size_bytes": 1723645952,
      "pair_candidates": 34698655,
      "resource_log_sha256": "7a4411ccc79b64813c73595e31d48e3b20e7d414b1b6d24bd731f61d291b7bd8",
      "root_row_pair": 37,
      "roots_examined": 62535,
      "search_seconds": 172.296,
      "status": "COMPLETE_NO_WITNESS",
      "stdout_sha256": "86d8f19199c87b5ab643cd99117179e07cfb3a685b572902be745664fd5c3b9e",
      "triple_candidates": 390993,
      "witness_sha256": null
    },
    {
      "exit_code": 20,
      "exit_file_sha256": "5378796307535df3ec8d8b15a2e2dc5641419c3d3060cfe32238c0fa973f7aa3",
      "external_real_seconds": 172.27,
      "external_system_seconds": 0.22,
      "external_user_seconds": 170.16,
      "final_pool_candidates": 0,
      "maximum_resident_set_size_bytes": 1723273216,
      "pair_candidates": 29844738,
      "resource_log_sha256": "7284f32262392f5ff720302e2798478b0612b70715a61ddfb9a50e0327075592",
      "root_row_pair": 38,
      "roots_examined": 46050,
      "search_seconds": 159.329,
      "status": "COMPLETE_NO_WITNESS",
      "stdout_sha256": "b348ed45a752a850cbbba0a6277fefe590b6ae0f24dc95fb754d2aec26c83e51",
      "triple_candidates": 495559,
      "witness_sha256": null
    },
    {
      "exit_code": 20,
      "exit_file_sha256": "5378796307535df3ec8d8b15a2e2dc5641419c3d3060cfe32238c0fa973f7aa3",
      "external_real_seconds": 147.04,
      "external_system_seconds": 0.2,
      "external_user_seconds": 145.81,
      "final_pool_candidates": 0,
      "maximum_resident_set_size_bytes": 1724289024,
      "pair_candidates": 25013823,
      "resource_log_sha256": "303f8c8b71ea35411e50c3e450f9946954e99f4aa8cadfaa140b5711df6dc144",
      "root_row_pair": 39,
      "roots_examined": 39294,
      "search_seconds": 134.83,
      "status": "COMPLETE_NO_WITNESS",
      "stdout_sha256": "af47f031009b9430e60fa098b56d847c3bdac65da2f3395fb38e15a8bd663000",
      "triple_candidates": 347966,
      "witness_sha256": null
    },
    {
      "exit_code": 20,
      "exit_file_sha256": "5378796307535df3ec8d8b15a2e2dc5641419c3d3060cfe32238c0fa973f7aa3",
      "external_real_seconds": 89.17,
      "external_system_seconds": 0.21,
      "external_user_seconds": 88.36,
      "final_pool_candidates": 0,
      "maximum_resident_set_size_bytes": 1723764736,
      "pair_candidates": 14956276,
      "resource_log_sha256": "cd52ab0874ca2afb1251455e14cbf36eb49ed1f9b96c22a2ee0355f5cbf6b98e",
      "root_row_pair": 40,
      "roots_examined": 130231,
      "search_seconds": 76.9383,
      "status": "COMPLETE_NO_WITNESS",
      "stdout_sha256": "dcc16ca2c1b301b8cad331b97c35145a06e3dc4aa6720754ffa771508a5f4dce",
      "triple_candidates": 27598,
      "witness_sha256": null
    },
    {
      "exit_code": 20,
      "exit_file_sha256": "5378796307535df3ec8d8b15a2e2dc5641419c3d3060cfe32238c0fa973f7aa3",
      "external_real_seconds": 56.76,
      "external_system_seconds": 0.22,
      "external_user_seconds": 56.15,
      "final_pool_candidates": 0,
      "maximum_resident_set_size_bytes": 1724616704,
      "pair_candidates": 10006951,
      "resource_log_sha256": "d75a8b05eb0de4155cc6d1526602e2a66b196313758b22f718124b5d33be0937",
      "root_row_pair": 41,
      "roots_examined": 44308,
      "search_seconds": 44.4457,
      "status": "COMPLETE_NO_WITNESS",
      "stdout_sha256": "386faa5c97b6c9474e9a3ba260851e11254a3aa0ebfe6cb096d87407d68f3013",
      "triple_candidates": 24746,
      "witness_sha256": null
    },
    {
      "exit_code": 20,
      "exit_file_sha256": "5378796307535df3ec8d8b15a2e2dc5641419c3d3060cfe32238c0fa973f7aa3",
      "external_real_seconds": 69.61,
      "external_system_seconds": 0.22,
      "external_user_seconds": 68.87,
      "final_pool_candidates": 0,
      "maximum_resident_set_size_bytes": 1723641856,
      "pair_candidates": 11881823,
      "resource_log_sha256": "1067c62338d3703f1cc525ebe04ce950f040f4154284b676d352ced59b3eb31a",
      "root_row_pair": 42,
      "roots_examined": 44962,
      "search_seconds": 57.3234,
      "status": "COMPLETE_NO_WITNESS",
      "stdout_sha256": "decb327766b82e5c94c795b541fbb1ae8cc2277a7a159447e76ec13ec1cef36b",
      "triple_candidates": 30768,
      "witness_sha256": null
    },
    {
      "exit_code": 20,
      "exit_file_sha256": "5378796307535df3ec8d8b15a2e2dc5641419c3d3060cfe32238c0fa973f7aa3",
      "external_real_seconds": 44.74,
      "external_system_seconds": 0.22,
      "external_user_seconds": 43.65,
      "final_pool_candidates": 0,
      "maximum_resident_set_size_bytes": 1723641856,
      "pair_candidates": 6905816,
      "resource_log_sha256": "a55becdd469e6dd709b69b89a2f42da52a607669253dce573792360068e8699d",
      "root_row_pair": 43,
      "roots_examined": 21833,
      "search_seconds": 32.4975,
      "status": "COMPLETE_NO_WITNESS",
      "stdout_sha256": "110237f8b9b1fd8c9161a11b1f43551ca83b14d43c050e223bbef5a826787cfa",
      "triple_candidates": 26505,
      "witness_sha256": null
    },
    {
      "exit_code": 20,
      "exit_file_sha256": "5378796307535df3ec8d8b15a2e2dc5641419c3d3060cfe32238c0fa973f7aa3",
      "external_real_seconds": 55.18,
      "external_system_seconds": 0.22,
      "external_user_seconds": 54.58,
      "final_pool_candidates": 0,
      "maximum_resident_set_size_bytes": 1723645952,
      "pair_candidates": 9346859,
      "resource_log_sha256": "6ee105ba6e21755956a3a52f348b1d8754ce600d06dc5fa6926346d3500d0af3",
      "root_row_pair": 44,
      "roots_examined": 29168,
      "search_seconds": 42.9449,
      "status": "COMPLETE_NO_WITNESS",
      "stdout_sha256": "88f4c6307b18f44e533338c14a6bfc4dd9aa2c2cc2a7b048ba80dd5836b1c06e",
      "triple_candidates": 31681,
      "witness_sha256": null
    },
    {
      "exit_code": 20,
      "exit_file_sha256": "5378796307535df3ec8d8b15a2e2dc5641419c3d3060cfe32238c0fa973f7aa3",
      "external_real_seconds": 26.53,
      "external_system_seconds": 0.21,
      "external_user_seconds": 25.8,
      "final_pool_candidates": 0,
      "maximum_resident_set_size_bytes": 1723613184,
      "pair_candidates": 3004363,
      "resource_log_sha256": "10ced8107a4204077e9186630965d455f533f9ea0bf4ecc297bcb9080174f426",
      "root_row_pair": 45,
      "roots_examined": 78211,
      "search_seconds": 13.3046,
      "status": "COMPLETE_NO_WITNESS",
      "stdout_sha256": "43d945c886ce94311ee8b2a16756416a720387fee778ebf2251e0befab1277d2",
      "triple_candidates": 0,
      "witness_sha256": null
    },
    {
      "exit_code": 20,
      "exit_file_sha256": "5378796307535df3ec8d8b15a2e2dc5641419c3d3060cfe32238c0fa973f7aa3",
      "external_real_seconds": 24.58,
      "external_system_seconds": 0.24,
      "external_user_seconds": 24.16,
      "final_pool_candidates": 0,
      "maximum_resident_set_size_bytes": 1724612608,
      "pair_candidates": 2442489,
      "resource_log_sha256": "a0387be4911202f641ddce972388e0bf019067c35ab864952e1031a36c59d50d",
      "root_row_pair": 46,
      "roots_examined": 59156,
      "search_seconds": 12.3027,
      "status": "COMPLETE_NO_WITNESS",
      "stdout_sha256": "17e2f997149077a254996c6b61068528519b6748cb3fc8c5bd94950ca6d82ac2",
      "triple_candidates": 0,
      "witness_sha256": null
    },
    {
      "exit_code": 20,
      "exit_file_sha256": "5378796307535df3ec8d8b15a2e2dc5641419c3d3060cfe32238c0fa973f7aa3",
      "external_real_seconds": 24.6,
      "external_system_seconds": 0.19,
      "external_user_seconds": 24.22,
      "final_pool_candidates": 0,
      "maximum_resident_set_size_bytes": 1723645952,
      "pair_candidates": 2298602,
      "resource_log_sha256": "974ed763c5912cf1a636c7d092703d33adbbf8dd7a8a5c2763deac6868e24db6",
      "root_row_pair": 47,
      "roots_examined": 34824,
      "search_seconds": 12.3827,
      "status": "COMPLETE_NO_WITNESS",
      "stdout_sha256": "49b42324e72341b104081f8d0b6d96b850332a2f2140acf540170518c6a2251f",
      "triple_candidates": 0,
      "witness_sha256": null
    },
    {
      "exit_code": 20,
      "exit_file_sha256": "5378796307535df3ec8d8b15a2e2dc5641419c3d3060cfe32238c0fa973f7aa3",
      "external_real_seconds": 25.67,
      "external_system_seconds": 0.21,
      "external_user_seconds": 25.29,
      "final_pool_candidates": 0,
      "maximum_resident_set_size_bytes": 1723641856,
      "pair_candidates": 2438306,
      "resource_log_sha256": "84218f6111bc5ec29aef496269d27b856fa8377d0dd6bfb793bc72168166255e",
      "root_row_pair": 48,
      "roots_examined": 39683,
      "search_seconds": 13.6014,
      "status": "COMPLETE_NO_WITNESS",
      "stdout_sha256": "aae7252f2e942afe5faf289cdb28310363b26ff00371d720c6a789656fd81491",
      "triple_candidates": 0,
      "witness_sha256": null
    },
    {
      "exit_code": 20,
      "exit_file_sha256": "5378796307535df3ec8d8b15a2e2dc5641419c3d3060cfe32238c0fa973f7aa3",
      "external_real_seconds": 13.47,
      "external_system_seconds": 0.25,
      "external_user_seconds": 13.12,
      "final_pool_candidates": 0,
      "maximum_resident_set_size_bytes": 1723641856,
      "pair_candidates": 243583,
      "resource_log_sha256": "404fd4822c533814c9ed67a728084a180cef043189a49c69b1cbe225ece6efcc",
      "root_row_pair": 49,
      "roots_examined": 25822,
      "search_seconds": 1.35276,
      "status": "COMPLETE_NO_WITNESS",
      "stdout_sha256": "2f7d2ff933328fd613cc12d87fec278ba903e48fd0b84328cbcc1976767120af",
      "triple_candidates": 0,
      "witness_sha256": null
    },
    {
      "exit_code": 20,
      "exit_file_sha256": "5378796307535df3ec8d8b15a2e2dc5641419c3d3060cfe32238c0fa973f7aa3",
      "external_real_seconds": 12.98,
      "external_system_seconds": 0.21,
      "external_user_seconds": 12.69,
      "final_pool_candidates": 0,
      "maximum_resident_set_size_bytes": 1724293120,
      "pair_candidates": 176823,
      "resource_log_sha256": "baf05c82c54a10278ec8e691a6440f5c336234dc7b153fbd2eba19277818569d",
      "root_row_pair": 50,
      "roots_examined": 11583,
      "search_seconds": 0.909197,
      "status": "COMPLETE_NO_WITNESS",
      "stdout_sha256": "9875799eeeab5c54819f65857da2eb893ac4f31a86db9a909fa439220cf2f64e",
      "triple_candidates": 0,
      "witness_sha256": null
    },
    {
      "exit_code": 20,
      "exit_file_sha256": "5378796307535df3ec8d8b15a2e2dc5641419c3d3060cfe32238c0fa973f7aa3",
      "external_real_seconds": 13.28,
      "external_system_seconds": 0.18,
      "external_user_seconds": 13.01,
      "final_pool_candidates": 0,
      "maximum_resident_set_size_bytes": 1723240448,
      "pair_candidates": 203496,
      "resource_log_sha256": "0b7fc04bc21794429372ed35203e4bc2a4727f89451b7f2701b04ca14819a38f",
      "root_row_pair": 51,
      "roots_examined": 14086,
      "search_seconds": 1.22057,
      "status": "COMPLETE_NO_WITNESS",
      "stdout_sha256": "706dcfeeaff56ed82541f1565cc489cf18e08bdd0ec314970e1c63fabec010a4",
      "triple_candidates": 0,
      "witness_sha256": null
    },
    {
      "exit_code": 20,
      "exit_file_sha256": "5378796307535df3ec8d8b15a2e2dc5641419c3d3060cfe32238c0fa973f7aa3",
      "external_real_seconds": 15.62,
      "external_system_seconds": 0.19,
      "external_user_seconds": 12.56,
      "final_pool_candidates": 0,
      "maximum_resident_set_size_bytes": 1724293120,
      "pair_candidates": 0,
      "resource_log_sha256": "0e546bc9800183df11265ce6ebb8ca50860d98076b0afd0e241e9aefea3dc333",
      "root_row_pair": 52,
      "roots_examined": 10598,
      "search_seconds": 0.308367,
      "status": "COMPLETE_NO_WITNESS",
      "stdout_sha256": "14feea34e8c05d07aa98b998fcb1f0a47446081fbfef8d9bc8f00ab4729639c8",
      "triple_candidates": 0,
      "witness_sha256": null
    },
    {
      "exit_code": 20,
      "exit_file_sha256": "5378796307535df3ec8d8b15a2e2dc5641419c3d3060cfe32238c0fa973f7aa3",
      "external_real_seconds": 12.46,
      "external_system_seconds": 0.2,
      "external_user_seconds": 12.18,
      "final_pool_candidates": 0,
      "maximum_resident_set_size_bytes": 1723731968,
      "pair_candidates": 0,
      "resource_log_sha256": "17120ca36242e3395ffaaabd7228f734fe314dfcaeab2f7e267097c1aaf35eea",
      "root_row_pair": 53,
      "roots_examined": 11693,
      "search_seconds": 0.418125,
      "status": "COMPLETE_NO_WITNESS",
      "stdout_sha256": "273828df755606c5ca9dc430f37456ba5e6e9f522b0a03392704b8b9d9514b90",
      "triple_candidates": 0,
      "witness_sha256": null
    },
    {
      "exit_code": 20,
      "exit_file_sha256": "5378796307535df3ec8d8b15a2e2dc5641419c3d3060cfe32238c0fa973f7aa3",
      "external_real_seconds": 13.07,
      "external_system_seconds": 0.16,
      "external_user_seconds": 12.82,
      "final_pool_candidates": 0,
      "maximum_resident_set_size_bytes": 1724612608,
      "pair_candidates": 0,
      "resource_log_sha256": "c744d7db5f188ba071d3e753b89aec10dbe5e2e2ac998bebd9e6a546edd61f51",
      "root_row_pair": 54,
      "roots_examined": 7158,
      "search_seconds": 0.192162,
      "status": "COMPLETE_NO_WITNESS",
      "stdout_sha256": "92a1a8af690d4e131af63798ebe9b3bb46bb885789baf56c90f64995786731fc",
      "triple_candidates": 0,
      "witness_sha256": null
    }
  ],
  "shards": 55,
  "status": "PASS",
  "status_histogram": {
    "COMPLETE_NO_WITNESS": 55
  },
  "sum_search_seconds": 13155.873380999994,
  "witnesses": []
}
