{
  "aggregate": {
    "final_pool_candidates": 0,
    "final_pools_built": 31811894,
    "pair_candidates": 908328471,
    "pair_pools_built": 1560779,
    "roots_examined": 1560779,
    "triple_candidates": 31811894,
    "triple_pools_built": 908328471
  },
  "anchor_hex": "0028280095011004142000a48102110",
  "candidate_count": 1560779,
  "catalogue": "/data/home/ahw807/Q10_HPC_HANDOFF_PACKAGE/runs/rep7_catalogue/all_masks.hex",
  "catalogue_recorded_path": "/data/home/ahw807/Q10_HPC_HANDOFF_PACKAGE/runs/rep7_catalogue/all_masks.hex",
  "catalogue_sha256": "b497fb117d51107f8febd087af2c0539a97f0972e08291b30d308b16359df17c",
  "claim_boundary": "catalogue completeness must be established by its separate exhaustive enumeration audit",
  "exit_code_histogram": {
    "20": 55
  },
  "join_binary_recorded_path": "/tmp/q10-rep7-26188912/capset_join",
  "join_binary_sha256": "2247456f9f199952d236d87f6ec80ec5f30cecbde9f7c11119a96304f2e4f52d",
  "mathematical_status": "UNSAT_RELATIVE_TO_COMPLETE_CAP_CATALOGUE",
  "maximum_shard_search_seconds": 377.264,
  "resources": {
    "makespan_seconds_runmeta_to_last_stdout_mtime": 492.0525517463684,
    "maximum_resident_set_size_bytes": 1386237952,
    "measurement_note": "resource sums are over 55 BSD /usr/bin/time -l shard records; makespan is filesystem-mtime derived and operational, not proof evidence",
    "sum_external_real_seconds": 7112.220000000002,
    "sum_external_system_seconds": 11.930000000000003,
    "sum_external_user_seconds": 7050.239999999998
  },
  "run_metadata_sha256": "09aafd8176f9a18c3605988602473b90e56b49e3651f181ad3c70decdf89d07a",
  "shard_ledger": [
    {
      "exit_code": 20,
      "exit_file_sha256": "5378796307535df3ec8d8b15a2e2dc5641419c3d3060cfe32238c0fa973f7aa3",
      "external_real_seconds": 161.26,
      "external_system_seconds": 0.34,
      "external_user_seconds": 159.56,
      "final_pool_candidates": 0,
      "maximum_resident_set_size_bytes": 1385721856,
      "pair_candidates": 12156361,
      "resource_log_sha256": "c5b224a2cac47accda1dc04d78cb692467212f1f931acdbf1c8369ce394af857",
      "root_row_pair": 0,
      "roots_examined": 6814,
      "search_seconds": 151.811,
      "status": "COMPLETE_NO_WITNESS",
      "stdout_sha256": "fa8dadb1aeedd286d3d3787212b88cfdef9922f15891b3e4ae5e7e04a0ec0a48",
      "triple_candidates": 1013550,
      "witness_sha256": null
    },
    {
      "exit_code": 20,
      "exit_file_sha256": "5378796307535df3ec8d8b15a2e2dc5641419c3d3060cfe32238c0fa973f7aa3",
      "external_real_seconds": 188.76,
      "external_system_seconds": 0.2,
      "external_user_seconds": 187.04,
      "final_pool_candidates": 0,
      "maximum_resident_set_size_bytes": 1383104512,
      "pair_candidates": 16396406,
      "resource_log_sha256": "1311493e853f05ee998f347a0fb8a31f8833003a3980fc53ffa77a9612734070",
      "root_row_pair": 1,
      "roots_examined": 10271,
      "search_seconds": 179.646,
      "status": "COMPLETE_NO_WITNESS",
      "stdout_sha256": "c8c661f43fe363107337c848fde64f482705aaa3d3eaeada6e499d35c6ef61c3",
      "triple_candidates": 1087766,
      "witness_sha256": null
    },
    {
      "exit_code": 20,
      "exit_file_sha256": "5378796307535df3ec8d8b15a2e2dc5641419c3d3060cfe32238c0fa973f7aa3",
      "external_real_seconds": 235.27,
      "external_system_seconds": 0.42,
      "external_user_seconds": 232.9,
      "final_pool_candidates": 0,
      "maximum_resident_set_size_bytes": 1381535744,
      "pair_candidates": 20430253,
      "resource_log_sha256": "db7c980cba639491df36712497768d281ec8e031c556927815714759c03e7875",
      "root_row_pair": 2,
      "roots_examined": 12617,
      "search_seconds": 225.77,
      "status": "COMPLETE_NO_WITNESS",
      "stdout_sha256": "805eb8774926b425ccebd3cd84516985697c2e1d995e93dcb80cda40e45b0e40",
      "triple_candidates": 1351108,
      "witness_sha256": null
    },
    {
      "exit_code": 20,
      "exit_file_sha256": "5378796307535df3ec8d8b15a2e2dc5641419c3d3060cfe32238c0fa973f7aa3",
      "external_real_seconds": 380.22,
      "external_system_seconds": 0.3,
      "external_user_seconds": 377.43,
      "final_pool_candidates": 0,
      "maximum_resident_set_size_bytes": 1384112128,
      "pair_candidates": 40083268,
      "resource_log_sha256": "e01a5ccb52546f5e784eeb20fd1f55448260973e7ec74f95c4500a0b42ad4462",
      "root_row_pair": 3,
      "roots_examined": 32172,
      "search_seconds": 370.785,
      "status": "COMPLETE_NO_WITNESS",
      "stdout_sha256": "7899bd13abd0c774e50fa8ee0a118524d58452a296fc3f7abe8e5d5f6430e233",
      "triple_candidates": 2027187,
      "witness_sha256": null
    },
    {
      "exit_code": 20,
      "exit_file_sha256": "5378796307535df3ec8d8b15a2e2dc5641419c3d3060cfe32238c0fa973f7aa3",
      "external_real_seconds": 353.96,
      "external_system_seconds": 0.42,
      "external_user_seconds": 351.08,
      "final_pool_candidates": 0,
      "maximum_resident_set_size_bytes": 1385197568,
      "pair_candidates": 35434779,
      "resource_log_sha256": "6631d815ee18faad5011fb7726ca8da60cff890be7aee413311a2b70e0e77726",
      "root_row_pair": 4,
      "roots_examined": 24988,
      "search_seconds": 344.499,
      "status": "COMPLETE_NO_WITNESS",
      "stdout_sha256": "4411a4a3caa41f868d95843dff8ef2f4532a80671b9c3dffddf79fa6bff1c42f",
      "triple_candidates": 2007544,
      "witness_sha256": null
    },
    {
      "exit_code": 20,
      "exit_file_sha256": "5378796307535df3ec8d8b15a2e2dc5641419c3d3060cfe32238c0fa973f7aa3",
      "external_real_seconds": 386.76,
      "external_system_seconds": 0.33,
      "external_user_seconds": 383.69,
      "final_pool_candidates": 0,
      "maximum_resident_set_size_bytes": 1385848832,
      "pair_candidates": 43248930,
      "resource_log_sha256": "a7393adaecd97837a7417a64b0643593b0c2931cb116a9a3e65c58a3179a4105",
      "root_row_pair": 5,
      "roots_examined": 39321,
      "search_seconds": 377.264,
      "status": "COMPLETE_NO_WITNESS",
      "stdout_sha256": "1f23caad9a776b0df93a0caae94e5b7aa2649d34a8235aad07a7284c99d2d23b",
      "triple_candidates": 2166080,
      "witness_sha256": null
    },
    {
      "exit_code": 20,
      "exit_file_sha256": "5378796307535df3ec8d8b15a2e2dc5641419c3d3060cfe32238c0fa973f7aa3",
      "external_real_seconds": 280.81,
      "external_system_seconds": 0.29,
      "external_user_seconds": 278.33,
      "final_pool_candidates": 0,
      "maximum_resident_set_size_bytes": 1381138432,
      "pair_candidates": 26943915,
      "resource_log_sha256": "c780c3157a11a249da1a7c37e5c53a85dcddeb23d4e309985ead19e8f79f641a",
      "root_row_pair": 6,
      "roots_examined": 17437,
      "search_seconds": 270.266,
      "status": "COMPLETE_NO_WITNESS",
      "stdout_sha256": "3542d556ee85514687dcf290f5e735140ca3b23d6acdbdc020da0e36d3663534",
      "triple_candidates": 1803862,
      "witness_sha256": null
    },
    {
      "exit_code": 20,
      "exit_file_sha256": "5378796307535df3ec8d8b15a2e2dc5641419c3d3060cfe32238c0fa973f7aa3",
      "external_real_seconds": 195.24,
      "external_system_seconds": 0.36,
      "external_user_seconds": 193.27,
      "final_pool_candidates": 0,
      "maximum_resident_set_size_bytes": 1384140800,
      "pair_candidates": 16817144,
      "resource_log_sha256": "3086897c44d1143952fa1e07099a531860d746bf7ef75248f4a40abc586b9b28",
      "root_row_pair": 7,
      "roots_examined": 10470,
      "search_seconds": 185.82,
      "status": "COMPLETE_NO_WITNESS",
      "stdout_sha256": "fb05a8459318929b2ee41422c0fc8d1e614c8771fd4eb41b88333ef0cd240c11",
      "triple_candidates": 1120457,
      "witness_sha256": null
    },
    {
      "exit_code": 20,
      "exit_file_sha256": "5378796307535df3ec8d8b15a2e2dc5641419c3d3060cfe32238c0fa973f7aa3",
      "external_real_seconds": 149.22,
      "external_system_seconds": 0.27,
      "external_user_seconds": 147.6,
      "final_pool_candidates": 0,
      "maximum_resident_set_size_bytes": 1385267200,
      "pair_candidates": 11421623,
      "resource_log_sha256": "78b22de7f7b1edb3b16dbb11f09da2914c3de497af0926efba64f6a79dbd6e18",
      "root_row_pair": 8,
      "roots_examined": 6402,
      "search_seconds": 138.548,
      "status": "COMPLETE_NO_WITNESS",
      "stdout_sha256": "f3ebc51dd79a71e75631aaca5fcf98abc8b596760f7c973a4fa602e9ad5ab8ab",
      "triple_candidates": 858003,
      "witness_sha256": null
    },
    {
      "exit_code": 20,
      "exit_file_sha256": "5378796307535df3ec8d8b15a2e2dc5641419c3d3060cfe32238c0fa973f7aa3",
      "external_real_seconds": 149.13,
      "external_system_seconds": 0.24,
      "external_user_seconds": 147.51,
      "final_pool_candidates": 0,
      "maximum_resident_set_size_bytes": 1384206336,
      "pair_candidates": 11360270,
      "resource_log_sha256": "7ea325572a24db9b381150f6d6e8affd60b607bb9bff65fda29a3866c5a43441",
      "root_row_pair": 9,
      "roots_examined": 6426,
      "search_seconds": 138.438,
      "status": "COMPLETE_NO_WITNESS",
      "stdout_sha256": "1535d7770d760e4a96ce7203a4788d0a9126baca73f82d55c77e043d87d8db9e",
      "triple_candidates": 879661,
      "witness_sha256": null
    },
    {
      "exit_code": 20,
      "exit_file_sha256": "5378796307535df3ec8d8b15a2e2dc5641419c3d3060cfe32238c0fa973f7aa3",
      "external_real_seconds": 141.14,
      "external_system_seconds": 0.32,
      "external_user_seconds": 139.46,
      "final_pool_candidates": 0,
      "maximum_resident_set_size_bytes": 1384849408,
      "pair_candidates": 12817181,
      "resource_log_sha256": "22cabd0f76b7d412acabdcfb81a490e8d13634543821f211061b7a82e4175fc4",
      "root_row_pair": 10,
      "roots_examined": 9123,
      "search_seconds": 131.73,
      "status": "COMPLETE_NO_WITNESS",
      "stdout_sha256": "248dd90c19fc62396f60c1b0b24128a2785d071b5f6cff794d1de652bb0173f3",
      "triple_candidates": 702374,
      "witness_sha256": null
    },
    {
      "exit_code": 20,
      "exit_file_sha256": "5378796307535df3ec8d8b15a2e2dc5641419c3d3060cfe32238c0fa973f7aa3",
      "external_real_seconds": 129.34,
      "external_system_seconds": 0.32,
      "external_user_seconds": 127.77,
      "final_pool_candidates": 0,
      "maximum_resident_set_size_bytes": 1385910272,
      "pair_candidates": 12018721,
      "resource_log_sha256": "06c2f0c8eddfd882099cdd7ee4b1b2ab51712518bb1dd3e103f98eb1380193af",
      "root_row_pair": 11,
      "roots_examined": 8535,
      "search_seconds": 118.649,
      "status": "COMPLETE_NO_WITNESS",
      "stdout_sha256": "fb372bad09c31db25ddfadc540d184d8e5fe09b62b6306aa5f020a1c4f64bb0a",
      "triple_candidates": 641986,
      "witness_sha256": null
    },
    {
      "exit_code": 20,
      "exit_file_sha256": "5378796307535df3ec8d8b15a2e2dc5641419c3d3060cfe32238c0fa973f7aa3",
      "external_real_seconds": 242.75,
      "external_system_seconds": 0.31,
      "external_user_seconds": 240.55,
      "final_pool_candidates": 0,
      "maximum_resident_set_size_bytes": 1385517056,
      "pair_candidates": 27029777,
      "resource_log_sha256": "1caa53cfd15bd184b1fe319688084e04d7dec14d5cf5a18f6737555c7e6ea316",
      "root_row_pair": 12,
      "roots_examined": 26182,
      "search_seconds": 233.335,
      "status": "COMPLETE_NO_WITNESS",
      "stdout_sha256": "6bb04dc2411dcb053038054b0c7d9bcb9a690345ff5838ff9d2d9f0af2f2650c",
      "triple_candidates": 1103058,
      "witness_sha256": null
    },
    {
      "exit_code": 20,
      "exit_file_sha256": "5378796307535df3ec8d8b15a2e2dc5641419c3d3060cfe32238c0fa973f7aa3",
      "external_real_seconds": 187.1,
      "external_system_seconds": 0.29,
      "external_user_seconds": 185.3,
      "final_pool_candidates": 0,
      "maximum_resident_set_size_bytes": 1383747584,
      "pair_candidates": 20017710,
      "resource_log_sha256": "3a4e2a558f2e93369b781ac213d4b9f74e70a59a566dfeab00e49d61e775a658",
      "root_row_pair": 13,
      "roots_examined": 16624,
      "search_seconds": 177.68,
      "status": "COMPLETE_NO_WITNESS",
      "stdout_sha256": "17b7b7bacda6a7c2817c38b1185c4a18027a5670a24bf02012d7aa3e86f3dcc1",
      "triple_candidates": 894156,
      "witness_sha256": null
    },
    {
      "exit_code": 20,
      "exit_file_sha256": "5378796307535df3ec8d8b15a2e2dc5641419c3d3060cfe32238c0fa973f7aa3",
      "external_real_seconds": 353.13,
      "external_system_seconds": 0.36,
      "external_user_seconds": 350.35,
      "final_pool_candidates": 0,
      "maximum_resident_set_size_bytes": 1384071168,
      "pair_candidates": 42398367,
      "resource_log_sha256": "8519a97b60da12d6179597bda0a4e3702620a4375f9af72551bb2213c2444b37",
      "root_row_pair": 14,
      "roots_examined": 43296,
      "search_seconds": 343.72,
      "status": "COMPLETE_NO_WITNESS",
      "stdout_sha256": "bbf47ffc35639db17269f8aa4f51d02bb041776991cdd069b5be45cca2162c2e",
      "triple_candidates": 1742312,
      "witness_sha256": null
    },
    {
      "exit_code": 20,
      "exit_file_sha256": "5378796307535df3ec8d8b15a2e2dc5641419c3d3060cfe32238c0fa973f7aa3",
      "external_real_seconds": 130.16,
      "external_system_seconds": 0.4,
      "external_user_seconds": 128.44,
      "final_pool_candidates": 0,
      "maximum_resident_set_size_bytes": 1380962304,
      "pair_candidates": 12698368,
      "resource_log_sha256": "900e83d148df56dc26740820bc974720708678db72a197d6981677e73256c0de",
      "root_row_pair": 15,
      "roots_examined": 10147,
      "search_seconds": 120.657,
      "status": "COMPLETE_NO_WITNESS",
      "stdout_sha256": "2648d2607469b5adc6b6252a74762f32c5c9caac08e554cb07bcc0461640c497",
      "triple_candidates": 639114,
      "witness_sha256": null
    },
    {
      "exit_code": 20,
      "exit_file_sha256": "5378796307535df3ec8d8b15a2e2dc5641419c3d3060cfe32238c0fa973f7aa3",
      "external_real_seconds": 149.15,
      "external_system_seconds": 0.21,
      "external_user_seconds": 148.05,
      "final_pool_candidates": 0,
      "maximum_resident_set_size_bytes": 1383817216,
      "pair_candidates": 15662355,
      "resource_log_sha256": "db560e9bd33e4ce4dbadfe90726430015c69e036387216198adfb80bc72628e5",
      "root_row_pair": 16,
      "roots_examined": 10984,
      "search_seconds": 140.288,
      "status": "COMPLETE_NO_WITNESS",
      "stdout_sha256": "d8adad9408d20067fb4af70fae4b281343921b52dddba94551c78e882b36f074",
      "triple_candidates": 911834,
      "witness_sha256": null
    },
    {
      "exit_code": 20,
      "exit_file_sha256": "5378796307535df3ec8d8b15a2e2dc5641419c3d3060cfe32238c0fa973f7aa3",
      "external_real_seconds": 92.3,
      "external_system_seconds": 0.22,
      "external_user_seconds": 91.47,
      "final_pool_candidates": 0,
      "maximum_resident_set_size_bytes": 1385910272,
      "pair_candidates": 7488345,
      "resource_log_sha256": "c4808087323778190549e68ad670d8b2cdca840a3b148d7ea814d4f468b1e578",
      "root_row_pair": 17,
      "roots_examined": 4841,
      "search_seconds": 83.4102,
      "status": "COMPLETE_NO_WITNESS",
      "stdout_sha256": "f0f137f57233eec452ef0ae8ec75b48a6366a27fcdc30ae360ba206428eeb01c",
      "triple_candidates": 512604,
      "witness_sha256": null
    },
    {
      "exit_code": 20,
      "exit_file_sha256": "5378796307535df3ec8d8b15a2e2dc5641419c3d3060cfe32238c0fa973f7aa3",
      "external_real_seconds": 105.21,
      "external_system_seconds": 0.2,
      "external_user_seconds": 104.37,
      "final_pool_candidates": 0,
      "maximum_resident_set_size_bytes": 1384271872,
      "pair_candidates": 8798517,
      "resource_log_sha256": "670884a5b05e0fa7b885f73b9b8dd767f7c93653f49ada1951e1554f09c0938c",
      "root_row_pair": 18,
      "roots_examined": 5437,
      "search_seconds": 96.3677,
      "status": "COMPLETE_NO_WITNESS",
      "stdout_sha256": "d11546d0bb6deacd644c774ca792b60c45198a20b063e24ae8d32f4d528a7a09",
      "triple_candidates": 582748,
      "witness_sha256": null
    },
    {
      "exit_code": 20,
      "exit_file_sha256": "5378796307535df3ec8d8b15a2e2dc5641419c3d3060cfe32238c0fa973f7aa3",
      "external_real_seconds": 150.76,
      "external_system_seconds": 0.18,
      "external_user_seconds": 149.73,
      "final_pool_candidates": 0,
      "maximum_resident_set_size_bytes": 1383944192,
      "pair_candidates": 21090233,
      "resource_log_sha256": "fe2089595ce49eb6dfb3bffd5156b1e7b27503f78caae997397b0bb4efe9ae55",
      "root_row_pair": 19,
      "roots_examined": 18816,
      "search_seconds": 141.978,
      "status": "COMPLETE_NO_WITNESS",
      "stdout_sha256": "2afdb9d435d04e9530a783d724d7116b5e9854a4bc8dd305bf70a323d7a6fc5e",
      "triple_candidates": 691679,
      "witness_sha256": null
    },
    {
      "exit_code": 20,
      "exit_file_sha256": "5378796307535df3ec8d8b15a2e2dc5641419c3d3060cfe32238c0fa973f7aa3",
      "external_real_seconds": 214.47,
      "external_system_seconds": 0.21,
      "external_user_seconds": 213.06,
      "final_pool_candidates": 0,
      "maximum_resident_set_size_bytes": 1385914368,
      "pair_candidates": 33454025,
      "resource_log_sha256": "7550803aaf234e96a6e536b9e5a1bdc8678212e5215c38df442e0a34b108f3ea",
      "root_row_pair": 20,
      "roots_examined": 41823,
      "search_seconds": 205.64,
      "status": "COMPLETE_NO_WITNESS",
      "stdout_sha256": "1ef142601f72ff351b689dcf83c3e4aab96564c87d7d9304d77b2a07b226e894",
      "triple_candidates": 827774,
      "witness_sha256": null
    },
    {
      "exit_code": 20,
      "exit_file_sha256": "5378796307535df3ec8d8b15a2e2dc5641419c3d3060cfe32238c0fa973f7aa3",
      "external_real_seconds": 226.55,
      "external_system_seconds": 0.19,
      "external_user_seconds": 225.16,
      "final_pool_candidates": 0,
      "maximum_resident_set_size_bytes": 1383817216,
      "pair_candidates": 32890070,
      "resource_log_sha256": "bdcee7af03e508a0ebbd5e6dda8f2c2f7398b5b55d0d152b9221670f08997e27",
      "root_row_pair": 21,
      "roots_examined": 34931,
      "search_seconds": 217.728,
      "status": "COMPLETE_NO_WITNESS",
      "stdout_sha256": "c68fbe630a7f435f87160df1e698fde991b5821bd97d47876c2e8075726ef6f7",
      "triple_candidates": 956355,
      "witness_sha256": null
    },
    {
      "exit_code": 20,
      "exit_file_sha256": "5378796307535df3ec8d8b15a2e2dc5641419c3d3060cfe32238c0fa973f7aa3",
      "external_real_seconds": 257.89,
      "external_system_seconds": 0.18,
      "external_user_seconds": 256.31,
      "final_pool_candidates": 0,
      "maximum_resident_set_size_bytes": 1384140800,
      "pair_candidates": 41121153,
      "resource_log_sha256": "e47bf6bb2d700a3f3c513b1d78462df725efb7e62f843c39624239e229744dbf",
      "root_row_pair": 22,
      "roots_examined": 57175,
      "search_seconds": 249.366,
      "status": "COMPLETE_NO_WITNESS",
      "stdout_sha256": "c599397a5f6e7567117ef3b06cf1b3ddf7c961bff68ebbc19a00b7aa50ae3fd4",
      "triple_candidates": 983570,
      "witness_sha256": null
    },
    {
      "exit_code": 20,
      "exit_file_sha256": "5378796307535df3ec8d8b15a2e2dc5641419c3d3060cfe32238c0fa973f7aa3",
      "external_real_seconds": 198.07,
      "external_system_seconds": 0.16,
      "external_user_seconds": 196.82,
      "final_pool_candidates": 0,
      "maximum_resident_set_size_bytes": 1383817216,
      "pair_candidates": 28572720,
      "resource_log_sha256": "42b6d2b5375e2dd0386091e48131c3a1e5466aa3f701cb426049e36084a8d08f",
      "root_row_pair": 23,
      "roots_examined": 27218,
      "search_seconds": 189.649,
      "status": "COMPLETE_NO_WITNESS",
      "stdout_sha256": "0735cfd8dd80cb2901aa6653ba3e66c7896bfcecf03035b3dce7bea6b59ca7b4",
      "triple_candidates": 1022191,
      "witness_sha256": null
    },
    {
      "exit_code": 20,
      "exit_file_sha256": "5378796307535df3ec8d8b15a2e2dc5641419c3d3060cfe32238c0fa973f7aa3",
      "external_real_seconds": 125.19,
      "external_system_seconds": 0.18,
      "external_user_seconds": 124.16,
      "final_pool_candidates": 0,
      "maximum_resident_set_size_bytes": 1383165952,
      "pair_candidates": 16063299,
      "resource_log_sha256": "aea1d75fd0d3c16b8996658b0a9871dbf11addbd25dcf560efc352fb10a70294",
      "root_row_pair": 24,
      "roots_examined": 14743,
      "search_seconds": 116.666,
      "status": "COMPLETE_NO_WITNESS",
      "stdout_sha256": "409d3d1b914c25734cc2f1c73270442d91758e9f40fd4881aad188781173c167",
      "triple_candidates": 561715,
      "witness_sha256": null
    },
    {
      "exit_code": 20,
      "exit_file_sha256": "5378796307535df3ec8d8b15a2e2dc5641419c3d3060cfe32238c0fa973f7aa3",
      "external_real_seconds": 127.91,
      "external_system_seconds": 0.2,
      "external_user_seconds": 126.99,
      "final_pool_candidates": 0,
      "maximum_resident_set_size_bytes": 1383841792,
      "pair_candidates": 14240682,
      "resource_log_sha256": "3a2e56c1c39bed9e2a834b459acd3990d6b4fa001bca2e71ae63764c6bf7a76f",
      "root_row_pair": 25,
      "roots_examined": 11243,
      "search_seconds": 119.412,
      "status": "COMPLETE_NO_WITNESS",
      "stdout_sha256": "ba80f224b18b89165e4105b966ab79b1cea1fcfa859b24e9ebd2659ede77ffb6",
      "triple_candidates": 644400,
      "witness_sha256": null
    },
    {
      "exit_code": 20,
      "exit_file_sha256": "5378796307535df3ec8d8b15a2e2dc5641419c3d3060cfe32238c0fa973f7aa3",
      "external_real_seconds": 100.71,
      "external_system_seconds": 0.2,
      "external_user_seconds": 99.92,
      "final_pool_candidates": 0,
      "maximum_resident_set_size_bytes": 1385914368,
      "pair_candidates": 11088008,
      "resource_log_sha256": "d529563365aee7d9dc6d86fff166facf2b9ba5886e3c2b1cc93e240d19b07877",
      "root_row_pair": 26,
      "roots_examined": 8607,
      "search_seconds": 92.1747,
      "status": "COMPLETE_NO_WITNESS",
      "stdout_sha256": "eb84321dcdd615af0b53672d4e060a216033e161483815e2e179b58e569c5944",
      "triple_candidates": 486177,
      "witness_sha256": null
    },
    {
      "exit_code": 20,
      "exit_file_sha256": "5378796307535df3ec8d8b15a2e2dc5641419c3d3060cfe32238c0fa973f7aa3",
      "external_real_seconds": 172.64,
      "external_system_seconds": 0.2,
      "external_user_seconds": 171.54,
      "final_pool_candidates": 0,
      "maximum_resident_set_size_bytes": 1383813120,
      "pair_candidates": 33540206,
      "resource_log_sha256": "c289990e3cc177abd28d2e6e49d5ae4e736fba3b5bb08afbd7c805a442cb4cdc",
      "root_row_pair": 27,
      "roots_examined": 56069,
      "search_seconds": 164.136,
      "status": "COMPLETE_NO_WITNESS",
      "stdout_sha256": "a7d58388db57ac4f68ea8731178a8fbac9ab7b14c72369e014813fd31095654c",
      "triple_candidates": 442057,
      "witness_sha256": null
    },
    {
      "exit_code": 20,
      "exit_file_sha256": "5378796307535df3ec8d8b15a2e2dc5641419c3d3060cfe32238c0fa973f7aa3",
      "external_real_seconds": 127.1,
      "external_system_seconds": 0.19,
      "external_user_seconds": 126.24,
      "final_pool_candidates": 0,
      "maximum_resident_set_size_bytes": 1383895040,
      "pair_candidates": 23943663,
      "resource_log_sha256": "c67f66980496e26cc661ee302edbe7a0974524ee99ff9895b127558d33f82022",
      "root_row_pair": 28,
      "roots_examined": 33088,
      "search_seconds": 118.625,
      "status": "COMPLETE_NO_WITNESS",
      "stdout_sha256": "3946fed8dedbcfb08e3589091c574ef5daf77aae324436c36b1330952d136651",
      "triple_candidates": 376547,
      "witness_sha256": null
    },
    {
      "exit_code": 20,
      "exit_file_sha256": "5378796307535df3ec8d8b15a2e2dc5641419c3d3060cfe32238c0fa973f7aa3",
      "external_real_seconds": 163.25,
      "external_system_seconds": 0.16,
      "external_user_seconds": 161.99,
      "final_pool_candidates": 0,
      "maximum_resident_set_size_bytes": 1385267200,
      "pair_candidates": 33296333,
      "resource_log_sha256": "b9e521e6c4f61e910de50f8d097a1cad57732fb5b6aa49af424791cbceb7580c",
      "root_row_pair": 29,
      "roots_examined": 60447,
      "search_seconds": 155.064,
      "status": "COMPLETE_NO_WITNESS",
      "stdout_sha256": "aef8d299002fd62c84c22659b4dcde25ce697157c3c92664c48a9495e9552243",
      "triple_candidates": 452297,
      "witness_sha256": null
    },
    {
      "exit_code": 20,
      "exit_file_sha256": "5378796307535df3ec8d8b15a2e2dc5641419c3d3060cfe32238c0fa973f7aa3",
      "external_real_seconds": 111.64,
      "external_system_seconds": 0.17,
      "external_user_seconds": 110.69,
      "final_pool_candidates": 0,
      "maximum_resident_set_size_bytes": 1385263104,
      "pair_candidates": 20368391,
      "resource_log_sha256": "7243ec28555b8e304980231a4980a4643c01fc3cc2dafa36d3912f944a5ac7ad",
      "root_row_pair": 30,
      "roots_examined": 24588,
      "search_seconds": 103.453,
      "status": "COMPLETE_NO_WITNESS",
      "stdout_sha256": "23521b1f155b52ca0ccfa4d32606ee78b417c70509804fe09d21b27f82c4ee31",
      "triple_candidates": 417932,
      "witness_sha256": null
    },
    {
      "exit_code": 20,
      "exit_file_sha256": "5378796307535df3ec8d8b15a2e2dc5641419c3d3060cfe32238c0fa973f7aa3",
      "external_real_seconds": 126.72,
      "external_system_seconds": 0.16,
      "external_user_seconds": 125.64,
      "final_pool_candidates": 0,
      "maximum_resident_set_size_bytes": 1385267200,
      "pair_candidates": 21788095,
      "resource_log_sha256": "04bef8e7f67577f9a89e401d784ebd20bcf49f0d0b1307f1bf275d1fe58d1e48",
      "root_row_pair": 31,
      "roots_examined": 22640,
      "search_seconds": 118.55,
      "status": "COMPLETE_NO_WITNESS",
      "stdout_sha256": "d468db81087272d3dd7cbe4de6131825731fcbdded9e952770562708e24f3929",
      "triple_candidates": 494640,
      "witness_sha256": null
    },
    {
      "exit_code": 20,
      "exit_file_sha256": "5378796307535df3ec8d8b15a2e2dc5641419c3d3060cfe32238c0fa973f7aa3",
      "external_real_seconds": 60.68,
      "external_system_seconds": 0.18,
      "external_user_seconds": 60.13,
      "final_pool_candidates": 0,
      "maximum_resident_set_size_bytes": 1384304640,
      "pair_candidates": 8941345,
      "resource_log_sha256": "34401265504493d9f45b14ee663da8cd93b94f3169aa80b1c1c0667011b4de6b",
      "root_row_pair": 32,
      "roots_examined": 9112,
      "search_seconds": 52.4756,
      "status": "COMPLETE_NO_WITNESS",
      "stdout_sha256": "4e42c89ecd278ed01f8fecfac3a232496fd3894a2791fc6278467ba56eddf2da",
      "triple_candidates": 225373,
      "witness_sha256": null
    },
    {
      "exit_code": 20,
      "exit_file_sha256": "5378796307535df3ec8d8b15a2e2dc5641419c3d3060cfe32238c0fa973f7aa3",
      "external_real_seconds": 92.96,
      "external_system_seconds": 0.18,
      "external_user_seconds": 92.23,
      "final_pool_candidates": 0,
      "maximum_resident_set_size_bytes": 1384140800,
      "pair_candidates": 13930100,
      "resource_log_sha256": "e8e57416f9833de16c44d1bfe95bc37a029bc0b8b7890a86972c20db5d0efcf1",
      "root_row_pair": 33,
      "roots_examined": 12977,
      "search_seconds": 84.7601,
      "status": "COMPLETE_NO_WITNESS",
      "stdout_sha256": "053334484ee25f4fbe515c496cdccb6a8df3ed502cdcb419efa9ff76dd93c414",
      "triple_candidates": 394808,
      "witness_sha256": null
    },
    {
      "exit_code": 20,
      "exit_file_sha256": "5378796307535df3ec8d8b15a2e2dc5641419c3d3060cfe32238c0fa973f7aa3",
      "external_real_seconds": 126.67,
      "external_system_seconds": 0.18,
      "external_user_seconds": 125.66,
      "final_pool_candidates": 0,
      "maximum_resident_set_size_bytes": 1384304640,
      "pair_candidates": 28834025,
      "resource_log_sha256": "0e84d94711897205d53bec6ebde8336f66867e8502b6a7fc47fe4dee70313d8c",
      "root_row_pair": 34,
      "roots_examined": 96762,
      "search_seconds": 118.516,
      "status": "COMPLETE_NO_WITNESS",
      "stdout_sha256": "b280a953b569f5adb9a9c564ce30b323be1fe3135bace64209ce91cc2767d178",
      "triple_candidates": 130494,
      "witness_sha256": null
    },
    {
      "exit_code": 20,
      "exit_file_sha256": "5378796307535df3ec8d8b15a2e2dc5641419c3d3060cfe32238c0fa973f7aa3",
      "external_real_seconds": 138.11,
      "external_system_seconds": 0.17,
      "external_user_seconds": 137.01,
      "final_pool_candidates": 0,
      "maximum_resident_set_size_bytes": 1383817216,
      "pair_candidates": 29184103,
      "resource_log_sha256": "4f7e4b243f56acd5059f4941ab1bffe00fd864198dc8b3ab326de9af53a4eb6e",
      "root_row_pair": 35,
      "roots_examined": 142840,
      "search_seconds": 129.999,
      "status": "COMPLETE_NO_WITNESS",
      "stdout_sha256": "014cd74f465f7e258b4c762e368793a48c768b3bc7d5d5ed7ee3758df40766df",
      "triple_candidates": 119049,
      "witness_sha256": null
    },
    {
      "exit_code": 20,
      "exit_file_sha256": "5378796307535df3ec8d8b15a2e2dc5641419c3d3060cfe32238c0fa973f7aa3",
      "external_real_seconds": 98.01,
      "external_system_seconds": 0.18,
      "external_user_seconds": 97.2,
      "final_pool_candidates": 0,
      "maximum_resident_set_size_bytes": 1383804928,
      "pair_candidates": 21726637,
      "resource_log_sha256": "4169bdddb7e3ea58c046f7752ea2667a5140e2d567a7e2af7da41c98f42d340b",
      "root_row_pair": 36,
      "roots_examined": 56613,
      "search_seconds": 89.9225,
      "status": "COMPLETE_NO_WITNESS",
      "stdout_sha256": "82670ce081170a8b4c2b1eefe713d5f063ef79d48dcae23cdbd9d93fb88bb8ea",
      "triple_candidates": 129131,
      "witness_sha256": null
    },
    {
      "exit_code": 20,
      "exit_file_sha256": "5378796307535df3ec8d8b15a2e2dc5641419c3d3060cfe32238c0fa973f7aa3",
      "external_real_seconds": 79.82,
      "external_system_seconds": 0.16,
      "external_user_seconds": 79.19,
      "final_pool_candidates": 0,
      "maximum_resident_set_size_bytes": 1385914368,
      "pair_candidates": 18306739,
      "resource_log_sha256": "af660e99caac7542fa9f75bfb864757e0e3303e5a52f9ed29da8c031d3c0397c",
      "root_row_pair": 37,
      "roots_examined": 42404,
      "search_seconds": 71.9192,
      "status": "COMPLETE_NO_WITNESS",
      "stdout_sha256": "480d431cf2a04eb23abe4de5455dac8cabce6a328b40d853f3c2e78386c6dfc4",
      "triple_candidates": 119065,
      "witness_sha256": null
    },
    {
      "exit_code": 20,
      "exit_file_sha256": "5378796307535df3ec8d8b15a2e2dc5641419c3d3060cfe32238c0fa973f7aa3",
      "external_real_seconds": 87.01,
      "external_system_seconds": 0.18,
      "external_user_seconds": 86.06,
      "final_pool_candidates": 0,
      "maximum_resident_set_size_bytes": 1383989248,
      "pair_candidates": 18296042,
      "resource_log_sha256": "c3e3ac602e96151214e11f5e07193187c8fbc2e1c381e67592468697411a2766",
      "root_row_pair": 38,
      "roots_examined": 35334,
      "search_seconds": 78.8434,
      "status": "COMPLETE_NO_WITNESS",
      "stdout_sha256": "0bff1efa2e37bb4b663e8d3074906d228955724c3b09308043f6383417138a9c",
      "triple_candidates": 157799,
      "witness_sha256": null
    },
    {
      "exit_code": 20,
      "exit_file_sha256": "5378796307535df3ec8d8b15a2e2dc5641419c3d3060cfe32238c0fa973f7aa3",
      "external_real_seconds": 57.14,
      "external_system_seconds": 0.19,
      "external_user_seconds": 56.49,
      "final_pool_candidates": 0,
      "maximum_resident_set_size_bytes": 1383141376,
      "pair_candidates": 12115510,
      "resource_log_sha256": "9a463adc5d19d30ec4e7c32fb5b3e80195adf59d96add3150338de974927bcce",
      "root_row_pair": 39,
      "roots_examined": 24418,
      "search_seconds": 49.2136,
      "status": "COMPLETE_NO_WITNESS",
      "stdout_sha256": "97ad07593dfb923e0a819845b479a01f9a77a2c8622a4896d24e5afe19fae5ff",
      "triple_candidates": 96037,
      "witness_sha256": null
    },
    {
      "exit_code": 20,
      "exit_file_sha256": "5378796307535df3ec8d8b15a2e2dc5641419c3d3060cfe32238c0fa973f7aa3",
      "external_real_seconds": 44.68,
      "external_system_seconds": 0.17,
      "external_user_seconds": 44.26,
      "final_pool_candidates": 0,
      "maximum_resident_set_size_bytes": 1383813120,
      "pair_candidates": 7885281,
      "resource_log_sha256": "dfe23e77ee0051c028c6f442bdba834765e80056ea4f9029bcdbf479811acf6d",
      "root_row_pair": 40,
      "roots_examined": 108461,
      "search_seconds": 36.7191,
      "status": "COMPLETE_NO_WITNESS",
      "stdout_sha256": "6de4d2cbc9a71491ca3b5d1014ed9931ee488492f1d3d085f2ae1b6f82f714d1",
      "triple_candidates": 7860,
      "witness_sha256": null
    },
    {
      "exit_code": 20,
      "exit_file_sha256": "5378796307535df3ec8d8b15a2e2dc5641419c3d3060cfe32238c0fa973f7aa3",
      "external_real_seconds": 28.42,
      "external_system_seconds": 0.15,
      "external_user_seconds": 28.11,
      "final_pool_candidates": 0,
      "maximum_resident_set_size_bytes": 1385263104,
      "pair_candidates": 5055970,
      "resource_log_sha256": "b5707a44beb27a915f2fd18548936b90e7aa8e0a0811538eaf8ebb01f28717d7",
      "root_row_pair": 41,
      "roots_examined": 34404,
      "search_seconds": 20.4763,
      "status": "COMPLETE_NO_WITNESS",
      "stdout_sha256": "00cdcdcb4f2ae6698f92a1e6bcc485bb0dce3c6a35d2d9990f45155ec8653c85",
      "triple_candidates": 6295,
      "witness_sha256": null
    },
    {
      "exit_code": 20,
      "exit_file_sha256": "5378796307535df3ec8d8b15a2e2dc5641419c3d3060cfe32238c0fa973f7aa3",
      "external_real_seconds": 31.09,
      "external_system_seconds": 0.13,
      "external_user_seconds": 30.77,
      "final_pool_candidates": 0,
      "maximum_resident_set_size_bytes": 1386237952,
      "pair_candidates": 5664269,
      "resource_log_sha256": "4f9bef684757def5d31ce90f232010940b282aa3f50f0b2785a9154ffbefb1a4",
      "root_row_pair": 42,
      "roots_examined": 30231,
      "search_seconds": 23.1132,
      "status": "COMPLETE_NO_WITNESS",
      "stdout_sha256": "e4cdccc25ddcb271b94b6e81cd2191510468fb72deb87cdf34560bbd88018fee",
      "triple_candidates": 8178,
      "witness_sha256": null
    },
    {
      "exit_code": 20,
      "exit_file_sha256": "5378796307535df3ec8d8b15a2e2dc5641419c3d3060cfe32238c0fa973f7aa3",
      "external_real_seconds": 22.6,
      "external_system_seconds": 0.17,
      "external_user_seconds": 22.14,
      "final_pool_candidates": 0,
      "maximum_resident_set_size_bytes": 1383817216,
      "pair_candidates": 3723926,
      "resource_log_sha256": "d659213a7346f443c07e40057c8d04a3476fc9aeadf40e5bd9aea80545ca2b1c",
      "root_row_pair": 43,
      "roots_examined": 17121,
      "search_seconds": 14.599,
      "status": "COMPLETE_NO_WITNESS",
      "stdout_sha256": "939ab1dca5e92c1f165c9ae559f54b290628aca3a84cce18a12f9f017ee589a5",
      "triple_candidates": 6527,
      "witness_sha256": null
    },
    {
      "exit_code": 20,
      "exit_file_sha256": "5378796307535df3ec8d8b15a2e2dc5641419c3d3060cfe32238c0fa973f7aa3",
      "external_real_seconds": 25.32,
      "external_system_seconds": 0.16,
      "external_user_seconds": 25.0,
      "final_pool_candidates": 0,
      "maximum_resident_set_size_bytes": 1385914368,
      "pair_candidates": 4485288,
      "resource_log_sha256": "191184bdbb0d788b8015bcd373cd3625bc99ecd5ab5544819f37091d7fc7aea8",
      "root_row_pair": 44,
      "roots_examined": 19397,
      "search_seconds": 16.9365,
      "status": "COMPLETE_NO_WITNESS",
      "stdout_sha256": "c4cf639d6c3bb019b44d7b90f62bb50631d596fb94e5b9501e6e5198e821daaf",
      "triple_candidates": 8540,
      "witness_sha256": null
    },
    {
      "exit_code": 20,
      "exit_file_sha256": "5378796307535df3ec8d8b15a2e2dc5641419c3d3060cfe32238c0fa973f7aa3",
      "external_real_seconds": 14.3,
      "external_system_seconds": 0.2,
      "external_user_seconds": 14.0,
      "final_pool_candidates": 0,
      "maximum_resident_set_size_bytes": 1385263104,
      "pair_candidates": 1608801,
      "resource_log_sha256": "b11d71c7f0a37cdd461cfb6f573376057e85ae5383a7ead7f2346220c687e135",
      "root_row_pair": 45,
      "roots_examined": 63902,
      "search_seconds": 6.42538,
      "status": "COMPLETE_NO_WITNESS",
      "stdout_sha256": "56ed23edbe96bcfe0bdc0560c48a02d3f28b5b4040618f5c57a4deaa1e22b6b6",
      "triple_candidates": 0,
      "witness_sha256": null
    },
    {
      "exit_code": 20,
      "exit_file_sha256": "5378796307535df3ec8d8b15a2e2dc5641419c3d3060cfe32238c0fa973f7aa3",
      "external_real_seconds": 13.66,
      "external_system_seconds": 0.16,
      "external_user_seconds": 13.42,
      "final_pool_candidates": 0,
      "maximum_resident_set_size_bytes": 1385910272,
      "pair_candidates": 1205815,
      "resource_log_sha256": "5117d956df5f9e8e73081fed780bcea1cb4dc62b3c68f4bb01df7248fa47af9a",
      "root_row_pair": 46,
      "roots_examined": 42363,
      "search_seconds": 5.75069,
      "status": "COMPLETE_NO_WITNESS",
      "stdout_sha256": "27f38e017ce7edc394b165e809f6e334cf9cd192c25c8e159531fc40bc4a96c7",
      "triple_candidates": 0,
      "witness_sha256": null
    },
    {
      "exit_code": 20,
      "exit_file_sha256": "5378796307535df3ec8d8b15a2e2dc5641419c3d3060cfe32238c0fa973f7aa3",
      "external_real_seconds": 14.43,
      "external_system_seconds": 0.15,
      "external_user_seconds": 14.18,
      "final_pool_candidates": 0,
      "maximum_resident_set_size_bytes": 1385267200,
      "pair_candidates": 1200567,
      "resource_log_sha256": "69818d2626c661fa93af808c3a82724157077ee79a12e6323e7824a86c8cbd10",
      "root_row_pair": 47,
      "roots_examined": 28279,
      "search_seconds": 5.95194,
      "status": "COMPLETE_NO_WITNESS",
      "stdout_sha256": "05baae664aa7047c4e29df7c2ea97f9d0c6b4ed028151176c64cb205d098543d",
      "triple_candidates": 0,
      "witness_sha256": null
    },
    {
      "exit_code": 20,
      "exit_file_sha256": "5378796307535df3ec8d8b15a2e2dc5641419c3d3060cfe32238c0fa973f7aa3",
      "external_real_seconds": 13.44,
      "external_system_seconds": 0.15,
      "external_user_seconds": 13.2,
      "final_pool_candidates": 0,
      "maximum_resident_set_size_bytes": 1383165952,
      "pair_candidates": 1200041,
      "resource_log_sha256": "1de13922d10900f79b1abd4cb2c72c76aee488d6766d0a8a74bfecdc49b14557",
      "root_row_pair": 48,
      "roots_examined": 27726,
      "search_seconds": 5.58974,
      "status": "COMPLETE_NO_WITNESS",
      "stdout_sha256": "cefa1e2257f1cebc4f7389cb888d84bf8bb7629633546772510a49617d61b64c",
      "triple_candidates": 0,
      "witness_sha256": null
    },
    {
      "exit_code": 20,
      "exit_file_sha256": "5378796307535df3ec8d8b15a2e2dc5641419c3d3060cfe32238c0fa973f7aa3",
      "external_real_seconds": 8.43,
      "external_system_seconds": 0.15,
      "external_user_seconds": 8.23,
      "final_pool_candidates": 0,
      "maximum_resident_set_size_bytes": 1383825408,
      "pair_candidates": 106892,
      "resource_log_sha256": "970952556b0dd0387a14c4ab38a8b29ed75a85ba1c116251535e0e3169eba383",
      "root_row_pair": 49,
      "roots_examined": 17072,
      "search_seconds": 0.566296,
      "status": "COMPLETE_NO_WITNESS",
      "stdout_sha256": "192e14738fb9af9da82e11948ad467cfa550aa3aa97d633f24c730de9ac41e8f",
      "triple_candidates": 0,
      "witness_sha256": null
    },
    {
      "exit_code": 20,
      "exit_file_sha256": "5378796307535df3ec8d8b15a2e2dc5641419c3d3060cfe32238c0fa973f7aa3",
      "external_real_seconds": 8.41,
      "external_system_seconds": 0.14,
      "external_user_seconds": 8.2,
      "final_pool_candidates": 0,
      "maximum_resident_set_size_bytes": 1383165952,
      "pair_candidates": 79362,
      "resource_log_sha256": "523ee2a70a9997510af6bebc6050a064b8cd39e58526e6b723c7d2f0467b8d4a",
      "root_row_pair": 50,
      "roots_examined": 9272,
      "search_seconds": 0.431603,
      "status": "COMPLETE_NO_WITNESS",
      "stdout_sha256": "44659e680b767ff9dfdc1b6beac36f1a8e0c80bb2c2019c73b88ae5cedd1bab8",
      "triple_candidates": 0,
      "witness_sha256": null
    },
    {
      "exit_code": 20,
      "exit_file_sha256": "5378796307535df3ec8d8b15a2e2dc5641419c3d3060cfe32238c0fa973f7aa3",
      "external_real_seconds": 8.67,
      "external_system_seconds": 0.16,
      "external_user_seconds": 8.43,
      "final_pool_candidates": 0,
      "maximum_resident_set_size_bytes": 1386237952,
      "pair_candidates": 98590,
      "resource_log_sha256": "37524f01001e996993d0b595fbf0b0ea3c02db99bfb2c09801d03ab3ae3d4dee",
      "root_row_pair": 51,
      "roots_examined": 9441,
      "search_seconds": 0.626919,
      "status": "COMPLETE_NO_WITNESS",
      "stdout_sha256": "47ef67cdd2066bce9bc640f39d0aa235860688e691e4cb61409dc9720af33eff",
      "triple_candidates": 0,
      "witness_sha256": null
    },
    {
      "exit_code": 20,
      "exit_file_sha256": "5378796307535df3ec8d8b15a2e2dc5641419c3d3060cfe32238c0fa973f7aa3",
      "external_real_seconds": 8.19,
      "external_system_seconds": 0.14,
      "external_user_seconds": 7.99,
      "final_pool_candidates": 0,
      "maximum_resident_set_size_bytes": 1386237952,
      "pair_candidates": 0,
      "resource_log_sha256": "1500880894f9d1ab1e4af78b349d68b43ca1b99e0b04cc66eb9715b3f2761c54",
      "root_row_pair": 52,
      "roots_examined": 7584,
      "search_seconds": 0.186842,
      "status": "COMPLETE_NO_WITNESS",
      "stdout_sha256": "e504a0dd19a950f386c0b2c7051523a2d0a652f3147cb9572248b79c485dece0",
      "triple_candidates": 0,
      "witness_sha256": null
    },
    {
      "exit_code": 20,
      "exit_file_sha256": "5378796307535df3ec8d8b15a2e2dc5641419c3d3060cfe32238c0fa973f7aa3",
      "external_real_seconds": 8.2,
      "external_system_seconds": 0.15,
      "external_user_seconds": 7.98,
      "final_pool_candidates": 0,
      "maximum_resident_set_size_bytes": 1385914368,
      "pair_candidates": 0,
      "resource_log_sha256": "0fe51a2a6069918090676b7d9ea4ddbedcf6231356d8ffc807c4ec67cc0399cc",
      "root_row_pair": 53,
      "roots_examined": 6768,
      "search_seconds": 0.166607,
      "status": "COMPLETE_NO_WITNESS",
      "stdout_sha256": "4d61cf3636bd7b8516f8798d9a3293da681152b3b3bb7206eb7bf5035e1496a1",
      "triple_candidates": 0,
      "witness_sha256": null
    },
    {
      "exit_code": 20,
      "exit_file_sha256": "5378796307535df3ec8d8b15a2e2dc5641419c3d3060cfe32238c0fa973f7aa3",
      "external_real_seconds": 8.17,
      "external_system_seconds": 0.15,
      "external_user_seconds": 7.94,
      "final_pool_candidates": 0,
      "maximum_resident_set_size_bytes": 1384136704,
      "pair_candidates": 0,
      "resource_log_sha256": "304a73a4f70f447de2c033ea01d023a52098e1d6b3feab10681e684a859922d6",
      "root_row_pair": 54,
      "roots_examined": 4823,
      "search_seconds": 0.121151,
      "status": "COMPLETE_NO_WITNESS",
      "stdout_sha256": "d3b5dea4a1b26fbc2df14718e2089432a94d53a709212a66282378b8bd8bb93b",
      "triple_candidates": 0,
      "witness_sha256": null
    }
  ],
  "shards": 55,
  "status": "PASS",
  "status_histogram": {
    "COMPLETE_NO_WITNESS": 55
  },
  "sum_search_seconds": 6634.436268000002,
  "witnesses": []
}
